15-17-49_01-10-2024  - INFO - ChromTroller.py - Loaded chromtroller settings successfully
15-17-49_01-10-2024  - INFO - ChromTroller.py - Set RunLog path successfully
15-17-49_01-10-2024  - INFO - ct_server.py - Server loaded connection ids from .json file successfully
15-17-49_01-10-2024  - INFO - ct_server.py - Server listening on port: 10989
15-17-49_01-10-2024  - INFO - ChromTroller.py - Server Initialization: SUCCESS 
15-17-49_01-10-2024  - INFO - ct_controller.py - Loaded hardware settings successfully
15-17-51_01-10-2024  - INFO - ct_controller.py - Phase sensor monitoring started on separate thread.
15-17-51_01-10-2024  - INFO - ct_controller.py - Controller Object Initialized Successfully
15-17-51_01-10-2024  - INFO - ChromTroller.py - Controller Connection: SUCCESS 
15-22-26_01-10-2024  - INFO - ct_server.py - Client connected at 15:22:26_01-10-2024
15-34-02_01-10-2024  - INFO - ChromTroller.py - Command received: new_run_name with data: Test_01Oct2024
15-34-02_01-10-2024  - INFO - ChromTroller.py - New RunLog created: Test_01Oct2024
15-34-02_01-10-2024  - INFO - ChromTroller.py - Command received: set_run_conc with data: 0.1
15-34-02_01-10-2024  - INFO - ChromTroller.py - Command received: add_reagents with data: ['Polystyrene', 0.1, 'tBuOOH', 8, 'NBS', 0.3]
15-34-02_01-10-2024  - INFO - ChromTroller.py - RunLog updated with reagents: ['Polystyrene', 0.1, 'tBuOOH', 8, 'NBS', 0.3]
15-34-02_01-10-2024  - INFO - ChromTroller.py - Command received: add_reaction_conditions with data: {'residence_time': 120, 'light_intensity': 10}
15-34-02_01-10-2024  - INFO - ChromTroller.py - RunLog updated with conditions: {'residence_time': 120, 'light_intensity': 10}
15-34-02_01-10-2024  - INFO - ChromTroller.py - Command received: start_hplc_run with data: None
15-34-02_01-10-2024  - INFO - ChromTroller.py - HPLC analysis initiated
15-34-02_01-10-2024  - INFO - ct_controller.py - {'HPLC_analysis': 'INITIATED'}
15-34-02_01-10-2024  - INFO - ct_controller.py - {'hardware_connection_check': {'Arduino': 'SUCCESS', 'Valve': 'SUCCESS', 'Phase_Sensor': 'SUCCESS', 'LCMS': 'SUCCESS'}}
15-34-02_01-10-2024  - INFO - ct_controller.py - {'filling_pos_check': 'SUCCESS'}
15-34-02_01-10-2024  - INFO - ct_controller.py - {'ps_sample_detection': 'BYPASSED'}
15-34-02_01-10-2024  - INFO - ct_controller.py - {'send_start_signal': 'SUCCESS'}
15-34-02_01-10-2024  - INFO - ct_controller.py - {'start_request_acknowledged': 'INITIATED'}
15-34-02_01-10-2024  - INFO - ct_controller.py - {'start_request_acknowledged': 'SUCCESS'}
15-34-02_01-10-2024  - INFO - ct_controller.py - {'start_signal': 'WAITING'}
15-34-22_01-10-2024  - INFO - ct_controller.py - {'start_signal': 'SUCCESS'}
15-34-22_01-10-2024  - INFO - ct_controller.py - {'valve_switched_to_load': 'INITIATED'}
15-34-23_01-10-2024  - INFO - ct_controller.py - {'valve_switched_to_load': 'SUCCESS'}
15-34-23_01-10-2024  - INFO - ct_controller.py - {'sample_loading': 'WAITING'}
15-34-48_01-10-2024  - INFO - ct_controller.py - {'sample_loading': 'SUCCESS'}
15-34-48_01-10-2024  - INFO - ct_controller.py - {'valve_returned_to_bypass': 'SUCCESS'}
15-34-48_01-10-2024  - INFO - ct_controller.py - {'analysis_cycle_started': 'SUCCESS'}
15-34-48_01-10-2024  - INFO - ChromTroller.py - HPLC analysis initiation: SUCCESS
15-34-48_01-10-2024  - INFO - ct_server.py - Response sent to client: SUCCESS
15-34-48_01-10-2024  - INFO - ChromTroller.py - Command received: start_file_monitoring with data: None
15-34-48_01-10-2024  - INFO - ChromTroller.py - Current results directory set to: D:\CDSProjects\Polymer_Degradation\Results\Tests_01102024.rslt
15-34-48_01-10-2024  - INFO - ChromTroller.py - File Monitoring Started.
15-38-25_01-10-2024  - INFO - ct_monitor.py - New File identified by ct_monitor: 2024-10-01 15-28-44+02-00-03.dx
15-38-25_01-10-2024  - INFO - ct_monitor.py - 2024-10-01 15-28-44+02-00-03.dx
15-38-26_01-10-2024  - INFO - ChromTroller.py - New File Found: 2024-10-01 15-28-44+02-00-03.dx
15-38-26_01-10-2024  - INFO - ct_server.py - Response sent to client: 2024-10-01 15-28-44+02-00-03.dx
15-38-26_01-10-2024  - INFO - ChromTroller.py - Command received: run_data_analysis with data: None
15-38-26_01-10-2024  - INFO - ChromTroller.py - Current results directory set to: D:\CDSProjects\Polymer_Degradation\Results\Tests_01102024.rslt
15-38-26_01-10-2024  - INFO - ct_analyser.py - loaded analysis settings from json
15-38-26_01-10-2024  - INFO - ct_analyser.py - settings object created from analysis json
15-38-26_01-10-2024  - INFO - ct_analyser.py - Analyser Object Initialized Successfully
15-50-53_01-10-2024  - INFO - ct_server.py - Client connected at 15:50:53_01-10-2024
16-03-19_01-10-2024  - INFO - ChromTroller.py - Command received: new_run_name with data: Test_01Oct2024
16-03-19_01-10-2024  - INFO - ChromTroller.py - New RunLog created: Test_01Oct2024
16-03-19_01-10-2024  - INFO - ChromTroller.py - Command received: set_run_conc with data: 0.1
16-03-19_01-10-2024  - INFO - ChromTroller.py - Command received: add_reagents with data: ['Polystyrene', 0.1, 'tBuOOH', 8, 'NBS', 0.3]
16-03-19_01-10-2024  - INFO - ChromTroller.py - RunLog updated with reagents: ['Polystyrene', 0.1, 'tBuOOH', 8, 'NBS', 0.3]
16-03-19_01-10-2024  - INFO - ChromTroller.py - Command received: add_reaction_conditions with data: {'residence_time': 120, 'light_intensity': 10}
16-03-19_01-10-2024  - INFO - ChromTroller.py - RunLog updated with conditions: {'residence_time': 120, 'light_intensity': 10}
16-03-19_01-10-2024  - INFO - ChromTroller.py - Command received: start_hplc_run with data: None
16-03-19_01-10-2024  - INFO - ChromTroller.py - HPLC analysis initiated
16-03-19_01-10-2024  - INFO - ct_controller.py - {'HPLC_analysis': 'INITIATED'}
16-03-19_01-10-2024  - INFO - ct_controller.py - {'hardware_connection_check': {'Arduino': 'SUCCESS', 'Valve': 'SUCCESS', 'Phase_Sensor': 'SUCCESS', 'LCMS': 'SUCCESS'}}
16-03-19_01-10-2024  - INFO - ct_controller.py - {'filling_pos_check': 'SUCCESS'}
16-03-19_01-10-2024  - INFO - ct_controller.py - {'ps_sample_detection': 'BYPASSED'}
16-03-19_01-10-2024  - INFO - ct_controller.py - {'send_start_signal': 'SUCCESS'}
16-03-19_01-10-2024  - INFO - ct_controller.py - {'start_request_acknowledged': 'INITIATED'}
16-03-19_01-10-2024  - INFO - ct_controller.py - {'start_request_acknowledged': 'SUCCESS'}
16-03-20_01-10-2024  - INFO - ct_controller.py - {'start_signal': 'WAITING'}
16-03-40_01-10-2024  - INFO - ct_controller.py - {'start_signal': 'SUCCESS'}
16-03-40_01-10-2024  - INFO - ct_controller.py - {'valve_switched_to_load': 'INITIATED'}
16-03-40_01-10-2024  - INFO - ct_controller.py - {'valve_switched_to_load': 'SUCCESS'}
16-03-40_01-10-2024  - INFO - ct_controller.py - {'sample_loading': 'WAITING'}
16-04-05_01-10-2024  - INFO - ct_controller.py - {'sample_loading': 'SUCCESS'}
16-04-06_01-10-2024  - INFO - ct_controller.py - {'valve_returned_to_bypass': 'SUCCESS'}
16-04-06_01-10-2024  - INFO - ct_controller.py - {'analysis_cycle_started': 'SUCCESS'}
16-04-06_01-10-2024  - INFO - ChromTroller.py - HPLC analysis initiation: SUCCESS
16-04-06_01-10-2024  - INFO - ct_server.py - Response sent to client: SUCCESS
16-04-06_01-10-2024  - INFO - ChromTroller.py - Command received: start_file_monitoring with data: None
16-04-06_01-10-2024  - INFO - ChromTroller.py - Current results directory set to: D:\CDSProjects\Polymer_Degradation\Results\Tests_01102024.rslt
16-04-06_01-10-2024  - INFO - ChromTroller.py - File Monitoring Started.
16-07-44_01-10-2024  - INFO - ct_monitor.py - New File identified by ct_monitor: 2024-10-01 15-44-27+02-00-05.dx
16-07-44_01-10-2024  - INFO - ct_monitor.py - 2024-10-01 15-44-27+02-00-05.dx
16-07-44_01-10-2024  - INFO - ChromTroller.py - New File Found: 2024-10-01 15-44-27+02-00-05.dx
16-07-44_01-10-2024  - INFO - ct_server.py - Response sent to client: 2024-10-01 15-44-27+02-00-05.dx
16-07-44_01-10-2024  - INFO - ChromTroller.py - Command received: run_data_analysis with data: None
16-07-44_01-10-2024  - INFO - ChromTroller.py - Current results directory set to: D:\CDSProjects\Polymer_Degradation\Results\Tests_01102024.rslt
16-07-44_01-10-2024  - INFO - ct_analyser.py - loaded analysis settings from json
16-07-44_01-10-2024  - INFO - ct_analyser.py - settings object created from analysis json
16-07-44_01-10-2024  - INFO - ct_analyser.py - Analyser Object Initialized Successfully
16-17-28_01-10-2024  - INFO - ct_server.py - Client connected at 16:17:28_01-10-2024
16-36-01_01-10-2024  - INFO - ChromTroller.py - Command received: new_run_name with data: Test_01Oct2024
16-36-01_01-10-2024  - INFO - ChromTroller.py - New RunLog created: Test_01Oct2024
16-36-01_01-10-2024  - INFO - ChromTroller.py - Command received: set_run_conc with data: 0.1
16-36-01_01-10-2024  - INFO - ChromTroller.py - Command received: add_reagents with data: ['Polystyrene', 0.1, 'tBuOOH', 8, 'NBS', 0.3]
16-36-01_01-10-2024  - INFO - ChromTroller.py - RunLog updated with reagents: ['Polystyrene', 0.1, 'tBuOOH', 8, 'NBS', 0.3]
16-36-01_01-10-2024  - INFO - ChromTroller.py - Command received: add_reaction_conditions with data: {'residence_time': 120, 'light_intensity': 10}
16-36-01_01-10-2024  - INFO - ChromTroller.py - RunLog updated with conditions: {'residence_time': 120, 'light_intensity': 10}
16-36-01_01-10-2024  - INFO - ChromTroller.py - Command received: start_hplc_run with data: None
16-36-01_01-10-2024  - INFO - ChromTroller.py - HPLC analysis initiated
16-36-01_01-10-2024  - INFO - ct_controller.py - {'HPLC_analysis': 'INITIATED'}
16-36-01_01-10-2024  - INFO - ct_controller.py - {'hardware_connection_check': {'Arduino': 'SUCCESS', 'Valve': 'SUCCESS', 'Phase_Sensor': 'SUCCESS', 'LCMS': 'SUCCESS'}}
16-36-01_01-10-2024  - INFO - ct_controller.py - {'filling_pos_check': 'SUCCESS'}
16-36-01_01-10-2024  - INFO - ct_controller.py - {'ps_sample_detection': 'BYPASSED'}
16-36-01_01-10-2024  - INFO - ct_controller.py - {'send_start_signal': 'SUCCESS'}
16-36-01_01-10-2024  - INFO - ct_controller.py - {'start_request_acknowledged': 'INITIATED'}
16-36-01_01-10-2024  - INFO - ct_controller.py - {'start_request_acknowledged': 'SUCCESS'}
16-36-01_01-10-2024  - INFO - ct_controller.py - {'start_signal': 'WAITING'}
16-36-21_01-10-2024  - INFO - ct_controller.py - {'start_signal': 'SUCCESS'}
16-36-21_01-10-2024  - INFO - ct_controller.py - {'valve_switched_to_load': 'INITIATED'}
16-36-22_01-10-2024  - INFO - ct_controller.py - {'valve_switched_to_load': 'SUCCESS'}
16-36-22_01-10-2024  - INFO - ct_controller.py - {'sample_loading': 'WAITING'}
16-36-47_01-10-2024  - INFO - ct_controller.py - {'sample_loading': 'SUCCESS'}
16-36-47_01-10-2024  - INFO - ct_controller.py - {'valve_returned_to_bypass': 'SUCCESS'}
16-36-47_01-10-2024  - INFO - ct_controller.py - {'analysis_cycle_started': 'SUCCESS'}
16-36-47_01-10-2024  - INFO - ChromTroller.py - HPLC analysis initiation: SUCCESS
16-36-47_01-10-2024  - INFO - ct_server.py - Response sent to client: SUCCESS
16-36-47_01-10-2024  - INFO - ChromTroller.py - Command received: start_file_monitoring with data: None
16-36-47_01-10-2024  - INFO - ChromTroller.py - Current results directory set to: D:\CDSProjects\Polymer_Degradation\Results\Tests_01102024.rslt
16-36-47_01-10-2024  - INFO - ChromTroller.py - File Monitoring Started.
16-40-26_01-10-2024  - INFO - ct_monitor.py - New File identified by ct_monitor: 2024-10-01 16-13-46+02-00-07.dx
16-40-26_01-10-2024  - INFO - ct_monitor.py - 2024-10-01 16-13-46+02-00-07.dx
16-40-26_01-10-2024  - INFO - ChromTroller.py - New File Found: 2024-10-01 16-13-46+02-00-07.dx
16-40-26_01-10-2024  - INFO - ct_server.py - Response sent to client: 2024-10-01 16-13-46+02-00-07.dx
16-40-26_01-10-2024  - INFO - ChromTroller.py - Command received: run_data_analysis with data: None
16-40-26_01-10-2024  - INFO - ChromTroller.py - Current results directory set to: D:\CDSProjects\Polymer_Degradation\Results\Tests_01102024.rslt
16-40-26_01-10-2024  - INFO - ct_analyser.py - loaded analysis settings from json
16-40-26_01-10-2024  - INFO - ct_analyser.py - settings object created from analysis json
16-40-26_01-10-2024  - INFO - ct_analyser.py - Analyser Object Initialized Successfully
16-43-35_01-10-2024  - INFO - ct_server.py - Client connected at 16:43:35_01-10-2024
16-54-51_01-10-2024  - INFO - ChromTroller.py - Command received: new_run_name with data: Test_01Oct2024
16-54-51_01-10-2024  - INFO - ChromTroller.py - New RunLog created: Test_01Oct2024
16-54-51_01-10-2024  - INFO - ChromTroller.py - Command received: set_run_conc with data: 0.1
16-54-51_01-10-2024  - INFO - ChromTroller.py - Command received: add_reagents with data: ['Polystyrene', 0.1, 'tBuOOH', 8, 'NBS', 0.3]
16-54-51_01-10-2024  - INFO - ChromTroller.py - RunLog updated with reagents: ['Polystyrene', 0.1, 'tBuOOH', 8, 'NBS', 0.3]
16-54-51_01-10-2024  - INFO - ChromTroller.py - Command received: add_reaction_conditions with data: {'residence_time': 120, 'light_intensity': 10}
16-54-51_01-10-2024  - INFO - ChromTroller.py - RunLog updated with conditions: {'residence_time': 120, 'light_intensity': 10}
16-54-51_01-10-2024  - INFO - ChromTroller.py - Command received: start_hplc_run with data: None
16-54-51_01-10-2024  - INFO - ChromTroller.py - HPLC analysis initiated
16-54-51_01-10-2024  - INFO - ct_controller.py - {'HPLC_analysis': 'INITIATED'}
16-54-51_01-10-2024  - INFO - ct_controller.py - {'hardware_connection_check': {'Arduino': 'SUCCESS', 'Valve': 'SUCCESS', 'Phase_Sensor': 'SUCCESS', 'LCMS': 'SUCCESS'}}
16-54-51_01-10-2024  - INFO - ct_controller.py - {'filling_pos_check': 'SUCCESS'}
16-54-51_01-10-2024  - INFO - ct_controller.py - {'ps_sample_detection': 'BYPASSED'}
16-54-51_01-10-2024  - INFO - ct_controller.py - {'send_start_signal': 'SUCCESS'}
16-54-51_01-10-2024  - INFO - ct_controller.py - {'start_request_acknowledged': 'INITIATED'}
16-54-51_01-10-2024  - INFO - ct_controller.py - {'start_request_acknowledged': 'SUCCESS'}
16-54-51_01-10-2024  - INFO - ct_controller.py - {'start_signal': 'WAITING'}
16-55-11_01-10-2024  - INFO - ct_controller.py - {'start_signal': 'SUCCESS'}
16-55-11_01-10-2024  - INFO - ct_controller.py - {'valve_switched_to_load': 'INITIATED'}
16-55-12_01-10-2024  - INFO - ct_controller.py - {'valve_switched_to_load': 'SUCCESS'}
16-55-12_01-10-2024  - INFO - ct_controller.py - {'sample_loading': 'WAITING'}
16-55-37_01-10-2024  - INFO - ct_controller.py - {'sample_loading': 'SUCCESS'}
16-55-37_01-10-2024  - INFO - ct_controller.py - {'valve_returned_to_bypass': 'SUCCESS'}
16-55-37_01-10-2024  - INFO - ct_controller.py - {'analysis_cycle_started': 'SUCCESS'}
16-55-37_01-10-2024  - INFO - ChromTroller.py - HPLC analysis initiation: SUCCESS
16-55-37_01-10-2024  - INFO - ct_server.py - Response sent to client: SUCCESS
16-55-37_01-10-2024  - INFO - ChromTroller.py - Command received: start_file_monitoring with data: None
16-55-37_01-10-2024  - INFO - ChromTroller.py - Current results directory set to: D:\CDSProjects\Polymer_Degradation\Results\Tests_01102024.rslt
16-55-37_01-10-2024  - INFO - ChromTroller.py - File Monitoring Started.
16-59-14_01-10-2024  - INFO - ct_monitor.py - New File identified by ct_monitor: 2024-10-01 16-46-26+02-00-09.dx
16-59-14_01-10-2024  - INFO - ct_monitor.py - 2024-10-01 16-46-26+02-00-09.dx
16-59-15_01-10-2024  - INFO - ChromTroller.py - New File Found: 2024-10-01 16-46-26+02-00-09.dx
16-59-15_01-10-2024  - INFO - ct_server.py - Response sent to client: 2024-10-01 16-46-26+02-00-09.dx
16-59-15_01-10-2024  - INFO - ChromTroller.py - Command received: run_data_analysis with data: None
16-59-15_01-10-2024  - INFO - ChromTroller.py - Current results directory set to: D:\CDSProjects\Polymer_Degradation\Results\Tests_01102024.rslt
16-59-15_01-10-2024  - INFO - ct_analyser.py - loaded analysis settings from json
16-59-15_01-10-2024  - INFO - ct_analyser.py - settings object created from analysis json
16-59-15_01-10-2024  - INFO - ct_analyser.py - Analyser Object Initialized Successfully
17-05-37_01-10-2024  - INFO - ct_server.py - Client connected at 17:05:37_01-10-2024
17-15-52_01-10-2024  - INFO - ChromTroller.py - Command received: new_run_name with data: Test_01Oct2024
17-15-52_01-10-2024  - INFO - ChromTroller.py - New RunLog created: Test_01Oct2024
17-15-52_01-10-2024  - INFO - ChromTroller.py - Command received: set_run_conc with data: 0.1
17-15-52_01-10-2024  - INFO - ChromTroller.py - Command received: add_reagents with data: ['Polystyrene', 0.1, 'tBuOOH', 8, 'NBS', 0.3]
17-15-52_01-10-2024  - INFO - ChromTroller.py - RunLog updated with reagents: ['Polystyrene', 0.1, 'tBuOOH', 8, 'NBS', 0.3]
17-15-52_01-10-2024  - INFO - ChromTroller.py - Command received: add_reaction_conditions with data: {'residence_time': 120, 'light_intensity': 10}
17-15-52_01-10-2024  - INFO - ChromTroller.py - RunLog updated with conditions: {'residence_time': 120, 'light_intensity': 10}
17-15-52_01-10-2024  - INFO - ChromTroller.py - Command received: start_hplc_run with data: None
17-15-52_01-10-2024  - INFO - ChromTroller.py - HPLC analysis initiated
17-15-52_01-10-2024  - INFO - ct_controller.py - {'HPLC_analysis': 'INITIATED'}
17-15-52_01-10-2024  - INFO - ct_controller.py - {'hardware_connection_check': {'Arduino': 'SUCCESS', 'Valve': 'SUCCESS', 'Phase_Sensor': 'SUCCESS', 'LCMS': 'SUCCESS'}}
17-15-52_01-10-2024  - INFO - ct_controller.py - {'filling_pos_check': 'SUCCESS'}
17-15-52_01-10-2024  - INFO - ct_controller.py - {'ps_sample_detection': 'BYPASSED'}
17-15-53_01-10-2024  - INFO - ct_controller.py - {'send_start_signal': 'SUCCESS'}
17-15-53_01-10-2024  - INFO - ct_controller.py - {'start_request_acknowledged': 'INITIATED'}
17-15-53_01-10-2024  - INFO - ct_controller.py - {'start_request_acknowledged': 'SUCCESS'}
17-15-53_01-10-2024  - INFO - ct_controller.py - {'start_signal': 'WAITING'}
17-16-13_01-10-2024  - INFO - ct_controller.py - {'start_signal': 'SUCCESS'}
17-16-13_01-10-2024  - INFO - ct_controller.py - {'valve_switched_to_load': 'INITIATED'}
17-16-14_01-10-2024  - INFO - ct_controller.py - {'valve_switched_to_load': 'SUCCESS'}
17-16-14_01-10-2024  - INFO - ct_controller.py - {'sample_loading': 'WAITING'}
17-16-39_01-10-2024  - INFO - ct_controller.py - {'sample_loading': 'SUCCESS'}
17-16-39_01-10-2024  - INFO - ct_controller.py - {'valve_returned_to_bypass': 'SUCCESS'}
17-16-39_01-10-2024  - INFO - ct_controller.py - {'analysis_cycle_started': 'SUCCESS'}
17-16-39_01-10-2024  - INFO - ChromTroller.py - HPLC analysis initiation: SUCCESS
17-16-39_01-10-2024  - INFO - ct_server.py - Response sent to client: SUCCESS
17-16-39_01-10-2024  - INFO - ChromTroller.py - Command received: start_file_monitoring with data: None
17-16-39_01-10-2024  - INFO - ChromTroller.py - Current results directory set to: D:\CDSProjects\Polymer_Degradation\Results\Tests_01102024.rslt
17-16-39_01-10-2024  - INFO - ChromTroller.py - File Monitoring Started.
17-20-17_01-10-2024  - INFO - ct_monitor.py - New File identified by ct_monitor: 2024-10-01 17-05-16+02-00-11.dx
17-20-17_01-10-2024  - INFO - ct_monitor.py - 2024-10-01 17-05-16+02-00-11.dx
17-20-18_01-10-2024  - INFO - ChromTroller.py - New File Found: 2024-10-01 17-05-16+02-00-11.dx
17-20-18_01-10-2024  - INFO - ct_server.py - Response sent to client: 2024-10-01 17-05-16+02-00-11.dx
17-20-18_01-10-2024  - INFO - ChromTroller.py - Command received: run_data_analysis with data: None
17-20-18_01-10-2024  - INFO - ChromTroller.py - Current results directory set to: D:\CDSProjects\Polymer_Degradation\Results\Tests_01102024.rslt
17-20-18_01-10-2024  - INFO - ct_analyser.py - loaded analysis settings from json
17-20-18_01-10-2024  - INFO - ct_analyser.py - settings object created from analysis json
17-20-18_01-10-2024  - INFO - ct_analyser.py - Analyser Object Initialized Successfully
17-21-47_01-10-2024  - INFO - ct_server.py - Client connected at 17:21:47_01-10-2024
17-34-16_01-10-2024  - INFO - ChromTroller.py - Command received: new_run_name with data: Test_01Oct2024
17-34-16_01-10-2024  - INFO - ChromTroller.py - New RunLog created: Test_01Oct2024
17-34-16_01-10-2024  - INFO - ChromTroller.py - Command received: set_run_conc with data: 0.1
17-34-16_01-10-2024  - INFO - ChromTroller.py - Command received: add_reagents with data: ['Polystyrene', 0.1, 'tBuOOH', 8, 'NBS', 0.3]
17-34-16_01-10-2024  - INFO - ChromTroller.py - RunLog updated with reagents: ['Polystyrene', 0.1, 'tBuOOH', 8, 'NBS', 0.3]
17-34-16_01-10-2024  - INFO - ChromTroller.py - Command received: add_reaction_conditions with data: {'residence_time': 120, 'light_intensity': 10}
17-34-16_01-10-2024  - INFO - ChromTroller.py - RunLog updated with conditions: {'residence_time': 120, 'light_intensity': 10}
17-34-16_01-10-2024  - INFO - ChromTroller.py - Command received: start_hplc_run with data: None
17-34-16_01-10-2024  - INFO - ChromTroller.py - HPLC analysis initiated
17-34-16_01-10-2024  - INFO - ct_controller.py - {'HPLC_analysis': 'INITIATED'}
17-34-16_01-10-2024  - INFO - ct_controller.py - {'hardware_connection_check': {'Arduino': 'SUCCESS', 'Valve': 'SUCCESS', 'Phase_Sensor': 'SUCCESS', 'LCMS': 'SUCCESS'}}
17-34-16_01-10-2024  - INFO - ct_controller.py - {'filling_pos_check': 'SUCCESS'}
17-34-16_01-10-2024  - INFO - ct_controller.py - {'ps_sample_detection': 'BYPASSED'}
17-34-17_01-10-2024  - INFO - ct_controller.py - {'send_start_signal': 'SUCCESS'}
17-34-17_01-10-2024  - INFO - ct_controller.py - {'start_request_acknowledged': 'INITIATED'}
17-34-37_01-10-2024  - INFO - ct_controller.py - {'start_request_acknowledged': 'FAIL - No sample prep initiation acknowledgement from spectrometer within timeout'}
17-34-37_01-10-2024  - INFO - ct_controller.py - {'send_start_signal': 'SUCCESS'}
17-34-37_01-10-2024  - INFO - ct_controller.py - {'start_request_acknowledged': 'INITIATED'}
17-34-57_01-10-2024  - INFO - ct_controller.py - {'start_request_acknowledged': 'FAIL - No sample prep initiation acknowledgement from spectrometer within timeout'}
17-34-57_01-10-2024  - INFO - ct_controller.py - {'send_start_signal': 'SUCCESS'}
17-34-57_01-10-2024  - INFO - ct_controller.py - {'start_request_acknowledged': 'INITIATED'}
17-35-17_01-10-2024  - INFO - ct_controller.py - {'start_request_acknowledged': 'FAIL - No sample prep initiation acknowledgement from spectrometer within timeout'}
17-35-17_01-10-2024  - INFO - ct_controller.py - {'analysis_cycle_started': 'FAIL', 'cause': Exception('FAIL- HPLC not starting after 3 attempts')}
17-35-17_01-10-2024  - INFO - ChromTroller.py - HPLC analysis initiation: FAIL - FAIL- HPLC not starting after 3 attempts
17-35-17_01-10-2024  - INFO - ct_server.py - Response sent to client: FAIL - FAIL- HPLC not starting after 3 attempts
17-35-17_01-10-2024  - INFO - ChromTroller.py - Command received: start_file_monitoring with data: None
17-35-17_01-10-2024  - INFO - ChromTroller.py - Current results directory set to: D:\CDSProjects\Polymer_Degradation\Results\Tests_01102024.rslt
17-35-17_01-10-2024  - INFO - ChromTroller.py - File Monitoring Started.
17-42-03_01-10-2024  - INFO - ct_server.py - Connection rejected. A client is already connected to the controller
17-42-03_01-10-2024  - ERROR - ct_server.py - Error sending data to client <socket.socket [closed] fd=-1, family=2, type=1, proto=0> - [WinError 10038] An operation was attempted on something that is not a socket
17-42-03_01-10-2024  - INFO - ct_server.py - Client connected at 17:42:03_01-10-2024
17-42-03_01-10-2024  - ERROR - ct_server.py - Error sending data to client <socket.socket [closed] fd=-1, family=2, type=1, proto=0> - [WinError 10038] An operation was attempted on something that is not a socket
17-42-03_01-10-2024  - INFO - ct_server.py - Client disconnected at 17:42:03_01-10-2024
17-51-10_01-10-2024  - INFO - ct_server.py - Client connected at 17:51:10_01-10-2024
18-03-47_01-10-2024  - INFO - ChromTroller.py - Command received: new_run_name with data: Test_01Oct2024
18-03-47_01-10-2024  - INFO - ChromTroller.py - New RunLog created: Test_01Oct2024
18-03-47_01-10-2024  - INFO - ChromTroller.py - Command received: set_run_conc with data: 0.1
18-03-47_01-10-2024  - INFO - ChromTroller.py - Command received: add_reagents with data: ['Polystyrene', 0.1, 'tBuOOH', 8, 'NBS', 0.3]
18-03-47_01-10-2024  - INFO - ChromTroller.py - RunLog updated with reagents: ['Polystyrene', 0.1, 'tBuOOH', 8, 'NBS', 0.3]
18-03-47_01-10-2024  - INFO - ChromTroller.py - Command received: add_reaction_conditions with data: {'residence_time': 120, 'light_intensity': 10}
18-03-47_01-10-2024  - INFO - ChromTroller.py - RunLog updated with conditions: {'residence_time': 120, 'light_intensity': 10}
18-03-47_01-10-2024  - INFO - ChromTroller.py - Command received: start_hplc_run with data: None
18-03-47_01-10-2024  - INFO - ChromTroller.py - HPLC analysis initiated
18-03-47_01-10-2024  - INFO - ct_controller.py - {'HPLC_analysis': 'INITIATED'}
18-03-47_01-10-2024  - INFO - ct_controller.py - {'hardware_connection_check': {'Arduino': 'SUCCESS', 'Valve': 'SUCCESS', 'Phase_Sensor': 'SUCCESS', 'LCMS': 'SUCCESS'}}
18-03-47_01-10-2024  - INFO - ct_controller.py - {'filling_pos_check': 'SUCCESS'}
18-03-47_01-10-2024  - INFO - ct_controller.py - {'ps_sample_detection': 'BYPASSED'}
18-03-47_01-10-2024  - INFO - ct_controller.py - {'send_start_signal': 'SUCCESS'}
18-03-47_01-10-2024  - INFO - ct_controller.py - {'start_request_acknowledged': 'INITIATED'}
18-03-48_01-10-2024  - INFO - ct_controller.py - {'start_request_acknowledged': 'SUCCESS'}
18-03-48_01-10-2024  - INFO - ct_controller.py - {'start_signal': 'WAITING'}
18-04-08_01-10-2024  - INFO - ct_controller.py - {'start_signal': 'SUCCESS'}
18-04-08_01-10-2024  - INFO - ct_controller.py - {'valve_switched_to_load': 'INITIATED'}
18-04-08_01-10-2024  - INFO - ct_controller.py - {'valve_switched_to_load': 'SUCCESS'}
18-04-08_01-10-2024  - INFO - ct_controller.py - {'sample_loading': 'WAITING'}
18-04-33_01-10-2024  - INFO - ct_controller.py - {'sample_loading': 'SUCCESS'}
18-04-34_01-10-2024  - INFO - ct_controller.py - {'valve_returned_to_bypass': 'SUCCESS'}
18-04-34_01-10-2024  - INFO - ct_controller.py - {'analysis_cycle_started': 'SUCCESS'}
18-04-34_01-10-2024  - INFO - ChromTroller.py - HPLC analysis initiation: SUCCESS
18-04-34_01-10-2024  - INFO - ct_server.py - Response sent to client: SUCCESS
18-04-34_01-10-2024  - INFO - ChromTroller.py - Command received: start_file_monitoring with data: None
18-04-34_01-10-2024  - INFO - ChromTroller.py - Current results directory set to: D:\CDSProjects\Polymer_Degradation\Results\Tests_01102024_2.rslt
18-04-34_01-10-2024  - INFO - ChromTroller.py - File Monitoring Started.
18-08-12_01-10-2024  - INFO - ct_monitor.py - New File identified by ct_monitor: 2024-10-01 17-42-57+02-00-03.dx
18-08-12_01-10-2024  - INFO - ct_monitor.py - 2024-10-01 17-42-57+02-00-03.dx
18-08-12_01-10-2024  - INFO - ChromTroller.py - New File Found: 2024-10-01 17-42-57+02-00-03.dx
18-08-12_01-10-2024  - ERROR - ct_server.py - Error sending data to client <socket.socket fd=5048, family=2, type=1, proto=0, laddr=('10.10.29.199', 10989), raddr=('10.10.29.202', 52155)> - [WinError 10053] An established connection was aborted by the software in your host machine
18-08-12_01-10-2024  - INFO - ct_server.py - Response sent to client: 2024-10-01 17-42-57+02-00-03.dx
18-08-12_01-10-2024  - INFO - ct_server.py - Client disconnected at 18:08:12_01-10-2024
