11-20-09_22-10-2024  - INFO - ChromTroller.py - Loaded chromtroller settings successfully
11-20-09_22-10-2024  - INFO - ChromTroller.py - Set RunLog path successfully
11-20-09_22-10-2024  - INFO - ct_server.py - Server loaded connection ids from .json file successfully
11-20-09_22-10-2024  - INFO - ct_server.py - Server listening on port: 10989
11-20-09_22-10-2024  - INFO - ChromTroller.py - Server Initialization: SUCCESS 
11-20-09_22-10-2024  - INFO - ct_controller.py - Loaded hardware settings successfully
11-20-12_22-10-2024  - INFO - ct_controller.py - Phase sensor monitoring started on separate thread.
11-20-12_22-10-2024  - INFO - ct_controller.py - Controller Object Initialized Successfully
11-20-12_22-10-2024  - INFO - ChromTroller.py - Controller Connection: SUCCESS 
11-20-33_22-10-2024  - INFO - ct_server.py - Client connected at 11:20:33_22-10-2024
11-28-50_22-10-2024  - INFO - ChromTroller.py - Command received: new_run_name with data: 0
11-28-50_22-10-2024  - INFO - ChromTroller.py - New RunLog created: 0
11-28-50_22-10-2024  - INFO - ChromTroller.py - Command received: set_run_conc with data: 0.005
11-28-50_22-10-2024  - INFO - ChromTroller.py - Command received: add_reagents with data: ['BenzoicAcid', 0.005]
11-28-50_22-10-2024  - INFO - ChromTroller.py - RunLog updated with reagents: ['BenzoicAcid', 0.005]
11-28-50_22-10-2024  - INFO - ChromTroller.py - Command received: add_reaction_conditions with data: {'residence_time': 60, 'light_intensity': 0}
11-28-50_22-10-2024  - INFO - ChromTroller.py - RunLog updated with conditions: {'residence_time': 60, 'light_intensity': 0}
11-28-50_22-10-2024  - INFO - ChromTroller.py - Command received: start_hplc_run with data: None
11-28-50_22-10-2024  - INFO - ChromTroller.py - HPLC analysis initiated
11-28-50_22-10-2024  - INFO - ct_controller.py - {'HPLC_analysis': 'INITIATED'}
11-28-50_22-10-2024  - INFO - ct_controller.py - {'hardware_connection_check': {'Arduino': 'SUCCESS', 'Valve': 'SUCCESS', 'Phase_Sensor': 'SUCCESS', 'LCMS': 'SUCCESS'}}
11-28-50_22-10-2024  - INFO - ct_controller.py - {'filling_pos_check': 'SUCCESS'}
11-28-50_22-10-2024  - INFO - ct_controller.py - {'ps_sample_detection': 'BYPASSED'}
11-28-50_22-10-2024  - INFO - ct_controller.py - {'send_start_signal': 'SUCCESS'}
11-28-50_22-10-2024  - INFO - ct_controller.py - {'start_request_acknowledged': 'INITIATED'}
11-29-10_22-10-2024  - INFO - ct_controller.py - {'start_request_acknowledged': 'FAIL - No sample prep initiation acknowledgement from spectrometer within timeout'}
11-29-10_22-10-2024  - INFO - ct_controller.py - {'send_start_signal': 'SUCCESS'}
11-29-10_22-10-2024  - INFO - ct_controller.py - {'start_request_acknowledged': 'INITIATED'}
11-29-30_22-10-2024  - INFO - ct_controller.py - {'start_request_acknowledged': 'FAIL - No sample prep initiation acknowledgement from spectrometer within timeout'}
11-29-30_22-10-2024  - INFO - ct_controller.py - {'send_start_signal': 'SUCCESS'}
11-29-30_22-10-2024  - INFO - ct_controller.py - {'start_request_acknowledged': 'INITIATED'}
11-29-50_22-10-2024  - INFO - ct_controller.py - {'start_request_acknowledged': 'FAIL - No sample prep initiation acknowledgement from spectrometer within timeout'}
11-29-50_22-10-2024  - INFO - ct_controller.py - {'analysis_cycle_started': 'FAIL', 'cause': Exception('FAIL- HPLC not starting after 3 attempts')}
11-29-50_22-10-2024  - INFO - ChromTroller.py - HPLC analysis initiation: FAIL - FAIL- HPLC not starting after 3 attempts
11-29-50_22-10-2024  - INFO - ct_server.py - Response sent to client: FAIL - FAIL- HPLC not starting after 3 attempts
11-29-50_22-10-2024  - INFO - ct_server.py - Client disconnected at 11:29:50_22-10-2024
11-30-47_22-10-2024  - INFO - ct_server.py - Client connected at 11:30:47_22-10-2024
11-38-20_22-10-2024  - INFO - ct_server.py - Client disconnected at 11:38:20_22-10-2024
12-04-12_22-10-2024  - INFO - ct_server.py - Client connected at 12:04:12_22-10-2024
12-18-34_22-10-2024  - INFO - ChromTroller.py - Command received: new_run_name with data: 0
12-18-34_22-10-2024  - INFO - ChromTroller.py - New RunLog created: 0
12-18-34_22-10-2024  - INFO - ChromTroller.py - Command received: set_run_conc with data: 0.005
12-18-34_22-10-2024  - INFO - ChromTroller.py - Command received: add_reagents with data: ['BenzoicAcid', 0.005]
12-18-34_22-10-2024  - INFO - ChromTroller.py - RunLog updated with reagents: ['BenzoicAcid', 0.005]
12-18-34_22-10-2024  - INFO - ChromTroller.py - Command received: add_reaction_conditions with data: {'residence_time': 180, 'light_intensity': 0}
12-18-34_22-10-2024  - INFO - ChromTroller.py - RunLog updated with conditions: {'residence_time': 180, 'light_intensity': 0}
12-18-34_22-10-2024  - INFO - ChromTroller.py - Command received: start_hplc_run with data: None
12-18-34_22-10-2024  - INFO - ChromTroller.py - HPLC analysis initiated
12-18-34_22-10-2024  - INFO - ct_controller.py - {'HPLC_analysis': 'INITIATED'}
12-18-34_22-10-2024  - INFO - ct_controller.py - {'hardware_connection_check': {'Arduino': 'SUCCESS', 'Valve': 'SUCCESS', 'Phase_Sensor': 'SUCCESS', 'LCMS': 'SUCCESS'}}
12-18-34_22-10-2024  - INFO - ct_controller.py - {'filling_pos_check': 'SUCCESS'}
12-18-34_22-10-2024  - INFO - ct_controller.py - {'ps_sample_detection': 'BYPASSED'}
12-18-34_22-10-2024  - INFO - ct_controller.py - {'send_start_signal': 'SUCCESS'}
12-18-34_22-10-2024  - INFO - ct_controller.py - {'start_request_acknowledged': 'INITIATED'}
12-18-34_22-10-2024  - INFO - ct_controller.py - {'start_request_acknowledged': 'SUCCESS'}
12-18-35_22-10-2024  - INFO - ct_controller.py - {'start_signal': 'WAITING'}
12-18-55_22-10-2024  - INFO - ct_controller.py - {'start_signal': 'SUCCESS'}
12-18-55_22-10-2024  - INFO - ct_controller.py - {'valve_switched_to_load': 'INITIATED'}
12-18-56_22-10-2024  - INFO - ct_controller.py - {'valve_switched_to_load': 'SUCCESS'}
12-18-56_22-10-2024  - INFO - ct_controller.py - {'sample_loading': 'WAITING'}
12-19-21_22-10-2024  - INFO - ct_controller.py - {'sample_loading': 'SUCCESS'}
12-19-21_22-10-2024  - INFO - ct_controller.py - {'valve_returned_to_bypass': 'SUCCESS'}
12-19-21_22-10-2024  - INFO - ct_controller.py - {'analysis_cycle_started': 'SUCCESS'}
12-19-21_22-10-2024  - INFO - ChromTroller.py - HPLC analysis initiation: SUCCESS
12-19-21_22-10-2024  - INFO - ct_server.py - Response sent to client: SUCCESS
12-19-21_22-10-2024  - INFO - ChromTroller.py - Command received: start_file_monitoring with data: None
12-19-21_22-10-2024  - INFO - ChromTroller.py - Current results directory set to: D:\CDSProjects\Polymer_Degradation\Results\BA_dilution_factor_22October2024.rslt
12-19-21_22-10-2024  - INFO - ChromTroller.py - File Monitoring Started.
12-26-00_22-10-2024  - INFO - ct_monitor.py - New File identified by ct_monitor: MV_R_006_sample06.dx
12-26-00_22-10-2024  - INFO - ct_monitor.py - MV_R_006_sample06.dx
12-26-00_22-10-2024  - INFO - ChromTroller.py - New File Found: MV_R_006_sample06.dx
12-26-00_22-10-2024  - INFO - ct_server.py - Response sent to client: MV_R_006_sample06.dx
12-26-00_22-10-2024  - INFO - ChromTroller.py - Command received: run_data_analysis with data: None
12-26-00_22-10-2024  - INFO - ChromTroller.py - Current results directory set to: D:\CDSProjects\Polymer_Degradation\Results\BA_dilution_factor_22October2024.rslt
12-26-00_22-10-2024  - INFO - ct_analyser.py - loaded analysis settings from json
12-26-00_22-10-2024  - INFO - ct_analyser.py - settings object created from analysis json
12-26-00_22-10-2024  - INFO - ct_analyser.py - Analyser Object Initialized Successfully
12-26-18_22-10-2024  - INFO - ct_server.py - Client connected at 12:26:18_22-10-2024
12-39-53_22-10-2024  - INFO - ChromTroller.py - Command received: new_run_name with data: 1
12-39-53_22-10-2024  - INFO - ChromTroller.py - New RunLog created: 1
12-39-53_22-10-2024  - INFO - ChromTroller.py - Command received: set_run_conc with data: 0.005
12-39-53_22-10-2024  - INFO - ChromTroller.py - Command received: add_reagents with data: ['BenzoicAcid', 0.005]
12-39-53_22-10-2024  - INFO - ChromTroller.py - RunLog updated with reagents: ['BenzoicAcid', 0.005]
12-39-53_22-10-2024  - INFO - ChromTroller.py - Command received: add_reaction_conditions with data: {'residence_time': 180, 'light_intensity': 0}
12-39-53_22-10-2024  - INFO - ChromTroller.py - RunLog updated with conditions: {'residence_time': 180, 'light_intensity': 0}
12-39-53_22-10-2024  - INFO - ChromTroller.py - Command received: start_hplc_run with data: None
12-39-53_22-10-2024  - INFO - ChromTroller.py - HPLC analysis initiated
12-39-53_22-10-2024  - INFO - ct_controller.py - {'HPLC_analysis': 'INITIATED'}
12-39-53_22-10-2024  - INFO - ct_controller.py - {'hardware_connection_check': {'Arduino': 'SUCCESS', 'Valve': 'SUCCESS', 'Phase_Sensor': 'SUCCESS', 'LCMS': 'SUCCESS'}}
12-39-53_22-10-2024  - INFO - ct_controller.py - {'filling_pos_check': 'SUCCESS'}
12-39-53_22-10-2024  - INFO - ct_controller.py - {'ps_sample_detection': 'BYPASSED'}
12-39-53_22-10-2024  - INFO - ct_controller.py - {'send_start_signal': 'SUCCESS'}
12-39-53_22-10-2024  - INFO - ct_controller.py - {'start_request_acknowledged': 'INITIATED'}
12-39-53_22-10-2024  - INFO - ct_controller.py - {'start_request_acknowledged': 'SUCCESS'}
12-39-53_22-10-2024  - INFO - ct_controller.py - {'start_signal': 'WAITING'}
12-40-14_22-10-2024  - INFO - ct_controller.py - {'start_signal': 'SUCCESS'}
12-40-14_22-10-2024  - INFO - ct_controller.py - {'valve_switched_to_load': 'INITIATED'}
12-40-14_22-10-2024  - INFO - ct_controller.py - {'valve_switched_to_load': 'SUCCESS'}
12-40-14_22-10-2024  - INFO - ct_controller.py - {'sample_loading': 'WAITING'}
12-40-39_22-10-2024  - INFO - ct_controller.py - {'sample_loading': 'SUCCESS'}
12-40-40_22-10-2024  - INFO - ct_controller.py - {'valve_returned_to_bypass': 'SUCCESS'}
12-40-40_22-10-2024  - INFO - ct_controller.py - {'analysis_cycle_started': 'SUCCESS'}
12-40-40_22-10-2024  - INFO - ChromTroller.py - HPLC analysis initiation: SUCCESS
12-40-40_22-10-2024  - INFO - ct_server.py - Response sent to client: SUCCESS
12-40-40_22-10-2024  - INFO - ChromTroller.py - Command received: start_file_monitoring with data: None
12-40-40_22-10-2024  - INFO - ChromTroller.py - Current results directory set to: D:\CDSProjects\Polymer_Degradation\Results\BA_dilution_factor_22October2024.rslt
12-40-40_22-10-2024  - INFO - ChromTroller.py - File Monitoring Started.
12-47-18_22-10-2024  - INFO - ct_monitor.py - New File identified by ct_monitor: MV_R_007_sample08.dx
12-47-18_22-10-2024  - INFO - ct_monitor.py - MV_R_007_sample08.dx
12-47-18_22-10-2024  - INFO - ChromTroller.py - New File Found: MV_R_007_sample08.dx
12-47-18_22-10-2024  - INFO - ct_server.py - Response sent to client: MV_R_007_sample08.dx
12-47-18_22-10-2024  - INFO - ChromTroller.py - Command received: run_data_analysis with data: None
12-47-18_22-10-2024  - INFO - ChromTroller.py - Current results directory set to: D:\CDSProjects\Polymer_Degradation\Results\BA_dilution_factor_22October2024.rslt
12-47-18_22-10-2024  - INFO - ct_analyser.py - loaded analysis settings from json
12-47-18_22-10-2024  - INFO - ct_analyser.py - settings object created from analysis json
12-47-18_22-10-2024  - INFO - ct_analyser.py - Analyser Object Initialized Successfully
12-47-36_22-10-2024  - INFO - ct_server.py - Client connected at 12:47:36_22-10-2024
13-01-51_22-10-2024  - INFO - ChromTroller.py - Command received: new_run_name with data: 2
13-01-51_22-10-2024  - INFO - ChromTroller.py - New RunLog created: 2
13-01-51_22-10-2024  - INFO - ChromTroller.py - Command received: set_run_conc with data: 0.005
13-01-51_22-10-2024  - INFO - ChromTroller.py - Command received: add_reagents with data: ['BenzoicAcid', 0.005]
13-01-51_22-10-2024  - INFO - ChromTroller.py - RunLog updated with reagents: ['BenzoicAcid', 0.005]
13-01-51_22-10-2024  - INFO - ChromTroller.py - Command received: add_reaction_conditions with data: {'residence_time': 180, 'light_intensity': 0}
13-01-51_22-10-2024  - INFO - ChromTroller.py - RunLog updated with conditions: {'residence_time': 180, 'light_intensity': 0}
13-01-51_22-10-2024  - INFO - ChromTroller.py - Command received: start_hplc_run with data: None
13-01-51_22-10-2024  - INFO - ChromTroller.py - HPLC analysis initiated
13-01-51_22-10-2024  - INFO - ct_controller.py - {'HPLC_analysis': 'INITIATED'}
13-01-51_22-10-2024  - INFO - ct_controller.py - {'hardware_connection_check': {'Arduino': 'SUCCESS', 'Valve': 'SUCCESS', 'Phase_Sensor': 'SUCCESS', 'LCMS': 'SUCCESS'}}
13-01-51_22-10-2024  - INFO - ct_controller.py - {'filling_pos_check': 'SUCCESS'}
13-01-51_22-10-2024  - INFO - ct_controller.py - {'ps_sample_detection': 'BYPASSED'}
13-01-51_22-10-2024  - INFO - ct_controller.py - {'send_start_signal': 'SUCCESS'}
13-01-51_22-10-2024  - INFO - ct_controller.py - {'start_request_acknowledged': 'INITIATED'}
13-01-51_22-10-2024  - INFO - ct_controller.py - {'start_request_acknowledged': 'SUCCESS'}
13-01-51_22-10-2024  - INFO - ct_controller.py - {'start_signal': 'WAITING'}
13-02-12_22-10-2024  - INFO - ct_controller.py - {'start_signal': 'SUCCESS'}
13-02-12_22-10-2024  - INFO - ct_controller.py - {'valve_switched_to_load': 'INITIATED'}
13-02-12_22-10-2024  - INFO - ct_controller.py - {'valve_switched_to_load': 'SUCCESS'}
13-02-12_22-10-2024  - INFO - ct_controller.py - {'sample_loading': 'WAITING'}
13-02-37_22-10-2024  - INFO - ct_controller.py - {'sample_loading': 'SUCCESS'}
13-02-38_22-10-2024  - INFO - ct_controller.py - {'valve_returned_to_bypass': 'SUCCESS'}
13-02-38_22-10-2024  - INFO - ct_controller.py - {'analysis_cycle_started': 'SUCCESS'}
13-02-38_22-10-2024  - INFO - ChromTroller.py - HPLC analysis initiation: SUCCESS
13-02-38_22-10-2024  - INFO - ct_server.py - Response sent to client: SUCCESS
13-02-38_22-10-2024  - INFO - ChromTroller.py - Command received: start_file_monitoring with data: None
13-02-38_22-10-2024  - INFO - ChromTroller.py - Current results directory set to: D:\CDSProjects\Polymer_Degradation\Results\BA_dilution_factor_22October2024.rslt
13-02-38_22-10-2024  - INFO - ChromTroller.py - File Monitoring Started.
13-09-15_22-10-2024  - INFO - ct_monitor.py - New File identified by ct_monitor: MV_R_008_sample10.dx
13-09-15_22-10-2024  - INFO - ct_monitor.py - MV_R_008_sample10.dx
13-09-15_22-10-2024  - INFO - ChromTroller.py - New File Found: MV_R_008_sample10.dx
13-09-15_22-10-2024  - INFO - ct_server.py - Response sent to client: MV_R_008_sample10.dx
13-09-15_22-10-2024  - INFO - ChromTroller.py - Command received: run_data_analysis with data: None
13-09-15_22-10-2024  - INFO - ChromTroller.py - Current results directory set to: D:\CDSProjects\Polymer_Degradation\Results\BA_dilution_factor_22October2024.rslt
13-09-15_22-10-2024  - INFO - ct_analyser.py - loaded analysis settings from json
13-09-15_22-10-2024  - INFO - ct_analyser.py - settings object created from analysis json
13-09-15_22-10-2024  - INFO - ct_analyser.py - Analyser Object Initialized Successfully
