15-50-53_02-09-2024  - INFO - ChromTroller.py - Loaded chromtroller settings successfully
15-50-53_02-09-2024  - INFO - ChromTroller.py - Set RunLog path successfully
15-50-53_02-09-2024  - INFO - ct_server.py - Server loaded connection ids from .json file successfully
15-50-53_02-09-2024  - INFO - ct_server.py - Server listening on port: 10989
15-50-53_02-09-2024  - INFO - ChromTroller.py - Server Initialization: SUCCESS 
15-50-53_02-09-2024  - INFO - ct_controller.py - Loaded hardware settings successfully
15-50-55_02-09-2024  - INFO - ct_controller.py - Phase sensor monitoring started on separate thread.
15-50-55_02-09-2024  - INFO - ct_controller.py - Controller Object Initialized Successfully
15-50-55_02-09-2024  - INFO - ChromTroller.py - Controller Connection: SUCCESS 
15-51-43_02-09-2024  - INFO - ct_server.py - Client connected at 15:51:43_02-09-2024
16-02-44_02-09-2024  - INFO - ChromTroller.py - Command received: new_run_name with data: TEST
16-02-44_02-09-2024  - INFO - ChromTroller.py - New RunLog created: TEST
16-02-44_02-09-2024  - INFO - ChromTroller.py - Command received: set_run_conc with data: 0.1
16-02-44_02-09-2024  - INFO - ChromTroller.py - Command received: add_reagents with data: ['Polystyrene', 0.1, 'tBuOOH', 8, 'NBS', 0.3]
16-02-44_02-09-2024  - INFO - ChromTroller.py - RunLog updated with reagents: ['Polystyrene', 0.1, 'tBuOOH', 8, 'NBS', 0.3]
16-02-44_02-09-2024  - INFO - ChromTroller.py - Command received: add_reaction_conditions with data: {'residence_time': 300, 'light_intensity': 100}
16-02-44_02-09-2024  - INFO - ChromTroller.py - RunLog updated with conditions: {'residence_time': 300, 'light_intensity': 100}
16-02-44_02-09-2024  - INFO - ChromTroller.py - Command received: start_hplc_run with data: None
16-02-44_02-09-2024  - INFO - ChromTroller.py - HPLC analysis initiated
16-02-44_02-09-2024  - INFO - ct_controller.py - {'HPLC_analysis': 'INITIATED'}
16-02-44_02-09-2024  - INFO - ct_controller.py - {'hardware_connection_check': {'Arduino': 'SUCCESS', 'Valve': 'SUCCESS', 'Phase_Sensor': 'SUCCESS', 'LCMS': 'SUCCESS'}}
16-02-44_02-09-2024  - INFO - ct_controller.py - {'filling_pos_check': 'SUCCESS'}
16-02-44_02-09-2024  - INFO - ct_controller.py - {'ps_sample_detection': 'BYPASSED'}
16-02-44_02-09-2024  - INFO - ct_controller.py - {'send_start_signal': 'SUCCESS'}
16-02-44_02-09-2024  - INFO - ct_controller.py - {'start_request_acknowledged': 'WAITING'}
16-02-44_02-09-2024  - INFO - ct_controller.py - {'start_request_acknowledged': 'SUCCESS'}
16-02-49_02-09-2024  - INFO - ct_controller.py - {'start_signal': 'WAITING'}
16-03-05_02-09-2024  - INFO - ct_controller.py - {'start_signal': 'SUCCESS'}
16-03-05_02-09-2024  - INFO - ct_controller.py - {'valve_switched_to_load': 'INITIATED'}
16-03-05_02-09-2024  - INFO - ct_controller.py - {'valve_switched_to_load': 'SUCCESS'}
16-03-05_02-09-2024  - INFO - ct_controller.py - {'sample_loading': 'WAITING'}
16-03-30_02-09-2024  - INFO - ct_controller.py - {'sample_loading': 'SUCCESS'}
16-03-30_02-09-2024  - INFO - ct_controller.py - {'valve_returned_to_bypass': 'SUCCESS'}
16-03-30_02-09-2024  - INFO - ct_controller.py - {'analysis_cycle_started': 'SUCCESS'}
16-03-30_02-09-2024  - INFO - ChromTroller.py - HPLC analysis initiation: SUCCESS
16-03-30_02-09-2024  - INFO - ct_server.py - Response sent to client: SUCCESS
16-03-30_02-09-2024  - INFO - ChromTroller.py - Command received: start_file_monitoring with data: None
16-03-30_02-09-2024  - INFO - ChromTroller.py - Current results directory set to: D:\CDSProjects\Polymer_Degradation\Results\RoboChem_debugg_samples_02-09-24_TESTS.rslt
16-03-30_02-09-2024  - INFO - ChromTroller.py - File Monitoring Started.
16-07-09_02-09-2024  - INFO - ct_monitor.py - New File identified by ct_monitor: 5mins_sample_02.dx
16-07-09_02-09-2024  - INFO - ct_monitor.py - 5mins_sample_02.dx
16-07-09_02-09-2024  - INFO - ChromTroller.py - New File Found: 5mins_sample_02.dx
16-07-09_02-09-2024  - INFO - ct_server.py - Response sent to client: 5mins_sample_02.dx
16-07-09_02-09-2024  - INFO - ChromTroller.py - Command received: run_data_analysis with data: None
16-07-09_02-09-2024  - INFO - ChromTroller.py - Current results directory set to: D:\CDSProjects\Polymer_Degradation\Results\RoboChem_debugg_samples_02-09-24_TESTS.rslt
16-07-09_02-09-2024  - INFO - ct_analyser_simple.py - loaded analysis settings from json
16-07-09_02-09-2024  - INFO - ct_analyser_simple.py - settings object created from analysis json
16-07-09_02-09-2024  - INFO - ct_analyser_simple.py - Analyser Object Initialized Successfully
16-07-10_02-09-2024  - INFO - ChromTroller.py - Identified Peak: {'Peak': 1.48, 'Integral': 66437113.84955199}
16-07-10_02-09-2024  - INFO - ct_server.py - Response sent to client: {'Peak': 1.48, 'Integral': 66437113.84955199}
16-07-10_02-09-2024  - INFO - ct_server.py - Client disconnected at 16:07:10_02-09-2024
17-25-51_02-09-2024  - INFO - ct_server.py - Client connected at 17:25:51_02-09-2024
17-46-51_02-09-2024  - INFO - ChromTroller.py - Command received: new_run_name with data: TEST
17-46-51_02-09-2024  - INFO - ChromTroller.py - New RunLog created: TEST
17-46-51_02-09-2024  - INFO - ChromTroller.py - Command received: set_run_conc with data: 0.1
17-46-51_02-09-2024  - INFO - ChromTroller.py - Command received: add_reagents with data: ['Polystyrene', 0.1, 'tBuOOH', 8, 'NBS', 0.3]
17-46-51_02-09-2024  - INFO - ChromTroller.py - RunLog updated with reagents: ['Polystyrene', 0.1, 'tBuOOH', 8, 'NBS', 0.3]
17-46-51_02-09-2024  - INFO - ChromTroller.py - Command received: add_reaction_conditions with data: {'residence_time': 900, 'light_intensity': 100}
17-46-51_02-09-2024  - INFO - ChromTroller.py - RunLog updated with conditions: {'residence_time': 900, 'light_intensity': 100}
17-46-51_02-09-2024  - INFO - ChromTroller.py - Command received: start_hplc_run with data: None
17-46-51_02-09-2024  - INFO - ChromTroller.py - HPLC analysis initiated
17-46-51_02-09-2024  - INFO - ct_controller.py - {'HPLC_analysis': 'INITIATED'}
17-46-51_02-09-2024  - INFO - ct_controller.py - {'hardware_connection_check': {'Arduino': 'SUCCESS', 'Valve': 'SUCCESS', 'Phase_Sensor': 'SUCCESS', 'LCMS': 'SUCCESS'}}
17-46-51_02-09-2024  - INFO - ct_controller.py - {'filling_pos_check': 'SUCCESS'}
17-46-51_02-09-2024  - INFO - ct_controller.py - {'ps_sample_detection': 'BYPASSED'}
17-46-51_02-09-2024  - INFO - ct_controller.py - {'send_start_signal': 'SUCCESS'}
17-46-51_02-09-2024  - INFO - ct_controller.py - {'start_request_acknowledged': 'WAITING'}
17-46-51_02-09-2024  - INFO - ct_controller.py - {'start_request_acknowledged': 'SUCCESS'}
17-46-56_02-09-2024  - INFO - ct_controller.py - {'start_signal': 'WAITING'}
17-47-12_02-09-2024  - INFO - ct_controller.py - {'start_signal': 'SUCCESS'}
17-47-12_02-09-2024  - INFO - ct_controller.py - {'valve_switched_to_load': 'INITIATED'}
17-47-12_02-09-2024  - INFO - ct_controller.py - {'valve_switched_to_load': 'SUCCESS'}
17-47-12_02-09-2024  - INFO - ct_controller.py - {'sample_loading': 'WAITING'}
17-47-37_02-09-2024  - INFO - ct_controller.py - {'sample_loading': 'SUCCESS'}
17-47-38_02-09-2024  - INFO - ct_controller.py - {'valve_returned_to_bypass': 'SUCCESS'}
17-47-38_02-09-2024  - INFO - ct_controller.py - {'analysis_cycle_started': 'SUCCESS'}
17-47-38_02-09-2024  - INFO - ChromTroller.py - HPLC analysis initiation: SUCCESS
17-47-38_02-09-2024  - INFO - ct_server.py - Response sent to client: SUCCESS
17-47-38_02-09-2024  - INFO - ChromTroller.py - Command received: start_file_monitoring with data: None
17-47-38_02-09-2024  - INFO - ChromTroller.py - Current results directory set to: D:\CDSProjects\Polymer_Degradation\Results\RoboChem_debugg_samples_02-09-24_TESTS.rslt
17-47-38_02-09-2024  - INFO - ChromTroller.py - File Monitoring Started.
17-51-14_02-09-2024  - INFO - ct_monitor.py - New File identified by ct_monitor: 15mins_sample_03.dx
17-51-14_02-09-2024  - INFO - ct_monitor.py - 15mins_sample_03.dx
17-51-15_02-09-2024  - INFO - ChromTroller.py - New File Found: 15mins_sample_03.dx
17-51-15_02-09-2024  - INFO - ct_server.py - Response sent to client: 15mins_sample_03.dx
17-51-15_02-09-2024  - INFO - ChromTroller.py - Command received: run_data_analysis with data: None
17-51-15_02-09-2024  - INFO - ChromTroller.py - Current results directory set to: D:\CDSProjects\Polymer_Degradation\Results\RoboChem_debugg_samples_02-09-24_TESTS.rslt
17-51-15_02-09-2024  - INFO - ct_analyser_simple.py - loaded analysis settings from json
17-51-15_02-09-2024  - INFO - ct_analyser_simple.py - settings object created from analysis json
17-51-15_02-09-2024  - INFO - ct_analyser_simple.py - Analyser Object Initialized Successfully
17-51-16_02-09-2024  - INFO - ChromTroller.py - Identified Peak: {'Peak': 1.722, 'Integral': 289322085.59109133}
17-51-16_02-09-2024  - INFO - ct_server.py - Response sent to client: {'Peak': 1.722, 'Integral': 289322085.59109133}
17-51-16_02-09-2024  - INFO - ct_server.py - Client disconnected at 17:51:16_02-09-2024
