27-05-2024 11:07:23 - INFO - ct_controller.py - SensorMonitor Initialized Successfully
27-05-2024 11:07:23 - INFO - ct_controller.py - Phase sensor monitoring started on separate thread.
27-05-2024 11:07:23 - INFO - ct_controller.py - Controller Object Initialized Successfully
27-05-2024 11:07:23 - INFO - ct_server.py - Server successfully connected to instrument controller
27-05-2024 11:07:23 - INFO - ct_server.py - Server listening on port: 10989
27-05-2024 11:07:33 - INFO - ct_server.py - Client: ('127.0.0.1', 59566) successfully connected
27-05-2024 11:07:46 - INFO - ct_server.py - Command received from client: 1
27-05-2024 11:07:46 - INFO - ct_server.py - Response sent back to client: LCMS_Controller
27-05-2024 11:08:09 - INFO - ct_server.py - Command received from client: 4
27-05-2024 11:08:09 - INFO - ct_server.py - Response sent back to client: A
27-05-2024 11:08:44 - INFO - ct_server.py - Command received from client: 5-a
27-05-2024 11:08:44 - INFO - ct_server.py - Response sent back to client: Good Acknowledge
27-05-2024 11:08:49 - INFO - ct_server.py - Command received from client: 5-b
27-05-2024 11:08:49 - INFO - ct_server.py - Response sent back to client: Good Acknowledge
27-05-2024 11:08:55 - INFO - ct_server.py - Command received from client: 5-a
27-05-2024 11:08:55 - INFO - ct_server.py - Response sent back to client: Good Acknowledge
27-05-2024 11:09:59 - INFO - ct_server.py - Command received from client: 5-b
27-05-2024 11:09:59 - INFO - ct_server.py - Response sent back to client: Good Acknowledge
27-05-2024 11:10:20 - INFO - ct_server.py - Command received from client: 5-a
27-05-2024 11:10:20 - INFO - ct_server.py - Response sent back to client: Good Acknowledge
27-05-2024 11:10:34 - INFO - ct_server.py - Command received from client: 5-b
27-05-2024 11:10:34 - INFO - ct_server.py - Response sent back to client: Good Acknowledge
27-05-2024 11:10:42 - INFO - ct_server.py - Command received from client: 5-a
27-05-2024 11:10:42 - INFO - ct_server.py - Response sent back to client: Good Acknowledge
27-05-2024 11:15:30 - INFO - ct_server.py - Command received from client: Analyse
27-05-2024 11:15:30 - INFO - ct_controller.py - Analysis Process Initiated...
27-05-2024 11:15:30 - INFO - ct_controller.py - SUCCESS - Hardware Connections Verified
27-05-2024 11:15:30 - INFO - ct_controller.py - SUCCESS - Phase Sensor - Sample Detected
27-05-2024 11:15:30 - INFO - ct_controller.py - SUCCESS - Switch Valve - Filling Loop Filled
27-05-2024 11:15:30 - INFO - ct_controller.py - SUCCESS - LCMS - Start Signal Sent By Arduino
27-05-2024 11:16:10 - INFO - ct_controller.py - SUCCESS - LCMS - Start Acknowledged By Spectrometer
27-05-2024 11:16:20 - INFO - ct_controller.py - SUCCESS - Switch Valve - Sample Loaded From Sample Loop
27-05-2024 11:16:26 - INFO - ct_controller.py - SUCCESS - Switch Valve - Returned To Filling Position
27-05-2024 11:16:26 - INFO - ct_controller.py - SUCCESS - Analysis Cycle: 1 Complete
27-05-2024 11:16:26 - INFO - ct_server.py - Response sent back to client: Success
27-05-2024 11:26:09 - INFO - ct_server.py - Command received from client: Analyse
27-05-2024 11:26:09 - INFO - ct_controller.py - Analysis Process Initiated...
27-05-2024 11:26:09 - INFO - ct_controller.py - SUCCESS - Hardware Connections Verified
27-05-2024 11:26:09 - INFO - ct_controller.py - SUCCESS - Phase Sensor - Sample Detected
27-05-2024 11:26:09 - INFO - ct_controller.py - SUCCESS - Switch Valve - Filling Loop Filled
27-05-2024 11:26:09 - INFO - ct_controller.py - SUCCESS - LCMS - Start Signal Sent By Arduino
27-05-2024 11:26:50 - INFO - ct_controller.py - SUCCESS - LCMS - Start Acknowledged By Spectrometer
27-05-2024 11:27:00 - INFO - ct_controller.py - SUCCESS - Switch Valve - Sample Loaded From Sample Loop
27-05-2024 11:27:06 - INFO - ct_controller.py - SUCCESS - Switch Valve - Returned To Filling Position
27-05-2024 11:27:06 - INFO - ct_controller.py - SUCCESS - Analysis Cycle: 2 Complete
27-05-2024 11:27:06 - INFO - ct_server.py - Response sent back to client: Success
