17-00-26_16-07-2024  - INFO - ct_server.py - Server loaded connection ids from .json file successfully
17-00-26_16-07-2024  - INFO - ct_server.py - Server listening on port: 10989
17-00-26_16-07-2024  - INFO - ct_controller.py - Loaded hardware settings successfully
17-00-28_16-07-2024  - INFO - ct_controller.py - Phase sensor monitoring started on separate thread.
17-00-28_16-07-2024  - INFO - ct_controller.py - Controller Object Initialized Successfully
17-00-28_16-07-2024  - INFO - ChromTroller.py - Successfully connected to instrument controller
17-00-28_16-07-2024  - INFO - ChromTroller.py - Successfully connected to monitor
17-00-28_16-07-2024  - INFO - ct_analyser.py - loaded analysis settings from json
17-00-28_16-07-2024  - INFO - ct_analyser.py - settings read from analysis json
17-00-28_16-07-2024  - INFO - ct_analyser.py - settings object created
17-00-28_16-07-2024  - INFO - ct_analyser.py - Analyser Object Initialized Successfully
17-00-28_16-07-2024  - INFO - ChromTroller.py - Successfully connected to analyser
17-03-17_16-07-2024  - INFO - ct_server.py - Client connected at 17:03:17_16-07-2024
17-10-10_16-07-2024  - INFO - ct_server.py - Command from client: new_run_name with message: miki4
17-10-10_16-07-2024  - INFO - ChromTroller.py - Command received: new_run_name with data: miki4
17-10-10_16-07-2024  - INFO - ChromTroller.py - new run info object made with name: miki4
17-10-10_16-07-2024  - INFO - ct_server.py - Command from client: set_run_conc with message: 0.1
17-10-10_16-07-2024  - INFO - ChromTroller.py - Command received: set_run_conc with data: 0.1
17-10-10_16-07-2024  - INFO - ct_server.py - Command from client: add_reagents with message: ['tBuOOH', 'NBS']
17-10-10_16-07-2024  - INFO - ChromTroller.py - Command received: add_reagents with data: ['tBuOOH', 'NBS']
17-10-10_16-07-2024  - INFO - ChromTroller.py - reagents: ['tBuOOH', 'NBS'] added to to run info
17-10-10_16-07-2024  - INFO - ct_server.py - Command from client: add_reaction_conditions with message: {'light_intensity': 120, 'residence_time': 50}
17-10-10_16-07-2024  - INFO - ChromTroller.py - Command received: add_reaction_conditions with data: {'light_intensity': 120, 'residence_time': 50}
17-10-10_16-07-2024  - INFO - ChromTroller.py - conditions: {'light_intensity': 120, 'residence_time': 50} added to to run info
17-10-10_16-07-2024  - INFO - ct_server.py - Command from client: start_hplc_run with message: None
17-10-10_16-07-2024  - INFO - ChromTroller.py - Command received: start_hplc_run with data: None
17-10-10_16-07-2024  - INFO - ct_controller.py - {'HPLC_analysis': 'INITIATED'}
17-10-10_16-07-2024  - INFO - ct_controller.py - {'hardware_connection_check': {'Arduino': 'SUCCESS', 'Valve': 'SUCCESS', 'Phase_Sensor': 'SUCCESS', 'LCMS': 'SUCCESS'}}
17-10-10_16-07-2024  - INFO - ct_controller.py - {'filling_pos_check': 'SUCCESS'}
17-10-10_16-07-2024  - INFO - ct_controller.py - {'ps_sample_detection': 'WAITING'}
17-10-10_16-07-2024  - INFO - ct_controller.py - {'ps_sample_detection': 'SUCCESS'}
17-10-10_16-07-2024  - INFO - ct_controller.py - {'send_start_signal': 'SUCCESS'}
17-10-10_16-07-2024  - INFO - ct_controller.py - {'start_request_acknowledged': 'WAITING'}
17-10-10_16-07-2024  - INFO - ct_controller.py - {'start_request_acknowledged': 'SUCCESS'}
17-10-15_16-07-2024  - INFO - ct_controller.py - {'start_signal': 'WAITING'}
17-10-31_16-07-2024  - INFO - ct_controller.py - {'start_signal': 'SUCCESS'}
17-10-31_16-07-2024  - INFO - ct_controller.py - {'valve_switched_to_load': 'INITIATED'}
17-10-31_16-07-2024  - INFO - ct_controller.py - {'valve_switched_to_load': 'SUCCESS'}
17-10-31_16-07-2024  - INFO - ct_controller.py - {'sample_loading': 'WAITING'}
17-10-56_16-07-2024  - INFO - ct_controller.py - {'sample_loading': 'SUCCESS'}
17-10-57_16-07-2024  - INFO - ct_controller.py - {'valve_returned_to_bypass': 'SUCCESS'}
17-10-57_16-07-2024  - INFO - ct_controller.py - {'analysis_cycle_started': 'SUCCESS'}
17-10-57_16-07-2024  - INFO - ChromTroller.py - HPLC initiation: SUCCESS
17-10-57_16-07-2024  - INFO - ct_server.py - Response sent to client: SUCCESS
17-10-57_16-07-2024  - INFO - ct_server.py - Command from client: start_file_monitoring with message: None
17-10-57_16-07-2024  - INFO - ChromTroller.py - Command received: start_file_monitoring with data: None
17-13-20_16-07-2024  - INFO - ct_monitor.py - snapshot-20240716 171320-RoboChem_sample_01.dx
17-13-20_16-07-2024  - INFO - ChromTroller.py - file found: snapshot-20240716 171320-RoboChem_sample_01.dx
17-13-20_16-07-2024  - INFO - ChromTroller.py - new file found: snapshot-20240716 171320-RoboChem_sample_01.dx
17-13-20_16-07-2024  - INFO - ct_server.py - Response sent to client: snapshot-20240716 171320-RoboChem_sample_01.dx
17-13-20_16-07-2024  - INFO - ct_server.py - Command from client: run_data_analysis with message: None
17-13-20_16-07-2024  - INFO - ChromTroller.py - Command received: run_data_analysis with data: None
17-13-20_16-07-2024  - INFO - ct_server.py - Response sent to client: SUCCESS
17-13-20_16-07-2024  - INFO - ct_server.py - Client disconnected at 17_13_20-16_07_2024
17-22-47_16-07-2024  - INFO - ct_server.py - Client connected at 17:22:47_16-07-2024
17-29-39_16-07-2024  - INFO - ct_server.py - Command from client: new_run_name with message: miki_rose_bengal
17-29-39_16-07-2024  - INFO - ChromTroller.py - Command received: new_run_name with data: miki_rose_bengal
17-29-39_16-07-2024  - INFO - ChromTroller.py - new run info object made with name: miki_rose_bengal
17-29-39_16-07-2024  - INFO - ct_server.py - Command from client: set_run_conc with message: 0.1
17-29-39_16-07-2024  - INFO - ChromTroller.py - Command received: set_run_conc with data: 0.1
17-29-39_16-07-2024  - INFO - ct_server.py - Command from client: add_reagents with message: ['tBuOOH', 'NBS']
17-29-39_16-07-2024  - INFO - ChromTroller.py - Command received: add_reagents with data: ['tBuOOH', 'NBS']
17-29-39_16-07-2024  - INFO - ChromTroller.py - reagents: ['tBuOOH', 'NBS'] added to to run info
17-29-39_16-07-2024  - INFO - ct_server.py - Command from client: add_reaction_conditions with message: {'light_intensity': 120, 'residence_time': 50}
17-29-39_16-07-2024  - INFO - ChromTroller.py - Command received: add_reaction_conditions with data: {'light_intensity': 120, 'residence_time': 50}
17-29-39_16-07-2024  - INFO - ChromTroller.py - conditions: {'light_intensity': 120, 'residence_time': 50} added to to run info
17-29-39_16-07-2024  - INFO - ct_server.py - Command from client: start_hplc_run with message: None
17-29-39_16-07-2024  - INFO - ChromTroller.py - Command received: start_hplc_run with data: None
17-29-39_16-07-2024  - INFO - ct_controller.py - {'HPLC_analysis': 'INITIATED'}
17-29-40_16-07-2024  - INFO - ct_controller.py - {'hardware_connection_check': {'Arduino': 'SUCCESS', 'Valve': 'SUCCESS', 'Phase_Sensor': 'SUCCESS', 'LCMS': 'SUCCESS'}}
17-29-40_16-07-2024  - INFO - ct_controller.py - {'filling_pos_check': 'SUCCESS'}
17-29-40_16-07-2024  - INFO - ct_controller.py - {'ps_sample_detection': 'WAITING'}
17-29-40_16-07-2024  - INFO - ct_controller.py - {'ps_sample_detection': 'SUCCESS'}
17-29-40_16-07-2024  - INFO - ct_controller.py - {'send_start_signal': 'SUCCESS'}
17-29-40_16-07-2024  - INFO - ct_controller.py - {'start_request_acknowledged': 'WAITING'}
17-29-40_16-07-2024  - INFO - ct_controller.py - {'start_request_acknowledged': 'SUCCESS'}
17-29-45_16-07-2024  - INFO - ct_controller.py - {'start_signal': 'WAITING'}
17-30-00_16-07-2024  - INFO - ct_controller.py - {'start_signal': 'SUCCESS'}
17-30-00_16-07-2024  - INFO - ct_controller.py - {'valve_switched_to_load': 'INITIATED'}
17-30-00_16-07-2024  - INFO - ct_controller.py - {'valve_switched_to_load': 'SUCCESS'}
17-30-00_16-07-2024  - INFO - ct_controller.py - {'sample_loading': 'WAITING'}
17-30-25_16-07-2024  - INFO - ct_controller.py - {'sample_loading': 'SUCCESS'}
17-30-26_16-07-2024  - INFO - ct_controller.py - {'valve_returned_to_bypass': 'SUCCESS'}
17-30-26_16-07-2024  - INFO - ct_controller.py - {'analysis_cycle_started': 'SUCCESS'}
17-30-26_16-07-2024  - INFO - ChromTroller.py - HPLC initiation: SUCCESS
17-30-26_16-07-2024  - INFO - ct_server.py - Response sent to client: SUCCESS
17-30-26_16-07-2024  - INFO - ct_server.py - Command from client: start_file_monitoring with message: None
17-30-26_16-07-2024  - INFO - ChromTroller.py - Command received: start_file_monitoring with data: None
17-34-03_16-07-2024  - INFO - ct_monitor.py - RoboChem_sample_02.dx
17-34-03_16-07-2024  - INFO - ChromTroller.py - file found: RoboChem_sample_02.dx
17-34-03_16-07-2024  - INFO - ChromTroller.py - new file found: RoboChem_sample_02.dx
17-34-03_16-07-2024  - INFO - ct_server.py - Response sent to client: RoboChem_sample_02.dx
17-34-04_16-07-2024  - INFO - ct_server.py - Command from client: run_data_analysis with message: None
17-34-04_16-07-2024  - INFO - ChromTroller.py - Command received: run_data_analysis with data: None
17-34-04_16-07-2024  - INFO - ct_server.py - Response sent to client: SUCCESS
17-34-04_16-07-2024  - INFO - ct_server.py - Client disconnected at 17_34_04-16_07_2024
17-37-06_16-07-2024  - INFO - ct_server.py - Client connected at 17:37:06_16-07-2024
17-44-00_16-07-2024  - INFO - ct_server.py - Command from client: new_run_name with message: miki_eosin_Y
17-44-00_16-07-2024  - INFO - ChromTroller.py - Command received: new_run_name with data: miki_eosin_Y
17-44-00_16-07-2024  - INFO - ChromTroller.py - new run info object made with name: miki_eosin_Y
17-44-01_16-07-2024  - INFO - ct_server.py - Command from client: set_run_conc with message: 0.1
17-44-01_16-07-2024  - INFO - ChromTroller.py - Command received: set_run_conc with data: 0.1
17-44-01_16-07-2024  - INFO - ct_server.py - Command from client: add_reagents with message: ['tBuOOH', 'NBS']
17-44-01_16-07-2024  - INFO - ChromTroller.py - Command received: add_reagents with data: ['tBuOOH', 'NBS']
17-44-01_16-07-2024  - INFO - ChromTroller.py - reagents: ['tBuOOH', 'NBS'] added to to run info
17-44-01_16-07-2024  - INFO - ct_server.py - Command from client: add_reaction_conditions with message: {'light_intensity': 120, 'residence_time': 50}
17-44-01_16-07-2024  - INFO - ChromTroller.py - Command received: add_reaction_conditions with data: {'light_intensity': 120, 'residence_time': 50}
17-44-01_16-07-2024  - INFO - ChromTroller.py - conditions: {'light_intensity': 120, 'residence_time': 50} added to to run info
17-44-01_16-07-2024  - INFO - ct_server.py - Command from client: start_hplc_run with message: None
17-44-01_16-07-2024  - INFO - ChromTroller.py - Command received: start_hplc_run with data: None
17-44-01_16-07-2024  - INFO - ct_controller.py - {'HPLC_analysis': 'INITIATED'}
17-44-01_16-07-2024  - INFO - ct_controller.py - {'hardware_connection_check': {'Arduino': 'SUCCESS', 'Valve': 'SUCCESS', 'Phase_Sensor': 'SUCCESS', 'LCMS': 'SUCCESS'}}
17-44-01_16-07-2024  - INFO - ct_controller.py - {'filling_pos_check': 'SUCCESS'}
17-44-01_16-07-2024  - INFO - ct_controller.py - {'ps_sample_detection': 'WAITING'}
17-44-01_16-07-2024  - INFO - ct_controller.py - {'ps_sample_detection': 'SUCCESS'}
17-44-01_16-07-2024  - INFO - ct_controller.py - {'send_start_signal': 'SUCCESS'}
17-44-01_16-07-2024  - INFO - ct_controller.py - {'start_request_acknowledged': 'WAITING'}
17-44-01_16-07-2024  - INFO - ct_controller.py - {'start_request_acknowledged': 'SUCCESS'}
17-44-06_16-07-2024  - INFO - ct_controller.py - {'start_signal': 'WAITING'}
17-44-21_16-07-2024  - INFO - ct_controller.py - {'start_signal': 'SUCCESS'}
17-44-21_16-07-2024  - INFO - ct_controller.py - {'valve_switched_to_load': 'INITIATED'}
17-44-21_16-07-2024  - INFO - ct_controller.py - {'valve_switched_to_load': 'SUCCESS'}
17-44-21_16-07-2024  - INFO - ct_controller.py - {'sample_loading': 'WAITING'}
17-44-46_16-07-2024  - INFO - ct_controller.py - {'sample_loading': 'SUCCESS'}
17-44-47_16-07-2024  - INFO - ct_controller.py - {'valve_returned_to_bypass': 'SUCCESS'}
17-44-47_16-07-2024  - INFO - ct_controller.py - {'analysis_cycle_started': 'SUCCESS'}
17-44-47_16-07-2024  - INFO - ChromTroller.py - HPLC initiation: SUCCESS
17-44-47_16-07-2024  - INFO - ct_server.py - Response sent to client: SUCCESS
17-44-47_16-07-2024  - INFO - ct_server.py - Command from client: start_file_monitoring with message: None
17-44-47_16-07-2024  - INFO - ChromTroller.py - Command received: start_file_monitoring with data: None
17-48-24_16-07-2024  - INFO - ct_monitor.py - RoboChem_sample_03.dx
17-48-24_16-07-2024  - INFO - ChromTroller.py - file found: RoboChem_sample_03.dx
17-48-24_16-07-2024  - INFO - ChromTroller.py - new file found: RoboChem_sample_03.dx
17-48-24_16-07-2024  - INFO - ct_server.py - Response sent to client: RoboChem_sample_03.dx
17-48-24_16-07-2024  - INFO - ct_server.py - Command from client: run_data_analysis with message: None
17-48-24_16-07-2024  - INFO - ChromTroller.py - Command received: run_data_analysis with data: None
17-48-24_16-07-2024  - INFO - ct_server.py - Response sent to client: SUCCESS
17-48-24_16-07-2024  - INFO - ct_server.py - Client disconnected at 17_48_24-16_07_2024
18-14-49_16-07-2024  - INFO - ct_server.py - Client connected at 18:14:49_16-07-2024
18-25-39_16-07-2024  - INFO - ct_server.py - Command from client: new_run_name with message: miki_eosin_Y_attempt2
18-25-39_16-07-2024  - INFO - ChromTroller.py - Command received: new_run_name with data: miki_eosin_Y_attempt2
18-25-39_16-07-2024  - INFO - ChromTroller.py - new run info object made with name: miki_eosin_Y_attempt2
18-25-39_16-07-2024  - INFO - ct_server.py - Command from client: set_run_conc with message: 0.1
18-25-39_16-07-2024  - INFO - ChromTroller.py - Command received: set_run_conc with data: 0.1
18-25-39_16-07-2024  - INFO - ct_server.py - Command from client: add_reagents with message: ['tBuOOH', 'NBS']
18-25-39_16-07-2024  - INFO - ChromTroller.py - Command received: add_reagents with data: ['tBuOOH', 'NBS']
18-25-39_16-07-2024  - INFO - ChromTroller.py - reagents: ['tBuOOH', 'NBS'] added to to run info
18-25-39_16-07-2024  - INFO - ct_server.py - Command from client: add_reaction_conditions with message: {'light_intensity': 300, 'residence_time': 50}
18-25-39_16-07-2024  - INFO - ChromTroller.py - Command received: add_reaction_conditions with data: {'light_intensity': 300, 'residence_time': 50}
18-25-39_16-07-2024  - INFO - ChromTroller.py - conditions: {'light_intensity': 300, 'residence_time': 50} added to to run info
18-25-39_16-07-2024  - INFO - ct_server.py - Command from client: start_hplc_run with message: None
18-25-39_16-07-2024  - INFO - ChromTroller.py - Command received: start_hplc_run with data: None
18-25-39_16-07-2024  - INFO - ct_controller.py - {'HPLC_analysis': 'INITIATED'}
18-25-39_16-07-2024  - INFO - ct_controller.py - {'hardware_connection_check': {'Arduino': 'SUCCESS', 'Valve': 'SUCCESS', 'Phase_Sensor': 'SUCCESS', 'LCMS': 'SUCCESS'}}
18-25-39_16-07-2024  - INFO - ct_controller.py - {'filling_pos_check': 'SUCCESS'}
18-25-39_16-07-2024  - INFO - ct_controller.py - {'ps_sample_detection': 'WAITING'}
18-25-39_16-07-2024  - INFO - ct_controller.py - {'ps_sample_detection': 'SUCCESS'}
18-25-39_16-07-2024  - INFO - ct_controller.py - {'send_start_signal': 'SUCCESS'}
18-25-39_16-07-2024  - INFO - ct_controller.py - {'start_request_acknowledged': 'WAITING'}
18-25-39_16-07-2024  - INFO - ct_controller.py - {'start_request_acknowledged': 'SUCCESS'}
18-25-44_16-07-2024  - INFO - ct_controller.py - {'start_signal': 'WAITING'}
18-26-00_16-07-2024  - INFO - ct_controller.py - {'start_signal': 'SUCCESS'}
18-26-00_16-07-2024  - INFO - ct_controller.py - {'valve_switched_to_load': 'INITIATED'}
18-26-00_16-07-2024  - INFO - ct_controller.py - {'valve_switched_to_load': 'SUCCESS'}
18-26-00_16-07-2024  - INFO - ct_controller.py - {'sample_loading': 'WAITING'}
18-26-25_16-07-2024  - INFO - ct_controller.py - {'sample_loading': 'SUCCESS'}
18-26-25_16-07-2024  - INFO - ct_controller.py - {'valve_returned_to_bypass': 'SUCCESS'}
18-26-25_16-07-2024  - INFO - ct_controller.py - {'analysis_cycle_started': 'SUCCESS'}
18-26-25_16-07-2024  - INFO - ChromTroller.py - HPLC initiation: SUCCESS
18-26-25_16-07-2024  - INFO - ct_server.py - Response sent to client: SUCCESS
18-26-25_16-07-2024  - INFO - ct_server.py - Command from client: start_file_monitoring with message: None
18-26-25_16-07-2024  - INFO - ChromTroller.py - Command received: start_file_monitoring with data: None
