27-05-2024 13:49:38 - INFO - ct_controller.py - SensorMonitor Initialized Successfully
27-05-2024 13:49:38 - INFO - ct_controller.py - Phase sensor monitoring started on separate thread.
27-05-2024 13:49:38 - INFO - ct_controller.py - Controller Object Initialized Successfully
27-05-2024 13:49:38 - INFO - ct_server.py - Server successfully connected to instrument controller
27-05-2024 13:49:38 - INFO - ct_server.py - Server listening on port: 10989
27-05-2024 13:49:43 - INFO - ct_server.py - Client: ('127.0.0.1', 64982) successfully connected
27-05-2024 13:49:45 - INFO - ct_server.py - Command received from client: 1
27-05-2024 13:49:45 - INFO - ct_server.py - Response sent back to client: LCMS_Controller
27-05-2024 13:53:21 - INFO - ct_server.py - Command received from client: Analyse
27-05-2024 13:53:21 - INFO - ct_controller.py - Analysis Process Initiated...
27-05-2024 13:53:21 - INFO - ct_controller.py - SUCCESS - Hardware Connections Verified
27-05-2024 13:53:21 - INFO - ct_controller.py - SUCCESS - Phase Sensor - Sample Detected
27-05-2024 13:53:21 - INFO - ct_controller.py - SUCCESS - Switch Valve - Filling Loop Filled
27-05-2024 13:53:21 - INFO - ct_controller.py - SUCCESS - LCMS - Start Signal Sent By Arduino
27-05-2024 13:54:01 - INFO - ct_controller.py - SUCCESS - LCMS - Start Acknowledged By Spectrometer
27-05-2024 13:54:11 - INFO - ct_controller.py - SUCCESS - Switch Valve - Sample Loaded From Sample Loop
27-05-2024 13:54:23 - INFO - ct_controller.py - SUCCESS - Switch Valve - Returned To Filling Position
27-05-2024 13:54:23 - INFO - ct_controller.py - SUCCESS - Analysis Cycle: 1 Complete
27-05-2024 13:54:23 - INFO - ct_server.py - Response sent back to client: SUCCESS - Analysis Cycle: 1 Complete
27-05-2024 13:55:05 - INFO - ct_server.py - Command received from client: Stop
27-05-2024 13:55:05 - INFO - ct_controller.py - Analysis Stopped
27-05-2024 13:55:05 - INFO - ct_server.py - Response sent back to client: Analysis Completed
27-05-2024 13:55:40 - INFO - ct_server.py - Command received from client: Stop
27-05-2024 13:55:40 - INFO - ct_controller.py - Analysis Stopped
27-05-2024 13:55:40 - INFO - ct_server.py - Response sent back to client: Analysis Completed
27-05-2024 13:58:15 - INFO - ct_server.py - Command received from client: Analyse
27-05-2024 13:58:15 - INFO - ct_controller.py - Analysis Process Initiated...
27-05-2024 13:58:15 - INFO - ct_controller.py - SUCCESS - Hardware Connections Verified
27-05-2024 13:58:15 - INFO - ct_controller.py - SUCCESS - Phase Sensor - Sample Detected
27-05-2024 13:58:15 - INFO - ct_controller.py - SUCCESS - Switch Valve - Filling Loop Filled
27-05-2024 13:58:15 - INFO - ct_controller.py - SUCCESS - LCMS - Start Signal Sent By Arduino
27-05-2024 13:58:56 - INFO - ct_controller.py - SUCCESS - LCMS - Start Acknowledged By Spectrometer
27-05-2024 13:59:06 - INFO - ct_controller.py - SUCCESS - Switch Valve - Sample Loaded From Sample Loop
27-05-2024 13:59:18 - INFO - ct_controller.py - SUCCESS - Switch Valve - Returned To Filling Position
27-05-2024 13:59:18 - INFO - ct_controller.py - SUCCESS - Analysis Cycle: 2 Complete
27-05-2024 13:59:18 - INFO - ct_server.py - Response sent back to client: SUCCESS - Analysis Cycle: 2 Complete
27-05-2024 14:00:05 - INFO - ct_server.py - Command received from client: Stop
27-05-2024 14:00:05 - INFO - ct_controller.py - Analysis Stopped
27-05-2024 14:00:05 - INFO - ct_server.py - Response sent back to client: Analysis Completed
27-05-2024 14:00:09 - INFO - ct_server.py - Command received from client: Analyse
27-05-2024 14:00:09 - INFO - ct_controller.py - Analysis Process Initiated...
27-05-2024 14:00:09 - INFO - ct_controller.py - SUCCESS - Hardware Connections Verified
27-05-2024 14:00:09 - INFO - ct_controller.py - SUCCESS - Phase Sensor - Sample Detected
27-05-2024 14:00:09 - INFO - ct_controller.py - SUCCESS - Switch Valve - Filling Loop Filled
27-05-2024 14:00:09 - INFO - ct_controller.py - SUCCESS - LCMS - Start Signal Sent By Arduino
27-05-2024 14:00:49 - INFO - ct_controller.py - SUCCESS - LCMS - Start Acknowledged By Spectrometer
27-05-2024 14:00:59 - INFO - ct_controller.py - SUCCESS - Switch Valve - Sample Loaded From Sample Loop
27-05-2024 14:01:11 - INFO - ct_controller.py - SUCCESS - Switch Valve - Returned To Filling Position
27-05-2024 14:01:11 - INFO - ct_controller.py - SUCCESS - Analysis Cycle: 3 Complete
27-05-2024 14:01:11 - INFO - ct_server.py - Response sent back to client: SUCCESS - Analysis Cycle: 3 Complete
