16-34-17_23-07-2024  - INFO - ct_server.py - Server loaded connection ids from .json file successfully
16-34-17_23-07-2024  - INFO - ct_server.py - Server listening on port: 10989
16-34-17_23-07-2024  - INFO - ct_controller.py - Loaded hardware settings successfully
16-34-19_23-07-2024  - INFO - ct_controller.py - Phase sensor monitoring started on separate thread.
16-34-19_23-07-2024  - INFO - ct_controller.py - Controller Object Initialized Successfully
16-34-19_23-07-2024  - INFO - ChromTroller.py - Successfully connected to instrument controller
16-34-19_23-07-2024  - INFO - ChromTroller.py - Successfully connected to monitor
16-34-19_23-07-2024  - INFO - ct_analyser.py - loaded analysis settings from json
16-34-19_23-07-2024  - INFO - ct_analyser.py - settings read from analysis json
16-34-19_23-07-2024  - INFO - ct_analyser.py - settings object created
16-34-19_23-07-2024  - INFO - ct_analyser.py - Analyser Object Initialized Successfully
16-34-19_23-07-2024  - INFO - ChromTroller.py - Successfully connected to analyser
16-57-14_23-07-2024  - INFO - ct_server.py - Client connected at 16:57:14_23-07-2024
17-10-34_23-07-2024  - INFO - ct_server.py - Command from client: new_run_name with message: miki_1_2_3
17-10-34_23-07-2024  - INFO - ChromTroller.py - Command received: new_run_name with data: miki_1_2_3
17-10-34_23-07-2024  - INFO - ChromTroller.py - new run info object made with name: miki_1_2_3
17-10-34_23-07-2024  - INFO - ct_server.py - Command from client: set_run_conc with message: 0.1
17-10-34_23-07-2024  - INFO - ChromTroller.py - Command received: set_run_conc with data: 0.1
17-10-34_23-07-2024  - INFO - ct_server.py - Command from client: add_reagents with message: ['tBuOOH', 'NBS']
17-10-34_23-07-2024  - INFO - ChromTroller.py - Command received: add_reagents with data: ['tBuOOH', 'NBS']
17-10-34_23-07-2024  - INFO - ChromTroller.py - reagents: ['tBuOOH', 'NBS'] added to to run info
17-10-34_23-07-2024  - INFO - ct_server.py - Command from client: add_reaction_conditions with message: {'light_intensity': 300, 'residence_time': 50}
17-10-34_23-07-2024  - INFO - ChromTroller.py - Command received: add_reaction_conditions with data: {'light_intensity': 300, 'residence_time': 50}
17-10-34_23-07-2024  - INFO - ChromTroller.py - conditions: {'light_intensity': 300, 'residence_time': 50} added to to run info
17-10-34_23-07-2024  - INFO - ct_server.py - Command from client: start_hplc_run with message: None
17-10-34_23-07-2024  - INFO - ChromTroller.py - Command received: start_hplc_run with data: None
17-10-34_23-07-2024  - INFO - ct_controller.py - {'HPLC_analysis': 'INITIATED'}
17-10-34_23-07-2024  - INFO - ct_controller.py - {'hardware_connection_check': {'Arduino': 'SUCCESS', 'Valve': 'SUCCESS', 'Phase_Sensor': 'SUCCESS', 'LCMS': 'SUCCESS'}}
17-10-34_23-07-2024  - INFO - ct_controller.py - {'filling_pos_check': 'SUCCESS'}
17-10-34_23-07-2024  - INFO - ct_controller.py - {'ps_sample_detection': 'WAITING'}
17-10-34_23-07-2024  - INFO - ct_controller.py - {'ps_sample_detection': 'SUCCESS'}
17-10-35_23-07-2024  - INFO - ct_controller.py - {'send_start_signal': 'SUCCESS'}
17-10-35_23-07-2024  - INFO - ct_controller.py - {'start_request_acknowledged': 'WAITING'}
17-10-35_23-07-2024  - INFO - ct_controller.py - {'start_request_acknowledged': 'SUCCESS'}
17-10-40_23-07-2024  - INFO - ct_controller.py - {'start_signal': 'WAITING'}
17-10-55_23-07-2024  - INFO - ct_controller.py - {'start_signal': 'SUCCESS'}
17-10-55_23-07-2024  - INFO - ct_controller.py - {'valve_switched_to_load': 'INITIATED'}
17-10-55_23-07-2024  - INFO - ct_controller.py - {'valve_switched_to_load': 'SUCCESS'}
17-10-55_23-07-2024  - INFO - ct_controller.py - {'sample_loading': 'WAITING'}
17-11-20_23-07-2024  - INFO - ct_controller.py - {'sample_loading': 'SUCCESS'}
17-11-21_23-07-2024  - INFO - ct_controller.py - {'valve_returned_to_bypass': 'SUCCESS'}
17-11-21_23-07-2024  - INFO - ct_controller.py - {'analysis_cycle_started': 'SUCCESS'}
17-11-21_23-07-2024  - INFO - ChromTroller.py - HPLC initiation: SUCCESS
17-11-21_23-07-2024  - INFO - ct_server.py - Response sent to client: SUCCESS
17-11-21_23-07-2024  - INFO - ct_server.py - Command from client: start_file_monitoring with message: None
17-11-21_23-07-2024  - INFO - ChromTroller.py - Command received: start_file_monitoring with data: None
17-14-58_23-07-2024  - INFO - ct_monitor.py - RoboChem_sample_03.dx
17-14-58_23-07-2024  - INFO - ChromTroller.py - file found: RoboChem_sample_03.dx
17-14-58_23-07-2024  - INFO - ChromTroller.py - new file found: RoboChem_sample_03.dx
17-14-58_23-07-2024  - INFO - ct_server.py - Response sent to client: RoboChem_sample_03.dx
17-14-58_23-07-2024  - INFO - ct_server.py - Command from client: run_data_analysis with message: None
17-14-58_23-07-2024  - INFO - ChromTroller.py - Command received: run_data_analysis with data: None
17-14-58_23-07-2024  - INFO - ct_server.py - Response sent to client: SUCCESS
17-14-58_23-07-2024  - INFO - ct_server.py - Client disconnected at 17_14_58-23_07_2024
17-29-11_23-07-2024  - INFO - ct_server.py - Client connected at 17:29:11_23-07-2024
17-42-27_23-07-2024  - INFO - ct_server.py - Command from client: new_run_name with message: miki_1_2_5
17-42-27_23-07-2024  - INFO - ChromTroller.py - Command received: new_run_name with data: miki_1_2_5
17-42-27_23-07-2024  - INFO - ChromTroller.py - new run info object made with name: miki_1_2_5
17-42-27_23-07-2024  - INFO - ct_server.py - Command from client: set_run_conc with message: 0.1
17-42-27_23-07-2024  - INFO - ChromTroller.py - Command received: set_run_conc with data: 0.1
17-42-27_23-07-2024  - INFO - ct_server.py - Command from client: add_reagents with message: ['tBuOOH', 'NBS']
17-42-27_23-07-2024  - INFO - ChromTroller.py - Command received: add_reagents with data: ['tBuOOH', 'NBS']
17-42-27_23-07-2024  - INFO - ChromTroller.py - reagents: ['tBuOOH', 'NBS'] added to to run info
17-42-27_23-07-2024  - INFO - ct_server.py - Command from client: add_reaction_conditions with message: {'light_intensity': 300, 'residence_time': 50}
17-42-27_23-07-2024  - INFO - ChromTroller.py - Command received: add_reaction_conditions with data: {'light_intensity': 300, 'residence_time': 50}
17-42-27_23-07-2024  - INFO - ChromTroller.py - conditions: {'light_intensity': 300, 'residence_time': 50} added to to run info
17-42-27_23-07-2024  - INFO - ct_server.py - Command from client: start_hplc_run with message: None
17-42-27_23-07-2024  - INFO - ChromTroller.py - Command received: start_hplc_run with data: None
17-42-27_23-07-2024  - INFO - ct_controller.py - {'HPLC_analysis': 'INITIATED'}
17-42-27_23-07-2024  - INFO - ct_controller.py - {'hardware_connection_check': {'Arduino': 'SUCCESS', 'Valve': 'SUCCESS', 'Phase_Sensor': 'SUCCESS', 'LCMS': 'SUCCESS'}}
17-42-27_23-07-2024  - INFO - ct_controller.py - {'filling_pos_check': 'SUCCESS'}
17-42-27_23-07-2024  - INFO - ct_controller.py - {'ps_sample_detection': 'WAITING'}
17-42-27_23-07-2024  - INFO - ct_controller.py - {'ps_sample_detection': 'SUCCESS'}
17-42-27_23-07-2024  - INFO - ct_controller.py - {'send_start_signal': 'SUCCESS'}
17-42-28_23-07-2024  - INFO - ct_controller.py - {'start_request_acknowledged': 'WAITING'}
17-42-28_23-07-2024  - INFO - ct_controller.py - {'start_request_acknowledged': 'SUCCESS'}
17-42-33_23-07-2024  - INFO - ct_controller.py - {'start_signal': 'WAITING'}
17-42-48_23-07-2024  - INFO - ct_controller.py - {'start_signal': 'SUCCESS'}
17-42-48_23-07-2024  - INFO - ct_controller.py - {'valve_switched_to_load': 'INITIATED'}
17-42-48_23-07-2024  - INFO - ct_controller.py - {'valve_switched_to_load': 'SUCCESS'}
17-42-48_23-07-2024  - INFO - ct_controller.py - {'sample_loading': 'WAITING'}
17-43-13_23-07-2024  - INFO - ct_controller.py - {'sample_loading': 'SUCCESS'}
17-43-14_23-07-2024  - INFO - ct_controller.py - {'valve_returned_to_bypass': 'SUCCESS'}
17-43-14_23-07-2024  - INFO - ct_controller.py - {'analysis_cycle_started': 'SUCCESS'}
17-43-14_23-07-2024  - INFO - ChromTroller.py - HPLC initiation: SUCCESS
17-43-14_23-07-2024  - INFO - ct_server.py - Response sent to client: SUCCESS
17-43-14_23-07-2024  - INFO - ct_server.py - Command from client: start_file_monitoring with message: None
17-43-14_23-07-2024  - INFO - ChromTroller.py - Command received: start_file_monitoring with data: None
17-46-51_23-07-2024  - INFO - ct_monitor.py - RoboChem_sample_04.dx
17-46-51_23-07-2024  - INFO - ChromTroller.py - file found: RoboChem_sample_04.dx
17-46-51_23-07-2024  - INFO - ChromTroller.py - new file found: RoboChem_sample_04.dx
17-46-51_23-07-2024  - INFO - ct_server.py - Response sent to client: RoboChem_sample_04.dx
17-46-51_23-07-2024  - INFO - ct_server.py - Command from client: run_data_analysis with message: None
17-46-51_23-07-2024  - INFO - ChromTroller.py - Command received: run_data_analysis with data: None
17-46-51_23-07-2024  - INFO - ct_server.py - Response sent to client: SUCCESS
17-46-51_23-07-2024  - INFO - ct_server.py - Client disconnected at 17_46_51-23_07_2024
