15-27-32_09-07-2024  - INFO - ct_server.py - Server loaded connection ids from .json file successfully
15-27-32_09-07-2024  - INFO - ct_server.py - Server listening on port: 10989
15-27-32_09-07-2024  - INFO - ct_controller.py - Phase sensor monitoring started on separate thread.
15-27-32_09-07-2024  - INFO - ct_controller.py - Controller Object Initialized Successfully
15-27-32_09-07-2024  - INFO - ChromTroller.py - Successfully connected to instrument controller
15-27-32_09-07-2024  - INFO - ChromTroller.py - Successfully connected to monitor
15-27-32_09-07-2024  - INFO - ct_analyser.py - loaded analysis settings from json
15-27-32_09-07-2024  - INFO - ct_analyser.py - settings read from analysis json
15-27-32_09-07-2024  - INFO - ct_analyser.py - settings object created
15-27-32_09-07-2024  - INFO - ct_analyser.py - Analyser Object Initialized Successfully
15-27-32_09-07-2024  - INFO - ChromTroller.py - Successfully connected to analyser
15-30-53_09-07-2024  - INFO - ct_server.py - client attempted to connect 10.10.29.199
15-30-53_09-07-2024  - INFO - ct_server.py - Client connected at 15:30:53_09-07-2024
15-30-53_09-07-2024  - INFO - ct_server.py - Command from client: new_run_name with message: 1
15-30-53_09-07-2024  - INFO - ChromTroller.py - Command received: new_run_name with data: 1
15-30-53_09-07-2024  - INFO - ct_server.py - Command from client: set_run_conc with message: 0.999
15-30-53_09-07-2024  - INFO - ChromTroller.py - Command received: set_run_conc with data: 0.999
15-30-53_09-07-2024  - INFO - ct_server.py - Command from client: add_reagents with message: ['EtPh', 'BP', 'One']
15-30-53_09-07-2024  - INFO - ChromTroller.py - Command received: add_reagents with data: ['EtPh', 'BP', 'One']
15-30-53_09-07-2024  - INFO - ct_server.py - Command from client: add_reaction_conditions with message: {'light_intensity': 35, 'residence_time': 15}
15-30-53_09-07-2024  - INFO - ChromTroller.py - Command received: add_reaction_conditions with data: {'light_intensity': 35, 'residence_time': 15}
15-30-53_09-07-2024  - INFO - ct_server.py - Command from client: start_hplc_run with message: None
15-30-53_09-07-2024  - INFO - ChromTroller.py - Command received: start_hplc_run with data: None
15-30-53_09-07-2024  - INFO - ct_controller.py - {'analysis': 'INITIATED'}
15-30-53_09-07-2024  - INFO - ct_controller.py - {'hardware_connection_check': 'SUCCESS'}
15-30-53_09-07-2024  - INFO - ct_controller.py - {'ps_sample_detection': 'SUCCESS'}
15-31-02_09-07-2024  - INFO - ct_controller.py - {'full_sample_loop_check': 'SUCCESS'}
15-31-02_09-07-2024  - INFO - ct_controller.py - {'send_start_signal': 'SUCCESS'}
15-31-02_09-07-2024  - INFO - ct_controller.py - {'start_signal_acknowledged': 'SUCCESS'}
15-31-12_09-07-2024  - INFO - ct_controller.py - {'valve_switched_to_load': 'SUCCESS'}
15-31-24_09-07-2024  - INFO - ct_controller.py - {'sample_loaded': 'SUCCESS'}
15-31-24_09-07-2024  - INFO - ct_controller.py - {'valve_returned_to_bypass': 'SUCCESS'}
15-31-24_09-07-2024  - INFO - ct_controller.py - {'analysis_cycle_started': 'SUCCESS'}
15-31-24_09-07-2024  - INFO - ct_server.py - Response sent to client: HPLC: SUCCESS
15-31-24_09-07-2024  - INFO - ct_server.py - Command from client: start_file_monitoring with message: None
15-31-24_09-07-2024  - INFO - ChromTroller.py - Command received: start_file_monitoring with data: None
