12-05-27_02-09-2024  - INFO - ChromTroller.py - Loaded chromtroller settings successfully
12-05-27_02-09-2024  - INFO - ChromTroller.py - Set RunLog path successfully
12-05-27_02-09-2024  - INFO - ct_server.py - Server loaded connection ids from .json file successfully
12-05-27_02-09-2024  - INFO - ct_server.py - Server listening on port: 10989
12-05-27_02-09-2024  - INFO - ChromTroller.py - Server Initialization: SUCCESS 
12-05-27_02-09-2024  - INFO - ct_controller.py - Loaded hardware settings successfully
12-05-29_02-09-2024  - INFO - ct_controller.py - Phase sensor monitoring started on separate thread.
12-05-29_02-09-2024  - INFO - ct_controller.py - Controller Object Initialized Successfully
12-05-29_02-09-2024  - INFO - ChromTroller.py - Controller Connection: SUCCESS 
12-08-19_02-09-2024  - INFO - ct_server.py - Client connected at 12:08:19_02-09-2024
12-17-17_02-09-2024  - INFO - ChromTroller.py - Command received: new_run_name with data: TEST
12-17-17_02-09-2024  - INFO - ChromTroller.py - New RunLog created: TEST
12-17-18_02-09-2024  - INFO - ChromTroller.py - Command received: set_run_conc with data: 0.11
12-17-18_02-09-2024  - INFO - ChromTroller.py - Command received: add_reagents with data: ['Polystyrene', 0.11, 'tBuOOH', 3, 'NBS', 0.3]
12-17-18_02-09-2024  - INFO - ChromTroller.py - RunLog updated with reagents: ['Polystyrene', 0.11, 'tBuOOH', 3, 'NBS', 0.3]
12-17-18_02-09-2024  - INFO - ChromTroller.py - Command received: add_reaction_conditions with data: {'residence_time': 240, 'light_intensity': 95}
12-17-18_02-09-2024  - INFO - ChromTroller.py - RunLog updated with conditions: {'residence_time': 240, 'light_intensity': 95}
12-17-18_02-09-2024  - INFO - ChromTroller.py - Command received: start_hplc_run with data: None
12-17-18_02-09-2024  - INFO - ChromTroller.py - HPLC analysis initiated
12-17-18_02-09-2024  - INFO - ct_controller.py - {'HPLC_analysis': 'INITIATED'}
12-17-18_02-09-2024  - INFO - ct_controller.py - {'hardware_connection_check': {'Arduino': 'SUCCESS', 'Valve': 'SUCCESS', 'Phase_Sensor': 'SUCCESS', 'LCMS': 'SUCCESS'}}
12-17-18_02-09-2024  - INFO - ct_controller.py - {'filling_pos_check': 'SUCCESS'}
12-17-18_02-09-2024  - INFO - ct_controller.py - {'ps_sample_detection': 'BYPASSED'}
12-17-18_02-09-2024  - INFO - ct_controller.py - {'send_start_signal': 'SUCCESS'}
12-17-18_02-09-2024  - INFO - ct_controller.py - {'start_request_acknowledged': 'WAITING'}
12-17-18_02-09-2024  - INFO - ct_controller.py - {'start_request_acknowledged': 'SUCCESS'}
12-17-23_02-09-2024  - INFO - ct_controller.py - {'start_signal': 'WAITING'}
12-17-38_02-09-2024  - INFO - ct_controller.py - {'start_signal': 'SUCCESS'}
12-17-38_02-09-2024  - INFO - ct_controller.py - {'valve_switched_to_load': 'INITIATED'}
12-17-39_02-09-2024  - INFO - ct_controller.py - {'valve_switched_to_load': 'SUCCESS'}
12-17-39_02-09-2024  - INFO - ct_controller.py - {'sample_loading': 'WAITING'}
12-18-04_02-09-2024  - INFO - ct_controller.py - {'sample_loading': 'SUCCESS'}
12-18-04_02-09-2024  - INFO - ct_controller.py - {'valve_returned_to_bypass': 'SUCCESS'}
12-18-04_02-09-2024  - INFO - ct_controller.py - {'analysis_cycle_started': 'SUCCESS'}
12-18-04_02-09-2024  - INFO - ChromTroller.py - HPLC analysis initiation: SUCCESS
12-18-04_02-09-2024  - INFO - ct_server.py - Response sent to client: SUCCESS
12-18-04_02-09-2024  - INFO - ChromTroller.py - Command received: start_file_monitoring with data: None
12-18-04_02-09-2024  - INFO - ChromTroller.py - Current results directory set to: D:\CDSProjects\Polymer_Degradation\Results\RoboChem_debugg_samples_02-09-24.rslt
12-18-04_02-09-2024  - INFO - ChromTroller.py - File Monitoring Started.
12-21-41_02-09-2024  - INFO - ct_monitor.py - New File identified by ct_monitor: RoboChem_sample_02.dx
12-21-41_02-09-2024  - INFO - ct_monitor.py - RoboChem_sample_02.dx
12-21-42_02-09-2024  - INFO - ChromTroller.py - New File Found: RoboChem_sample_02.dx
12-21-42_02-09-2024  - INFO - ct_server.py - Response sent to client: RoboChem_sample_02.dx
12-21-42_02-09-2024  - INFO - ChromTroller.py - Command received: run_data_analysis with data: None
12-21-42_02-09-2024  - INFO - ChromTroller.py - Current results directory set to: D:\CDSProjects\Polymer_Degradation\Results\RoboChem_debugg_samples_02-09-24.rslt
12-21-42_02-09-2024  - INFO - ct_analyser_simple.py - loaded analysis settings from json
12-21-42_02-09-2024  - INFO - ct_analyser_simple.py - settings object created from analysis json
12-21-42_02-09-2024  - INFO - ct_analyser_simple.py - Analyser Object Initialized Successfully
13-12-16_02-09-2024  - INFO - ct_server.py - Client connected at 13:12:16_02-09-2024
13-21-20_02-09-2024  - INFO - ChromTroller.py - Command received: new_run_name with data: TEST
13-21-20_02-09-2024  - INFO - ChromTroller.py - New RunLog created: TEST
13-21-21_02-09-2024  - INFO - ChromTroller.py - Command received: set_run_conc with data: 0.11
13-21-21_02-09-2024  - INFO - ChromTroller.py - Command received: add_reagents with data: ['Polystyrene', 0.11, 'tBuOOH', 3, 'NBS', 0.3]
13-21-21_02-09-2024  - INFO - ChromTroller.py - RunLog updated with reagents: ['Polystyrene', 0.11, 'tBuOOH', 3, 'NBS', 0.3]
13-21-21_02-09-2024  - INFO - ChromTroller.py - Command received: add_reaction_conditions with data: {'residence_time': 240, 'light_intensity': 95}
13-21-21_02-09-2024  - INFO - ChromTroller.py - RunLog updated with conditions: {'residence_time': 240, 'light_intensity': 95}
13-21-21_02-09-2024  - INFO - ChromTroller.py - Command received: start_hplc_run with data: None
13-21-21_02-09-2024  - INFO - ChromTroller.py - HPLC analysis initiated
13-21-21_02-09-2024  - INFO - ct_controller.py - {'HPLC_analysis': 'INITIATED'}
13-21-21_02-09-2024  - INFO - ct_controller.py - {'hardware_connection_check': {'Arduino': 'SUCCESS', 'Valve': 'SUCCESS', 'Phase_Sensor': 'SUCCESS', 'LCMS': 'SUCCESS'}}
13-21-21_02-09-2024  - INFO - ct_controller.py - {'filling_pos_check': 'SUCCESS'}
13-21-21_02-09-2024  - INFO - ct_controller.py - {'ps_sample_detection': 'BYPASSED'}
13-21-21_02-09-2024  - INFO - ct_controller.py - {'send_start_signal': 'SUCCESS'}
13-21-21_02-09-2024  - INFO - ct_controller.py - {'start_request_acknowledged': 'WAITING'}
13-21-21_02-09-2024  - INFO - ct_controller.py - {'start_request_acknowledged': 'SUCCESS'}
13-21-26_02-09-2024  - INFO - ct_controller.py - {'start_signal': 'WAITING'}
13-21-41_02-09-2024  - INFO - ct_controller.py - {'start_signal': 'SUCCESS'}
13-21-41_02-09-2024  - INFO - ct_controller.py - {'valve_switched_to_load': 'INITIATED'}
13-21-41_02-09-2024  - INFO - ct_controller.py - {'valve_switched_to_load': 'SUCCESS'}
13-21-41_02-09-2024  - INFO - ct_controller.py - {'sample_loading': 'WAITING'}
13-22-06_02-09-2024  - INFO - ct_controller.py - {'sample_loading': 'SUCCESS'}
13-22-07_02-09-2024  - INFO - ct_controller.py - {'valve_returned_to_bypass': 'SUCCESS'}
13-22-07_02-09-2024  - INFO - ct_controller.py - {'analysis_cycle_started': 'SUCCESS'}
13-22-07_02-09-2024  - INFO - ChromTroller.py - HPLC analysis initiation: SUCCESS
13-22-07_02-09-2024  - INFO - ct_server.py - Response sent to client: SUCCESS
13-22-07_02-09-2024  - INFO - ChromTroller.py - Command received: start_file_monitoring with data: None
13-22-07_02-09-2024  - INFO - ChromTroller.py - Current results directory set to: D:\CDSProjects\Polymer_Degradation\Results\RoboChem_debugg_samples_02-09-24.rslt
13-22-07_02-09-2024  - INFO - ChromTroller.py - File Monitoring Started.
13-25-45_02-09-2024  - INFO - ct_monitor.py - New File identified by ct_monitor: RoboChem_sample_03.dx
13-25-45_02-09-2024  - INFO - ct_monitor.py - RoboChem_sample_03.dx
13-25-45_02-09-2024  - INFO - ChromTroller.py - New File Found: RoboChem_sample_03.dx
13-25-45_02-09-2024  - INFO - ct_server.py - Response sent to client: RoboChem_sample_03.dx
13-25-45_02-09-2024  - INFO - ChromTroller.py - Command received: run_data_analysis with data: None
13-25-45_02-09-2024  - INFO - ChromTroller.py - Current results directory set to: D:\CDSProjects\Polymer_Degradation\Results\RoboChem_debugg_samples_02-09-24.rslt
13-25-45_02-09-2024  - INFO - ct_analyser_simple.py - loaded analysis settings from json
13-25-45_02-09-2024  - INFO - ct_analyser_simple.py - settings object created from analysis json
13-25-45_02-09-2024  - INFO - ct_analyser_simple.py - Analyser Object Initialized Successfully
13-31-24_02-09-2024  - INFO - ct_server.py - Client connected at 13:31:24_02-09-2024
13-41-26_02-09-2024  - INFO - ChromTroller.py - Command received: new_run_name with data: TEST
13-41-26_02-09-2024  - INFO - ChromTroller.py - New RunLog created: TEST
13-41-26_02-09-2024  - INFO - ChromTroller.py - Command received: set_run_conc with data: 0.11
13-41-26_02-09-2024  - INFO - ChromTroller.py - Command received: add_reagents with data: ['Polystyrene', 0.11, 'tBuOOH', 0, 'NBS', 0]
13-41-26_02-09-2024  - INFO - ChromTroller.py - RunLog updated with reagents: ['Polystyrene', 0.11, 'tBuOOH', 0, 'NBS', 0]
13-41-26_02-09-2024  - INFO - ChromTroller.py - Command received: add_reaction_conditions with data: {'residence_time': 240, 'light_intensity': 95}
13-41-26_02-09-2024  - INFO - ChromTroller.py - RunLog updated with conditions: {'residence_time': 240, 'light_intensity': 95}
13-41-26_02-09-2024  - INFO - ChromTroller.py - Command received: start_hplc_run with data: None
13-41-26_02-09-2024  - INFO - ChromTroller.py - HPLC analysis initiated
13-41-26_02-09-2024  - INFO - ct_controller.py - {'HPLC_analysis': 'INITIATED'}
13-41-26_02-09-2024  - INFO - ct_controller.py - {'hardware_connection_check': {'Arduino': 'SUCCESS', 'Valve': 'SUCCESS', 'Phase_Sensor': 'SUCCESS', 'LCMS': 'SUCCESS'}}
13-41-26_02-09-2024  - INFO - ct_controller.py - {'filling_pos_check': 'SUCCESS'}
13-41-26_02-09-2024  - INFO - ct_controller.py - {'ps_sample_detection': 'BYPASSED'}
13-41-26_02-09-2024  - INFO - ct_controller.py - {'send_start_signal': 'SUCCESS'}
13-41-26_02-09-2024  - INFO - ct_controller.py - {'start_request_acknowledged': 'WAITING'}
13-41-26_02-09-2024  - INFO - ct_controller.py - {'start_request_acknowledged': 'SUCCESS'}
13-41-31_02-09-2024  - INFO - ct_controller.py - {'start_signal': 'WAITING'}
13-41-46_02-09-2024  - INFO - ct_controller.py - {'start_signal': 'SUCCESS'}
13-41-46_02-09-2024  - INFO - ct_controller.py - {'valve_switched_to_load': 'INITIATED'}
13-41-47_02-09-2024  - INFO - ct_controller.py - {'valve_switched_to_load': 'SUCCESS'}
13-41-47_02-09-2024  - INFO - ct_controller.py - {'sample_loading': 'WAITING'}
13-42-12_02-09-2024  - INFO - ct_controller.py - {'sample_loading': 'SUCCESS'}
13-42-12_02-09-2024  - INFO - ct_controller.py - {'valve_returned_to_bypass': 'SUCCESS'}
13-42-12_02-09-2024  - INFO - ct_controller.py - {'analysis_cycle_started': 'SUCCESS'}
13-42-12_02-09-2024  - INFO - ChromTroller.py - HPLC analysis initiation: SUCCESS
13-42-12_02-09-2024  - INFO - ct_server.py - Response sent to client: SUCCESS
13-42-12_02-09-2024  - INFO - ChromTroller.py - Command received: start_file_monitoring with data: None
13-42-12_02-09-2024  - INFO - ChromTroller.py - Current results directory set to: D:\CDSProjects\Polymer_Degradation\Results\RoboChem_debugg_samples_02-09-24.rslt
13-42-12_02-09-2024  - INFO - ChromTroller.py - File Monitoring Started.
13-45-50_02-09-2024  - INFO - ct_monitor.py - New File identified by ct_monitor: RoboChem_sample_04.dx
13-45-50_02-09-2024  - INFO - ct_monitor.py - RoboChem_sample_04.dx
13-45-51_02-09-2024  - INFO - ChromTroller.py - New File Found: RoboChem_sample_04.dx
13-45-51_02-09-2024  - INFO - ct_server.py - Response sent to client: RoboChem_sample_04.dx
13-45-51_02-09-2024  - INFO - ChromTroller.py - Command received: run_data_analysis with data: None
13-45-51_02-09-2024  - INFO - ChromTroller.py - Current results directory set to: D:\CDSProjects\Polymer_Degradation\Results\RoboChem_debugg_samples_02-09-24.rslt
13-45-51_02-09-2024  - INFO - ct_analyser_simple.py - loaded analysis settings from json
13-45-51_02-09-2024  - INFO - ct_analyser_simple.py - settings object created from analysis json
13-45-51_02-09-2024  - INFO - ct_analyser_simple.py - Analyser Object Initialized Successfully
14-45-51_02-09-2024  - INFO - ct_server.py - Client connected at 14:45:51_02-09-2024
14-56-50_02-09-2024  - INFO - ChromTroller.py - Command received: new_run_name with data: TEST
14-56-50_02-09-2024  - INFO - ChromTroller.py - New RunLog created: TEST
14-56-50_02-09-2024  - INFO - ChromTroller.py - Command received: set_run_conc with data: 0.1
14-56-50_02-09-2024  - INFO - ChromTroller.py - Command received: add_reagents with data: ['Polystyrene', 0.1, 'tBuOOH', 8, 'NBS', 0.3]
14-56-50_02-09-2024  - INFO - ChromTroller.py - RunLog updated with reagents: ['Polystyrene', 0.1, 'tBuOOH', 8, 'NBS', 0.3]
14-56-50_02-09-2024  - INFO - ChromTroller.py - Command received: add_reaction_conditions with data: {'residence_time': 300, 'light_intensity': 100}
14-56-50_02-09-2024  - INFO - ChromTroller.py - RunLog updated with conditions: {'residence_time': 300, 'light_intensity': 100}
14-56-50_02-09-2024  - INFO - ChromTroller.py - Command received: start_hplc_run with data: None
14-56-50_02-09-2024  - INFO - ChromTroller.py - HPLC analysis initiated
14-56-50_02-09-2024  - INFO - ct_controller.py - {'HPLC_analysis': 'INITIATED'}
14-56-50_02-09-2024  - INFO - ct_controller.py - {'hardware_connection_check': {'Arduino': 'SUCCESS', 'Valve': 'SUCCESS', 'Phase_Sensor': 'SUCCESS', 'LCMS': 'SUCCESS'}}
14-56-50_02-09-2024  - INFO - ct_controller.py - {'filling_pos_check': 'SUCCESS'}
14-56-50_02-09-2024  - INFO - ct_controller.py - {'ps_sample_detection': 'BYPASSED'}
14-56-51_02-09-2024  - INFO - ct_controller.py - {'send_start_signal': 'SUCCESS'}
14-56-51_02-09-2024  - INFO - ct_controller.py - {'start_request_acknowledged': 'WAITING'}
14-56-51_02-09-2024  - INFO - ct_controller.py - {'start_request_acknowledged': 'SUCCESS'}
14-56-56_02-09-2024  - INFO - ct_controller.py - {'start_signal': 'WAITING'}
14-57-11_02-09-2024  - INFO - ct_controller.py - {'start_signal': 'SUCCESS'}
14-57-11_02-09-2024  - INFO - ct_controller.py - {'valve_switched_to_load': 'INITIATED'}
14-57-11_02-09-2024  - INFO - ct_controller.py - {'valve_switched_to_load': 'SUCCESS'}
14-57-11_02-09-2024  - INFO - ct_controller.py - {'sample_loading': 'WAITING'}
14-57-36_02-09-2024  - INFO - ct_controller.py - {'sample_loading': 'SUCCESS'}
14-57-37_02-09-2024  - INFO - ct_controller.py - {'valve_returned_to_bypass': 'SUCCESS'}
14-57-37_02-09-2024  - INFO - ct_controller.py - {'analysis_cycle_started': 'SUCCESS'}
14-57-37_02-09-2024  - INFO - ChromTroller.py - HPLC analysis initiation: SUCCESS
14-57-37_02-09-2024  - INFO - ct_server.py - Response sent to client: SUCCESS
14-57-37_02-09-2024  - INFO - ChromTroller.py - Command received: start_file_monitoring with data: None
14-57-37_02-09-2024  - INFO - ChromTroller.py - Current results directory set to: D:\CDSProjects\Polymer_Degradation\Results\RoboChem_debugg_samples_02-09-24_ACTUAL_TESTS.rslt
14-57-37_02-09-2024  - INFO - ChromTroller.py - File Monitoring Started.
15-01-13_02-09-2024  - INFO - ct_monitor.py - New File identified by ct_monitor: RoboChem_sample_02.dx
15-01-13_02-09-2024  - INFO - ct_monitor.py - RoboChem_sample_02.dx
15-01-14_02-09-2024  - INFO - ChromTroller.py - New File Found: RoboChem_sample_02.dx
15-01-14_02-09-2024  - INFO - ct_server.py - Response sent to client: RoboChem_sample_02.dx
15-01-14_02-09-2024  - INFO - ChromTroller.py - Command received: run_data_analysis with data: None
15-01-14_02-09-2024  - INFO - ChromTroller.py - Current results directory set to: D:\CDSProjects\Polymer_Degradation\Results\RoboChem_debugg_samples_02-09-24_ACTUAL_TESTS.rslt
15-01-14_02-09-2024  - INFO - ct_analyser_simple.py - loaded analysis settings from json
15-01-14_02-09-2024  - INFO - ct_analyser_simple.py - settings object created from analysis json
15-01-14_02-09-2024  - INFO - ct_analyser_simple.py - Analyser Object Initialized Successfully
