15-46-23_16-07-2024  - INFO - ct_server.py - Server loaded connection ids from .json file successfully
15-46-23_16-07-2024  - INFO - ct_server.py - Server listening on port: 10989
15-46-23_16-07-2024  - INFO - ct_controller.py - Loaded hardware settings successfully
15-46-25_16-07-2024  - INFO - ct_controller.py - Phase sensor monitoring started on separate thread.
15-46-25_16-07-2024  - INFO - ct_controller.py - Controller Object Initialized Successfully
15-46-25_16-07-2024  - INFO - ChromTroller.py - Successfully connected to instrument controller
15-46-25_16-07-2024  - INFO - ChromTroller.py - Successfully connected to monitor
15-46-25_16-07-2024  - INFO - ct_analyser.py - loaded analysis settings from json
15-46-25_16-07-2024  - INFO - ct_analyser.py - settings read from analysis json
15-46-25_16-07-2024  - INFO - ct_analyser.py - settings object created
15-46-25_16-07-2024  - INFO - ct_analyser.py - Analyser Object Initialized Successfully
15-46-25_16-07-2024  - INFO - ChromTroller.py - Successfully connected to analyser
15-57-17_16-07-2024  - INFO - ct_server.py - Client connected at 15:57:17_16-07-2024
16-04-10_16-07-2024  - INFO - ct_server.py - Command from client: new_run_name with message: miki
16-04-10_16-07-2024  - INFO - ChromTroller.py - Command received: new_run_name with data: miki
16-04-10_16-07-2024  - INFO - ChromTroller.py - new run info object made with name: miki
16-04-10_16-07-2024  - INFO - ct_server.py - Command from client: set_run_conc with message: 0.1
16-04-10_16-07-2024  - INFO - ChromTroller.py - Command received: set_run_conc with data: 0.1
16-04-10_16-07-2024  - INFO - ct_server.py - Command from client: add_reagents with message: ['tBuOOH', 'NBS']
16-04-10_16-07-2024  - INFO - ChromTroller.py - Command received: add_reagents with data: ['tBuOOH', 'NBS']
16-04-10_16-07-2024  - INFO - ChromTroller.py - reagents: ['tBuOOH', 'NBS'] added to to run info
16-04-10_16-07-2024  - INFO - ct_server.py - Command from client: add_reaction_conditions with message: {'light_intensity': 120, 'residence_time': 50}
16-04-10_16-07-2024  - INFO - ChromTroller.py - Command received: add_reaction_conditions with data: {'light_intensity': 120, 'residence_time': 50}
16-04-10_16-07-2024  - INFO - ChromTroller.py - conditions: {'light_intensity': 120, 'residence_time': 50} added to to run info
16-04-10_16-07-2024  - INFO - ct_server.py - Command from client: start_hplc_run with message: None
16-04-10_16-07-2024  - INFO - ChromTroller.py - Command received: start_hplc_run with data: None
16-04-10_16-07-2024  - INFO - ct_controller.py - {'HPLC_analysis': 'INITIATED'}
16-04-10_16-07-2024  - INFO - ct_controller.py - {'hardware_connection_check': {'Arduino': 'SUCCESS', 'Valve': 'SUCCESS', 'Phase_Sensor': 'SUCCESS', 'LCMS': 'SUCCESS'}}
16-04-10_16-07-2024  - INFO - ct_controller.py - {'filling_pos_check': 'SUCCESS'}
16-04-10_16-07-2024  - INFO - ct_controller.py - {'ps_sample_detection': 'WAITING'}
16-04-10_16-07-2024  - INFO - ct_controller.py - {'ps_sample_detection': 'SUCCESS'}
16-04-10_16-07-2024  - INFO - ct_controller.py - {'send_start_signal': 'SUCCESS'}
16-04-10_16-07-2024  - INFO - ct_controller.py - {'start_request_acknowledged': 'WAITING'}
16-04-10_16-07-2024  - INFO - ct_controller.py - {'start_request_acknowledged': 'SUCCESS'}
16-04-15_16-07-2024  - INFO - ct_controller.py - {'start_signal': 'WAITING'}
16-04-31_16-07-2024  - INFO - ct_controller.py - {'start_signal': 'SUCCESS'}
16-04-31_16-07-2024  - INFO - ct_controller.py - {'valve_switched_to_load': 'INITIATED'}
16-04-31_16-07-2024  - INFO - ct_controller.py - {'valve_switched_to_load': 'SUCCESS'}
16-04-31_16-07-2024  - INFO - ct_controller.py - {'sample_loading': 'WAITING'}
16-04-56_16-07-2024  - INFO - ct_controller.py - {'sample_loading': 'SUCCESS'}
16-04-57_16-07-2024  - INFO - ct_controller.py - {'valve_returned_to_bypass': 'SUCCESS'}
16-04-57_16-07-2024  - INFO - ct_controller.py - {'analysis_cycle_started': 'SUCCESS'}
16-04-57_16-07-2024  - INFO - ChromTroller.py - HPLC initiation: SUCCESS
16-04-57_16-07-2024  - INFO - ct_server.py - Response sent to client: SUCCESS
16-04-57_16-07-2024  - INFO - ct_server.py - Command from client: start_file_monitoring with message: None
16-04-57_16-07-2024  - INFO - ChromTroller.py - Command received: start_file_monitoring with data: None
16-08-35_16-07-2024  - INFO - ct_monitor.py - RoboChem_sample_02.dx
16-08-35_16-07-2024  - INFO - ChromTroller.py - file found: RoboChem_sample_02.dx
16-08-35_16-07-2024  - INFO - ChromTroller.py - new file found: RoboChem_sample_02.dx
16-08-35_16-07-2024  - INFO - ct_server.py - Response sent to client: RoboChem_sample_02.dx
16-08-35_16-07-2024  - INFO - ct_server.py - Command from client: run_data_analysis with message: None
16-08-35_16-07-2024  - INFO - ChromTroller.py - Command received: run_data_analysis with data: None
16-08-35_16-07-2024  - INFO - ct_server.py - Response sent to client: SUCCESS
16-08-35_16-07-2024  - INFO - ct_server.py - Client disconnected at 16_08_35-16_07_2024
16-20-53_16-07-2024  - INFO - ct_server.py - Client connected at 16:20:53_16-07-2024
16-27-46_16-07-2024  - INFO - ct_server.py - Command from client: new_run_name with message: miki2
16-27-46_16-07-2024  - INFO - ChromTroller.py - Command received: new_run_name with data: miki2
16-27-46_16-07-2024  - INFO - ChromTroller.py - new run info object made with name: miki2
16-27-46_16-07-2024  - INFO - ct_server.py - Command from client: set_run_conc with message: 0.1
16-27-46_16-07-2024  - INFO - ChromTroller.py - Command received: set_run_conc with data: 0.1
16-27-46_16-07-2024  - INFO - ct_server.py - Command from client: add_reagents with message: ['tBuOOH', 'NBS']
16-27-46_16-07-2024  - INFO - ChromTroller.py - Command received: add_reagents with data: ['tBuOOH', 'NBS']
16-27-46_16-07-2024  - INFO - ChromTroller.py - reagents: ['tBuOOH', 'NBS'] added to to run info
16-27-46_16-07-2024  - INFO - ct_server.py - Command from client: add_reaction_conditions with message: {'light_intensity': 120, 'residence_time': 50}
16-27-46_16-07-2024  - INFO - ChromTroller.py - Command received: add_reaction_conditions with data: {'light_intensity': 120, 'residence_time': 50}
16-27-46_16-07-2024  - INFO - ChromTroller.py - conditions: {'light_intensity': 120, 'residence_time': 50} added to to run info
16-27-46_16-07-2024  - INFO - ct_server.py - Command from client: start_hplc_run with message: None
16-27-46_16-07-2024  - INFO - ChromTroller.py - Command received: start_hplc_run with data: None
16-27-46_16-07-2024  - INFO - ct_controller.py - {'HPLC_analysis': 'INITIATED'}
16-27-46_16-07-2024  - INFO - ct_controller.py - {'hardware_connection_check': {'Arduino': 'SUCCESS', 'Valve': 'SUCCESS', 'Phase_Sensor': 'SUCCESS', 'LCMS': 'SUCCESS'}}
16-27-46_16-07-2024  - INFO - ct_controller.py - {'filling_pos_check': 'SUCCESS'}
16-27-46_16-07-2024  - INFO - ct_controller.py - {'ps_sample_detection': 'WAITING'}
16-27-46_16-07-2024  - INFO - ct_controller.py - {'ps_sample_detection': 'SUCCESS'}
16-27-46_16-07-2024  - INFO - ct_controller.py - {'send_start_signal': 'SUCCESS'}
16-27-46_16-07-2024  - INFO - ct_controller.py - {'start_request_acknowledged': 'WAITING'}
16-27-46_16-07-2024  - INFO - ct_controller.py - {'start_request_acknowledged': 'SUCCESS'}
16-27-51_16-07-2024  - INFO - ct_controller.py - {'start_signal': 'WAITING'}
16-28-07_16-07-2024  - INFO - ct_controller.py - {'start_signal': 'SUCCESS'}
16-28-07_16-07-2024  - INFO - ct_controller.py - {'valve_switched_to_load': 'INITIATED'}
16-28-08_16-07-2024  - INFO - ct_controller.py - {'valve_switched_to_load': 'SUCCESS'}
16-28-08_16-07-2024  - INFO - ct_controller.py - {'sample_loading': 'WAITING'}
16-28-33_16-07-2024  - INFO - ct_controller.py - {'sample_loading': 'SUCCESS'}
16-28-33_16-07-2024  - INFO - ct_controller.py - {'valve_returned_to_bypass': 'SUCCESS'}
16-28-33_16-07-2024  - INFO - ct_controller.py - {'analysis_cycle_started': 'SUCCESS'}
16-28-33_16-07-2024  - INFO - ChromTroller.py - HPLC initiation: SUCCESS
16-28-33_16-07-2024  - INFO - ct_server.py - Response sent to client: SUCCESS
16-28-33_16-07-2024  - INFO - ct_server.py - Command from client: start_file_monitoring with message: None
16-28-33_16-07-2024  - INFO - ChromTroller.py - Command received: start_file_monitoring with data: None
16-32-11_16-07-2024  - INFO - ct_monitor.py - RoboChem_sample_03.dx
16-32-11_16-07-2024  - INFO - ChromTroller.py - file found: RoboChem_sample_03.dx
16-32-11_16-07-2024  - INFO - ChromTroller.py - new file found: RoboChem_sample_03.dx
16-32-11_16-07-2024  - INFO - ct_server.py - Response sent to client: RoboChem_sample_03.dx
16-32-12_16-07-2024  - INFO - ct_server.py - Command from client: run_data_analysis with message: None
16-32-12_16-07-2024  - INFO - ChromTroller.py - Command received: run_data_analysis with data: None
16-32-12_16-07-2024  - INFO - ct_server.py - Response sent to client: SUCCESS
16-32-12_16-07-2024  - INFO - ct_server.py - Client disconnected at 16_32_12-16_07_2024
16-47-01_16-07-2024  - INFO - ct_server.py - Client connected at 16:47:01_16-07-2024
16-53-53_16-07-2024  - INFO - ct_server.py - Command from client: new_run_name with message: miki3
16-53-53_16-07-2024  - INFO - ChromTroller.py - Command received: new_run_name with data: miki3
16-53-53_16-07-2024  - INFO - ChromTroller.py - new run info object made with name: miki3
16-53-53_16-07-2024  - INFO - ct_server.py - Command from client: set_run_conc with message: 0.1
16-53-53_16-07-2024  - INFO - ChromTroller.py - Command received: set_run_conc with data: 0.1
16-53-53_16-07-2024  - INFO - ct_server.py - Command from client: add_reagents with message: ['tBuOOH', 'NBS']
16-53-53_16-07-2024  - INFO - ChromTroller.py - Command received: add_reagents with data: ['tBuOOH', 'NBS']
16-53-53_16-07-2024  - INFO - ChromTroller.py - reagents: ['tBuOOH', 'NBS'] added to to run info
16-53-53_16-07-2024  - INFO - ct_server.py - Command from client: add_reaction_conditions with message: {'light_intensity': 120, 'residence_time': 50}
16-53-53_16-07-2024  - INFO - ChromTroller.py - Command received: add_reaction_conditions with data: {'light_intensity': 120, 'residence_time': 50}
16-53-53_16-07-2024  - INFO - ChromTroller.py - conditions: {'light_intensity': 120, 'residence_time': 50} added to to run info
16-53-53_16-07-2024  - INFO - ct_server.py - Command from client: start_hplc_run with message: None
16-53-53_16-07-2024  - INFO - ChromTroller.py - Command received: start_hplc_run with data: None
16-53-53_16-07-2024  - INFO - ct_controller.py - {'HPLC_analysis': 'INITIATED'}
16-53-53_16-07-2024  - INFO - ct_controller.py - {'hardware_connection_check': {'Arduino': 'SUCCESS', 'Valve': 'SUCCESS', 'Phase_Sensor': 'SUCCESS', 'LCMS': 'SUCCESS'}}
16-53-53_16-07-2024  - INFO - ct_controller.py - {'filling_pos_check': 'SUCCESS'}
16-53-53_16-07-2024  - INFO - ct_controller.py - {'ps_sample_detection': 'WAITING'}
16-53-53_16-07-2024  - INFO - ct_controller.py - {'ps_sample_detection': 'SUCCESS'}
16-53-53_16-07-2024  - INFO - ct_controller.py - {'send_start_signal': 'SUCCESS'}
16-53-53_16-07-2024  - INFO - ct_controller.py - {'start_request_acknowledged': 'WAITING'}
16-53-53_16-07-2024  - INFO - ct_controller.py - {'start_request_acknowledged': 'SUCCESS'}
16-53-58_16-07-2024  - INFO - ct_controller.py - {'start_signal': 'WAITING'}
16-54-13_16-07-2024  - INFO - ct_controller.py - {'start_signal': 'SUCCESS'}
16-54-13_16-07-2024  - INFO - ct_controller.py - {'valve_switched_to_load': 'INITIATED'}
16-54-14_16-07-2024  - INFO - ct_controller.py - {'valve_switched_to_load': 'SUCCESS'}
16-54-14_16-07-2024  - INFO - ct_controller.py - {'sample_loading': 'WAITING'}
16-54-39_16-07-2024  - INFO - ct_controller.py - {'sample_loading': 'SUCCESS'}
16-54-39_16-07-2024  - INFO - ct_controller.py - {'valve_returned_to_bypass': 'SUCCESS'}
16-54-39_16-07-2024  - INFO - ct_controller.py - {'analysis_cycle_started': 'SUCCESS'}
16-54-39_16-07-2024  - INFO - ChromTroller.py - HPLC initiation: SUCCESS
16-54-39_16-07-2024  - INFO - ct_server.py - Response sent to client: SUCCESS
16-54-39_16-07-2024  - INFO - ct_server.py - Command from client: start_file_monitoring with message: None
16-54-39_16-07-2024  - INFO - ChromTroller.py - Command received: start_file_monitoring with data: None
16-55-49_16-07-2024  - INFO - ct_monitor.py - snapshot-20240716 165549--S-_04.dx
16-55-49_16-07-2024  - INFO - ChromTroller.py - file found: snapshot-20240716 165549--S-_04.dx
16-55-50_16-07-2024  - INFO - ChromTroller.py - new file found: snapshot-20240716 165549--S-_04.dx
16-55-50_16-07-2024  - INFO - ct_server.py - Response sent to client: snapshot-20240716 165549--S-_04.dx
16-55-50_16-07-2024  - INFO - ct_server.py - Command from client: run_data_analysis with message: None
16-55-50_16-07-2024  - INFO - ChromTroller.py - Command received: run_data_analysis with data: None
16-55-50_16-07-2024  - INFO - ct_server.py - Response sent to client: SUCCESS
16-55-50_16-07-2024  - INFO - ct_server.py - Client disconnected at 16_55_50-16_07_2024
