15-17-21_22-10-2024  - INFO - ChromTroller.py - Loaded chromtroller settings successfully
15-17-21_22-10-2024  - INFO - ChromTroller.py - Set RunLog path successfully
15-17-21_22-10-2024  - INFO - ct_server.py - Server loaded connection ids from .json file successfully
15-17-21_22-10-2024  - INFO - ct_server.py - Server listening on port: 10989
15-17-21_22-10-2024  - INFO - ChromTroller.py - Server Initialization: SUCCESS 
15-17-21_22-10-2024  - INFO - ct_controller.py - Loaded hardware settings successfully
15-17-23_22-10-2024  - INFO - ct_controller.py - Phase sensor monitoring started on separate thread.
15-17-23_22-10-2024  - INFO - ct_controller.py - Controller Object Initialized Successfully
15-17-23_22-10-2024  - INFO - ChromTroller.py - Controller Connection: SUCCESS 
15-18-19_22-10-2024  - INFO - ct_server.py - Client connected at 15:18:19_22-10-2024
16-41-47_22-10-2024  - INFO - ChromTroller.py - Command received: new_run_name with data: 1
16-41-47_22-10-2024  - INFO - ChromTroller.py - New RunLog created: 1
16-41-47_22-10-2024  - INFO - ChromTroller.py - Command received: set_run_conc with data: 0.023243732258937812
16-41-47_22-10-2024  - INFO - ChromTroller.py - Command received: add_reagents with data: ['Polystyrene', 0.023243732258937812, 'tBuOOH', 6.478985152682684, 'NBS', 0.16782036950431234]
16-41-47_22-10-2024  - INFO - ChromTroller.py - RunLog updated with reagents: ['Polystyrene', 0.023243732258937812, 'tBuOOH', 6.478985152682684, 'NBS', 0.16782036950431234]
16-41-47_22-10-2024  - INFO - ChromTroller.py - Command received: add_reaction_conditions with data: {'residence_time': 3508.1941565547977, 'light_intensity': 87.61013669764455}
16-41-47_22-10-2024  - INFO - ChromTroller.py - RunLog updated with conditions: {'residence_time': 3508.1941565547977, 'light_intensity': 87.61013669764455}
16-41-47_22-10-2024  - INFO - ChromTroller.py - Command received: start_hplc_run with data: None
16-41-47_22-10-2024  - INFO - ChromTroller.py - HPLC analysis initiated
16-41-47_22-10-2024  - INFO - ct_controller.py - {'HPLC_analysis': 'INITIATED'}
16-41-47_22-10-2024  - INFO - ct_controller.py - {'hardware_connection_check': {'Arduino': 'SUCCESS', 'Valve': 'SUCCESS', 'Phase_Sensor': 'SUCCESS', 'LCMS': 'SUCCESS'}}
16-41-47_22-10-2024  - INFO - ct_controller.py - {'filling_pos_check': 'SUCCESS'}
16-41-47_22-10-2024  - INFO - ct_controller.py - {'ps_sample_detection': 'BYPASSED'}
16-41-47_22-10-2024  - INFO - ct_controller.py - {'send_start_signal': 'SUCCESS'}
16-41-47_22-10-2024  - INFO - ct_controller.py - {'start_request_acknowledged': 'INITIATED'}
16-41-47_22-10-2024  - INFO - ct_controller.py - {'start_request_acknowledged': 'SUCCESS'}
16-41-48_22-10-2024  - INFO - ct_controller.py - {'start_signal': 'WAITING'}
16-42-08_22-10-2024  - INFO - ct_controller.py - {'start_signal': 'SUCCESS'}
16-42-08_22-10-2024  - INFO - ct_controller.py - {'valve_switched_to_load': 'INITIATED'}
16-42-08_22-10-2024  - INFO - ct_controller.py - {'valve_switched_to_load': 'SUCCESS'}
16-42-08_22-10-2024  - INFO - ct_controller.py - {'sample_loading': 'WAITING'}
16-42-33_22-10-2024  - INFO - ct_controller.py - {'sample_loading': 'SUCCESS'}
16-42-33_22-10-2024  - INFO - ct_controller.py - {'valve_returned_to_bypass': 'SUCCESS'}
16-42-33_22-10-2024  - INFO - ct_controller.py - {'analysis_cycle_started': 'SUCCESS'}
16-42-33_22-10-2024  - INFO - ChromTroller.py - HPLC analysis initiation: SUCCESS
16-42-33_22-10-2024  - INFO - ct_server.py - Response sent to client: SUCCESS
16-42-33_22-10-2024  - INFO - ChromTroller.py - Command received: start_file_monitoring with data: None
16-42-33_22-10-2024  - INFO - ChromTroller.py - Current results directory set to: D:\CDSProjects\Polymer_Degradation\Results\PS_optimisation_campaign_22October2024.rslt
16-42-33_22-10-2024  - INFO - ChromTroller.py - File Monitoring Started.
16-49-10_22-10-2024  - INFO - ct_monitor.py - New File identified by ct_monitor: Run1_sample04.dx
16-49-10_22-10-2024  - INFO - ct_monitor.py - Run1_sample04.dx
16-49-11_22-10-2024  - INFO - ChromTroller.py - New File Found: Run1_sample04.dx
16-49-11_22-10-2024  - INFO - ct_server.py - Response sent to client: Run1_sample04.dx
16-49-11_22-10-2024  - INFO - ChromTroller.py - Command received: run_data_analysis with data: 3.96
16-49-11_22-10-2024  - INFO - ChromTroller.py - Current results directory set to: D:\CDSProjects\Polymer_Degradation\Results\PS_optimisation_campaign_22October2024.rslt
16-49-11_22-10-2024  - INFO - ct_analyser.py - loaded analysis settings from json
16-49-11_22-10-2024  - INFO - ct_analyser.py - settings object created from analysis json
16-49-11_22-10-2024  - INFO - ct_analyser.py - Analyser Object Initialized Successfully
16-49-35_22-10-2024  - INFO - ct_server.py - Client connected at 16:49:35_22-10-2024
