27-05-2024 14:27:32 - INFO - ct_controller.py - SensorMonitor Initialized Successfully
27-05-2024 14:27:32 - INFO - ct_controller.py - Phase sensor monitoring started on separate thread.
27-05-2024 14:27:32 - INFO - ct_controller.py - Controller Object Initialized Successfully
27-05-2024 14:27:32 - INFO - ct_server.py - Server successfully connected to instrument controller
27-05-2024 14:27:32 - INFO - ct_server.py - Server listening on port: 10989
27-05-2024 14:27:43 - INFO - ct_server.py - Client: ('127.0.0.1', 49953) successfully connected
27-05-2024 14:27:45 - INFO - ct_server.py - Command received from client: 1
27-05-2024 14:27:45 - INFO - ct_server.py - Response sent back to client: LCMS_Controller
27-05-2024 14:27:47 - INFO - ct_server.py - Command received from client: 4
27-05-2024 14:27:47 - INFO - ct_server.py - Response sent back to client: A
27-05-2024 14:27:52 - INFO - ct_server.py - Command received from client: 5-b
27-05-2024 14:27:52 - INFO - ct_server.py - Response sent back to client: Good Acknowledge
27-05-2024 14:27:55 - INFO - ct_server.py - Command received from client: 5-a
27-05-2024 14:27:55 - INFO - ct_server.py - Response sent back to client: Good Acknowledge
27-05-2024 14:47:44 - INFO - ct_server.py - Client: ('10.10.29.202', 57539) successfully connected
27-05-2024 14:47:44 - INFO - ct_server.py - Command received from client: Analyse
27-05-2024 14:47:44 - INFO - ct_controller.py - Analysis Process Initiated...
27-05-2024 14:47:44 - INFO - ct_controller.py - SUCCESS - Hardware Connections Verified
27-05-2024 14:47:44 - INFO - ct_controller.py - SUCCESS - Phase Sensor - Sample Detected
27-05-2024 14:47:44 - INFO - ct_controller.py - SUCCESS - Switch Valve - Filling Loop Filled
27-05-2024 14:47:44 - INFO - ct_controller.py - SUCCESS - LCMS - Start Signal Sent By Arduino
27-05-2024 14:48:25 - INFO - ct_controller.py - SUCCESS - LCMS - Start Acknowledged By Spectrometer
27-05-2024 14:48:35 - INFO - ct_controller.py - SUCCESS - Switch Valve - Sample Loaded From Sample Loop
27-05-2024 14:48:47 - INFO - ct_controller.py - SUCCESS - Switch Valve - Returned To Filling Position
27-05-2024 14:48:47 - INFO - ct_controller.py - SUCCESS - Analysis Cycle: 1 Complete
27-05-2024 14:48:47 - INFO - ct_server.py - Response sent back to client: SUCCESS - Analysis Cycle: 1 Complete
27-05-2024 15:23:13 - INFO - ct_server.py - Client: ('10.10.29.202', 57639) successfully connected
27-05-2024 15:23:13 - INFO - ct_server.py - Command received from client: Analyse
27-05-2024 15:23:13 - INFO - ct_controller.py - Analysis Process Initiated...
27-05-2024 15:23:13 - INFO - ct_controller.py - SUCCESS - Hardware Connections Verified
27-05-2024 15:23:13 - INFO - ct_controller.py - SUCCESS - Phase Sensor - Sample Detected
27-05-2024 15:23:13 - INFO - ct_controller.py - SUCCESS - Switch Valve - Filling Loop Filled
27-05-2024 15:23:13 - INFO - ct_controller.py - SUCCESS - LCMS - Start Signal Sent By Arduino
27-05-2024 15:23:54 - INFO - ct_controller.py - SUCCESS - LCMS - Start Acknowledged By Spectrometer
27-05-2024 15:24:04 - INFO - ct_controller.py - SUCCESS - Switch Valve - Sample Loaded From Sample Loop
27-05-2024 15:24:16 - INFO - ct_controller.py - SUCCESS - Switch Valve - Returned To Filling Position
27-05-2024 15:24:16 - INFO - ct_controller.py - SUCCESS - Analysis Cycle: 2 Complete
27-05-2024 15:24:16 - INFO - ct_server.py - Response sent back to client: SUCCESS - Analysis Cycle: 2 Complete
27-05-2024 17:35:54 - INFO - ct_server.py - Client: ('10.10.29.202', 58033) successfully connected
27-05-2024 17:35:54 - INFO - ct_server.py - Command received from client: Analyse
27-05-2024 17:35:54 - INFO - ct_controller.py - Analysis Process Initiated...
27-05-2024 17:35:54 - INFO - ct_controller.py - SUCCESS - Hardware Connections Verified
27-05-2024 17:35:54 - INFO - ct_controller.py - SUCCESS - Phase Sensor - Sample Detected
27-05-2024 17:35:54 - INFO - ct_controller.py - SUCCESS - Switch Valve - Filling Loop Filled
27-05-2024 17:35:54 - INFO - ct_controller.py - SUCCESS - LCMS - Start Signal Sent By Arduino
27-05-2024 17:36:35 - INFO - ct_controller.py - SUCCESS - LCMS - Start Acknowledged By Spectrometer
27-05-2024 17:36:45 - INFO - ct_controller.py - SUCCESS - Switch Valve - Sample Loaded From Sample Loop
27-05-2024 17:36:57 - INFO - ct_controller.py - SUCCESS - Switch Valve - Returned To Filling Position
27-05-2024 17:36:57 - INFO - ct_controller.py - SUCCESS - Analysis Cycle: 3 Complete
27-05-2024 17:36:57 - INFO - ct_server.py - Response sent back to client: SUCCESS - Analysis Cycle: 3 Complete
27-05-2024 18:22:40 - INFO - ct_server.py - Client: ('10.10.29.202', 58160) successfully connected
27-05-2024 18:22:40 - INFO - ct_server.py - Command received from client: Analyse
27-05-2024 18:22:40 - INFO - ct_controller.py - Analysis Process Initiated...
27-05-2024 18:22:40 - INFO - ct_controller.py - SUCCESS - Hardware Connections Verified
27-05-2024 18:22:40 - INFO - ct_controller.py - SUCCESS - Phase Sensor - Sample Detected
27-05-2024 18:22:40 - INFO - ct_controller.py - SUCCESS - Switch Valve - Filling Loop Filled
27-05-2024 18:22:41 - INFO - ct_controller.py - SUCCESS - LCMS - Start Signal Sent By Arduino
27-05-2024 18:23:21 - INFO - ct_controller.py - SUCCESS - LCMS - Start Acknowledged By Spectrometer
27-05-2024 18:23:31 - INFO - ct_controller.py - SUCCESS - Switch Valve - Sample Loaded From Sample Loop
27-05-2024 18:23:43 - INFO - ct_controller.py - SUCCESS - Switch Valve - Returned To Filling Position
27-05-2024 18:23:43 - INFO - ct_controller.py - SUCCESS - Analysis Cycle: 4 Complete
27-05-2024 18:23:43 - INFO - ct_server.py - Response sent back to client: SUCCESS - Analysis Cycle: 4 Complete
27-05-2024 19:09:26 - INFO - ct_server.py - Client: ('10.10.29.202', 58289) successfully connected
27-05-2024 19:09:26 - INFO - ct_server.py - Command received from client: Analyse
27-05-2024 19:09:26 - INFO - ct_controller.py - Analysis Process Initiated...
27-05-2024 19:09:26 - INFO - ct_controller.py - SUCCESS - Hardware Connections Verified
27-05-2024 19:09:26 - INFO - ct_controller.py - SUCCESS - Phase Sensor - Sample Detected
27-05-2024 19:09:26 - INFO - ct_controller.py - SUCCESS - Switch Valve - Filling Loop Filled
27-05-2024 19:09:26 - INFO - ct_controller.py - SUCCESS - LCMS - Start Signal Sent By Arduino
27-05-2024 19:10:06 - INFO - ct_controller.py - SUCCESS - LCMS - Start Acknowledged By Spectrometer
27-05-2024 19:10:16 - INFO - ct_controller.py - SUCCESS - Switch Valve - Sample Loaded From Sample Loop
27-05-2024 19:10:28 - INFO - ct_controller.py - SUCCESS - Switch Valve - Returned To Filling Position
27-05-2024 19:10:28 - INFO - ct_controller.py - SUCCESS - Analysis Cycle: 5 Complete
27-05-2024 19:10:28 - INFO - ct_server.py - Response sent back to client: SUCCESS - Analysis Cycle: 5 Complete
