14-40-59_25-09-2024  - INFO - ChromTroller.py - Loaded chromtroller settings successfully
14-40-59_25-09-2024  - INFO - ChromTroller.py - Set RunLog path successfully
14-40-59_25-09-2024  - INFO - ct_server.py - Server loaded connection ids from .json file successfully
14-40-59_25-09-2024  - INFO - ct_server.py - Server listening on port: 10989
14-40-59_25-09-2024  - INFO - ChromTroller.py - Server Initialization: SUCCESS 
14-40-59_25-09-2024  - INFO - ct_controller.py - Loaded hardware settings successfully
14-41-01_25-09-2024  - INFO - ct_controller.py - Phase sensor monitoring started on separate thread.
14-41-01_25-09-2024  - INFO - ct_controller.py - Controller Object Initialized Successfully
14-41-01_25-09-2024  - INFO - ChromTroller.py - Controller Connection: SUCCESS 
16-04-17_25-09-2024  - INFO - ct_server.py - Client connected at 16:04:17_25-09-2024
16-13-31_25-09-2024  - INFO - ct_server.py - Client disconnected at 16:13:31_25-09-2024
16-16-45_25-09-2024  - INFO - ct_server.py - Client connected at 16:16:45_25-09-2024
16-25-57_25-09-2024  - INFO - ct_server.py - Client disconnected at 16:25:57_25-09-2024
16-27-32_25-09-2024  - INFO - ct_server.py - Client connected at 16:27:32_25-09-2024
16-42-35_25-09-2024  - INFO - ct_server.py - Client disconnected at 16:42:35_25-09-2024
16-52-07_25-09-2024  - INFO - ct_server.py - Client connected at 16:52:07_25-09-2024
16-58-28_25-09-2024  - INFO - ct_server.py - Client disconnected at 16:58:28_25-09-2024
17-53-39_25-09-2024  - INFO - ct_server.py - Client connected at 17:53:39_25-09-2024
18-05-28_25-09-2024  - INFO - ChromTroller.py - Command received: new_run_name with data: Test
18-05-28_25-09-2024  - INFO - ChromTroller.py - New RunLog created: Test
18-05-28_25-09-2024  - INFO - ChromTroller.py - Command received: set_run_conc with data: 0.5
18-05-28_25-09-2024  - INFO - ChromTroller.py - Command received: add_reagents with data: ['Tracer', 0.5, 'blank', 1, 'secondary_reagent', 1]
18-05-28_25-09-2024  - INFO - ChromTroller.py - RunLog updated with reagents: ['Tracer', 0.5, 'blank', 1, 'secondary_reagent', 1]
18-05-28_25-09-2024  - INFO - ChromTroller.py - Command received: add_reaction_conditions with data: {'residence_time': 60, 'light_intensity': 100}
18-05-28_25-09-2024  - INFO - ChromTroller.py - RunLog updated with conditions: {'residence_time': 60, 'light_intensity': 100}
18-05-28_25-09-2024  - INFO - ChromTroller.py - Command received: start_hplc_run with data: None
18-05-28_25-09-2024  - INFO - ChromTroller.py - HPLC analysis initiated
18-05-28_25-09-2024  - INFO - ct_controller.py - {'HPLC_analysis': 'INITIATED'}
18-05-28_25-09-2024  - INFO - ct_controller.py - {'hardware_connection_check': {'Arduino': 'SUCCESS', 'Valve': 'SUCCESS', 'Phase_Sensor': 'SUCCESS', 'LCMS': 'SUCCESS'}}
18-05-28_25-09-2024  - INFO - ct_controller.py - {'filling_pos_check': 'SUCCESS'}
18-05-28_25-09-2024  - INFO - ct_controller.py - {'ps_sample_detection': 'BYPASSED'}
18-05-28_25-09-2024  - INFO - ct_controller.py - {'send_start_signal': 'SUCCESS'}
18-05-28_25-09-2024  - INFO - ct_controller.py - {'start_request_acknowledged': 'INITIATED'}
18-05-28_25-09-2024  - INFO - ct_controller.py - {'start_request_acknowledged': 'SUCCESS'}
18-05-29_25-09-2024  - INFO - ct_controller.py - {'start_signal': 'WAITING'}
18-05-49_25-09-2024  - INFO - ct_controller.py - {'start_signal': 'SUCCESS'}
18-05-49_25-09-2024  - INFO - ct_controller.py - {'valve_switched_to_load': 'INITIATED'}
18-05-49_25-09-2024  - INFO - ct_controller.py - {'valve_switched_to_load': 'SUCCESS'}
18-05-49_25-09-2024  - INFO - ct_controller.py - {'sample_loading': 'WAITING'}
18-06-14_25-09-2024  - INFO - ct_controller.py - {'sample_loading': 'SUCCESS'}
18-06-15_25-09-2024  - INFO - ct_controller.py - {'valve_returned_to_bypass': 'SUCCESS'}
18-06-15_25-09-2024  - INFO - ct_controller.py - {'analysis_cycle_started': 'SUCCESS'}
18-06-15_25-09-2024  - INFO - ChromTroller.py - HPLC analysis initiation: SUCCESS
18-06-15_25-09-2024  - INFO - ct_server.py - Response sent to client: SUCCESS
18-06-15_25-09-2024  - INFO - ChromTroller.py - Command received: start_file_monitoring with data: None
18-06-15_25-09-2024  - INFO - ChromTroller.py - Current results directory set to: D:\CDSProjects\Polymer_Degradation\Results\Polystyrene_trials_25092024.rslt
18-06-15_25-09-2024  - INFO - ChromTroller.py - File Monitoring Started.
18-09-52_25-09-2024  - INFO - ct_monitor.py - New File identified by ct_monitor: RoboChem_run_102.dx
18-09-52_25-09-2024  - INFO - ct_monitor.py - RoboChem_run_102.dx
18-09-52_25-09-2024  - INFO - ChromTroller.py - New File Found: RoboChem_run_102.dx
18-09-52_25-09-2024  - INFO - ct_server.py - Response sent to client: RoboChem_run_102.dx
18-09-52_25-09-2024  - INFO - ChromTroller.py - Command received: run_data_analysis with data: None
18-09-52_25-09-2024  - INFO - ChromTroller.py - Current results directory set to: D:\CDSProjects\Polymer_Degradation\Results\Polystyrene_trials_25092024.rslt
18-09-52_25-09-2024  - INFO - ct_analyser_simple.py - loaded analysis settings from json
18-09-52_25-09-2024  - INFO - ct_analyser_simple.py - settings object created from analysis json
18-09-52_25-09-2024  - INFO - ct_analyser_simple.py - Analyser Object Initialized Successfully
18-09-53_25-09-2024  - INFO - ChromTroller.py - Identified Peak: None
