17-10-26_09-07-2024  - INFO - ct_server.py - Server loaded connection ids from .json file successfully
17-10-26_09-07-2024  - INFO - ct_server.py - Server listening on port: 10989
17-10-27_09-07-2024  - INFO - ct_controller.py - Phase sensor monitoring started on separate thread.
17-10-27_09-07-2024  - INFO - ct_controller.py - Controller Object Initialized Successfully
17-10-27_09-07-2024  - INFO - ChromTroller.py - Successfully connected to instrument controller
17-10-27_09-07-2024  - INFO - ChromTroller.py - Successfully connected to monitor
17-10-27_09-07-2024  - INFO - ct_analyser.py - loaded analysis settings from json
17-10-27_09-07-2024  - INFO - ct_analyser.py - No .dx file type found in: D:\CDSProjects\RoboChem_FGT\Results\post_updates_test
17-10-27_09-07-2024  - INFO - ct_analyser.py - settings read from analysis json
17-10-27_09-07-2024  - INFO - ct_analyser.py - settings object created
17-10-27_09-07-2024  - INFO - ct_analyser.py - Analyser Object Initialized Successfully
17-10-27_09-07-2024  - INFO - ChromTroller.py - Successfully connected to analyser
17-25-45_09-07-2024  - INFO - ct_server.py - client attempted to connect 10.10.29.202
17-25-45_09-07-2024  - INFO - ct_server.py - Client connected at 17:25:45_09-07-2024
17-25-45_09-07-2024  - INFO - ct_server.py - Command from client: new_run_name with message: 1
17-25-45_09-07-2024  - INFO - ChromTroller.py - Command received: new_run_name with data: 1
17-25-45_09-07-2024  - INFO - ct_server.py - Command from client: set_run_conc with message: 0.0846
17-25-45_09-07-2024  - INFO - ChromTroller.py - Command received: set_run_conc with data: 0.0846
17-25-45_09-07-2024  - INFO - ct_server.py - Command from client: add_reagents with message: ['chloro', 'additive_01']
17-25-45_09-07-2024  - INFO - ChromTroller.py - Command received: add_reagents with data: ['chloro', 'additive_01']
17-25-45_09-07-2024  - INFO - ct_server.py - Command from client: add_reaction_conditions with message: {'light_intensity': 130, 'residence_time': 0}
17-25-45_09-07-2024  - INFO - ChromTroller.py - Command received: add_reaction_conditions with data: {'light_intensity': 130, 'residence_time': 0}
17-25-45_09-07-2024  - INFO - ct_server.py - Command from client: start_hplc_run with message: None
17-25-45_09-07-2024  - INFO - ChromTroller.py - Command received: start_hplc_run with data: None
17-25-45_09-07-2024  - INFO - ct_controller.py - {'analysis': 'INITIATED'}
17-25-45_09-07-2024  - INFO - ct_controller.py - {'hardware_connection_check': 'SUCCESS'}
17-29-25_09-07-2024  - INFO - ct_controller.py - {'ps_sample_detection': 'SUCCESS'}
17-29-34_09-07-2024  - INFO - ct_controller.py - {'full_sample_loop_check': 'SUCCESS'}
17-29-34_09-07-2024  - INFO - ct_controller.py - {'send_start_signal': 'SUCCESS'}
17-33-34_09-07-2024  - INFO - ct_controller.py - {'start_signal_acknowledged': 'FAIL', 'cause': 'No Acknowledgement From Spectrometer Within Timeout'}
17-33-34_09-07-2024  - INFO - ct_controller.py - {'analysis_cycle_started': 'FAIL', 'cause': Exception('ERROR - LCMS - No Acknowledgement From Spectrometer Within Timeout')}
17-33-34_09-07-2024  - INFO - ct_server.py - Response sent to client: HPLC: FAILED - ERROR - LCMS - No Acknowledgement From Spectrometer Within Timeout
17-33-34_09-07-2024  - INFO - ct_server.py - Command from client: start_file_monitoring with message: None
17-33-34_09-07-2024  - INFO - ChromTroller.py - Command received: start_file_monitoring with data: None
