18-32-56_16-07-2024  - INFO - ct_server.py - Server loaded connection ids from .json file successfully
18-32-56_16-07-2024  - INFO - ct_server.py - Server listening on port: 10989
18-32-56_16-07-2024  - INFO - ct_controller.py - Loaded hardware settings successfully
18-32-58_16-07-2024  - INFO - ct_controller.py - Phase sensor monitoring started on separate thread.
18-32-58_16-07-2024  - INFO - ct_controller.py - Controller Object Initialized Successfully
18-32-58_16-07-2024  - INFO - ChromTroller.py - Successfully connected to instrument controller
18-32-58_16-07-2024  - INFO - ChromTroller.py - Successfully connected to monitor
18-32-58_16-07-2024  - INFO - ct_analyser.py - loaded analysis settings from json
18-32-58_16-07-2024  - INFO - ct_analyser.py - settings read from analysis json
18-32-58_16-07-2024  - INFO - ct_analyser.py - settings object created
18-32-58_16-07-2024  - INFO - ct_analyser.py - Analyser Object Initialized Successfully
18-32-58_16-07-2024  - INFO - ChromTroller.py - Successfully connected to analyser
18-34-33_16-07-2024  - INFO - ct_server.py - Client connected at 18:34:33_16-07-2024
18-45-25_16-07-2024  - INFO - ct_server.py - Command from client: new_run_name with message: miki_eosin_Y_attempt3
18-45-25_16-07-2024  - INFO - ChromTroller.py - Command received: new_run_name with data: miki_eosin_Y_attempt3
18-45-25_16-07-2024  - INFO - ChromTroller.py - new run info object made with name: miki_eosin_Y_attempt3
18-45-25_16-07-2024  - INFO - ct_server.py - Command from client: set_run_conc with message: 0.1
18-45-25_16-07-2024  - INFO - ChromTroller.py - Command received: set_run_conc with data: 0.1
18-45-25_16-07-2024  - INFO - ct_server.py - Command from client: add_reagents with message: ['tBuOOH', 'NBS']
18-45-25_16-07-2024  - INFO - ChromTroller.py - Command received: add_reagents with data: ['tBuOOH', 'NBS']
18-45-25_16-07-2024  - INFO - ChromTroller.py - reagents: ['tBuOOH', 'NBS'] added to to run info
18-45-25_16-07-2024  - INFO - ct_server.py - Command from client: add_reaction_conditions with message: {'light_intensity': 300, 'residence_time': 50}
18-45-25_16-07-2024  - INFO - ChromTroller.py - Command received: add_reaction_conditions with data: {'light_intensity': 300, 'residence_time': 50}
18-45-25_16-07-2024  - INFO - ChromTroller.py - conditions: {'light_intensity': 300, 'residence_time': 50} added to to run info
18-45-25_16-07-2024  - INFO - ct_server.py - Command from client: start_hplc_run with message: None
18-45-25_16-07-2024  - INFO - ChromTroller.py - Command received: start_hplc_run with data: None
18-45-25_16-07-2024  - INFO - ct_controller.py - {'HPLC_analysis': 'INITIATED'}
18-45-25_16-07-2024  - INFO - ct_controller.py - {'hardware_connection_check': {'Arduino': 'SUCCESS', 'Valve': 'SUCCESS', 'Phase_Sensor': 'SUCCESS', 'LCMS': 'SUCCESS'}}
18-45-25_16-07-2024  - INFO - ct_controller.py - {'filling_pos_check': 'SUCCESS'}
18-45-25_16-07-2024  - INFO - ct_controller.py - {'ps_sample_detection': 'WAITING'}
18-45-25_16-07-2024  - INFO - ct_controller.py - {'ps_sample_detection': 'SUCCESS'}
18-45-25_16-07-2024  - INFO - ct_controller.py - {'send_start_signal': 'SUCCESS'}
18-45-25_16-07-2024  - INFO - ct_controller.py - {'start_request_acknowledged': 'WAITING'}
18-45-25_16-07-2024  - INFO - ct_controller.py - {'start_request_acknowledged': 'SUCCESS'}
18-45-30_16-07-2024  - INFO - ct_controller.py - {'start_signal': 'WAITING'}
18-45-46_16-07-2024  - INFO - ct_controller.py - {'start_signal': 'SUCCESS'}
18-45-46_16-07-2024  - INFO - ct_controller.py - {'valve_switched_to_load': 'INITIATED'}
18-45-47_16-07-2024  - INFO - ct_controller.py - {'valve_switched_to_load': 'SUCCESS'}
18-45-47_16-07-2024  - INFO - ct_controller.py - {'sample_loading': 'WAITING'}
18-46-12_16-07-2024  - INFO - ct_controller.py - {'sample_loading': 'SUCCESS'}
18-46-12_16-07-2024  - INFO - ct_controller.py - {'valve_returned_to_bypass': 'SUCCESS'}
18-46-12_16-07-2024  - INFO - ct_controller.py - {'analysis_cycle_started': 'SUCCESS'}
18-46-12_16-07-2024  - INFO - ChromTroller.py - HPLC initiation: SUCCESS
18-46-12_16-07-2024  - INFO - ct_server.py - Response sent to client: SUCCESS
18-46-12_16-07-2024  - INFO - ct_server.py - Command from client: start_file_monitoring with message: None
18-46-12_16-07-2024  - INFO - ChromTroller.py - Command received: start_file_monitoring with data: None
18-49-50_16-07-2024  - INFO - ct_monitor.py - RoboChem_sample_02.dx
18-49-50_16-07-2024  - INFO - ChromTroller.py - file found: RoboChem_sample_02.dx
18-49-51_16-07-2024  - INFO - ChromTroller.py - new file found: RoboChem_sample_02.dx
18-49-51_16-07-2024  - INFO - ct_server.py - Response sent to client: RoboChem_sample_02.dx
18-49-51_16-07-2024  - INFO - ct_server.py - Command from client: run_data_analysis with message: None
18-49-51_16-07-2024  - INFO - ChromTroller.py - Command received: run_data_analysis with data: None
18-49-51_16-07-2024  - INFO - ct_server.py - Response sent to client: SUCCESS
18-49-51_16-07-2024  - INFO - ct_server.py - Client disconnected at 18_49_51-16_07_2024
18-55-33_16-07-2024  - INFO - ct_server.py - Client connected at 18:55:33_16-07-2024
19-13-03_16-07-2024  - INFO - ct_server.py - Command from client: new_run_name with message: miki_eosin_Y_attempt4
19-13-03_16-07-2024  - INFO - ChromTroller.py - Command received: new_run_name with data: miki_eosin_Y_attempt4
19-13-03_16-07-2024  - INFO - ChromTroller.py - new run info object made with name: miki_eosin_Y_attempt4
19-13-03_16-07-2024  - INFO - ct_server.py - Command from client: set_run_conc with message: 0.1
19-13-03_16-07-2024  - INFO - ChromTroller.py - Command received: set_run_conc with data: 0.1
19-13-03_16-07-2024  - INFO - ct_server.py - Command from client: add_reagents with message: ['tBuOOH', 'NBS']
19-13-03_16-07-2024  - INFO - ChromTroller.py - Command received: add_reagents with data: ['tBuOOH', 'NBS']
19-13-03_16-07-2024  - INFO - ChromTroller.py - reagents: ['tBuOOH', 'NBS'] added to to run info
19-13-03_16-07-2024  - INFO - ct_server.py - Command from client: add_reaction_conditions with message: {'light_intensity': 600, 'residence_time': 50}
19-13-03_16-07-2024  - INFO - ChromTroller.py - Command received: add_reaction_conditions with data: {'light_intensity': 600, 'residence_time': 50}
19-13-03_16-07-2024  - INFO - ChromTroller.py - conditions: {'light_intensity': 600, 'residence_time': 50} added to to run info
19-13-03_16-07-2024  - INFO - ct_server.py - Command from client: start_hplc_run with message: None
19-13-03_16-07-2024  - INFO - ChromTroller.py - Command received: start_hplc_run with data: None
19-13-03_16-07-2024  - INFO - ct_controller.py - {'HPLC_analysis': 'INITIATED'}
19-13-03_16-07-2024  - INFO - ct_controller.py - {'hardware_connection_check': {'Arduino': 'SUCCESS', 'Valve': 'SUCCESS', 'Phase_Sensor': 'SUCCESS', 'LCMS': 'SUCCESS'}}
19-13-03_16-07-2024  - INFO - ct_controller.py - {'filling_pos_check': 'SUCCESS'}
19-13-03_16-07-2024  - INFO - ct_controller.py - {'ps_sample_detection': 'WAITING'}
19-13-03_16-07-2024  - INFO - ct_controller.py - {'ps_sample_detection': 'SUCCESS'}
19-13-03_16-07-2024  - INFO - ct_controller.py - {'send_start_signal': 'SUCCESS'}
19-13-03_16-07-2024  - INFO - ct_controller.py - {'start_request_acknowledged': 'WAITING'}
19-13-03_16-07-2024  - INFO - ct_controller.py - {'start_request_acknowledged': 'SUCCESS'}
19-13-08_16-07-2024  - INFO - ct_controller.py - {'start_signal': 'WAITING'}
19-13-23_16-07-2024  - INFO - ct_controller.py - {'start_signal': 'SUCCESS'}
19-13-23_16-07-2024  - INFO - ct_controller.py - {'valve_switched_to_load': 'INITIATED'}
19-13-24_16-07-2024  - INFO - ct_controller.py - {'valve_switched_to_load': 'SUCCESS'}
19-13-24_16-07-2024  - INFO - ct_controller.py - {'sample_loading': 'WAITING'}
19-13-49_16-07-2024  - INFO - ct_controller.py - {'sample_loading': 'SUCCESS'}
19-13-49_16-07-2024  - INFO - ct_controller.py - {'valve_returned_to_bypass': 'SUCCESS'}
19-13-49_16-07-2024  - INFO - ct_controller.py - {'analysis_cycle_started': 'SUCCESS'}
19-13-49_16-07-2024  - INFO - ChromTroller.py - HPLC initiation: SUCCESS
19-13-49_16-07-2024  - INFO - ct_server.py - Response sent to client: SUCCESS
19-13-49_16-07-2024  - INFO - ct_server.py - Command from client: start_file_monitoring with message: None
19-13-49_16-07-2024  - INFO - ChromTroller.py - Command received: start_file_monitoring with data: None
19-17-27_16-07-2024  - INFO - ct_monitor.py - RoboChem_sample_03.dx
19-17-27_16-07-2024  - INFO - ChromTroller.py - file found: RoboChem_sample_03.dx
19-17-27_16-07-2024  - INFO - ChromTroller.py - new file found: RoboChem_sample_03.dx
19-17-27_16-07-2024  - INFO - ct_server.py - Response sent to client: RoboChem_sample_03.dx
19-17-27_16-07-2024  - INFO - ct_server.py - Command from client: run_data_analysis with message: None
19-17-27_16-07-2024  - INFO - ChromTroller.py - Command received: run_data_analysis with data: None
19-17-27_16-07-2024  - INFO - ct_server.py - Response sent to client: SUCCESS
19-17-27_16-07-2024  - INFO - ct_server.py - Client disconnected at 19_17_27-16_07_2024
