30-05-2024 15:00:58 - INFO - ct_controller.py - SensorMonitor Initialized Successfully
30-05-2024 15:00:58 - INFO - ct_controller.py - Phase sensor monitoring started on separate thread.
30-05-2024 15:00:58 - INFO - ct_controller.py - Controller Object Initialized Successfully
30-05-2024 15:00:58 - INFO - ct_server.py - Server successfully connected to instrument controller
30-05-2024 15:00:58 - INFO - ct_server.py - Server listening on port: 10989
30-05-2024 15:01:04 - INFO - ct_server.py - Client: ('127.0.0.1', 62272) successfully connected
30-05-2024 15:01:06 - INFO - ct_server.py - Command received from client: 4
30-05-2024 15:01:06 - INFO - ct_server.py - Response sent back to client: A
30-05-2024 16:33:19 - INFO - ct_server.py - Client: ('10.10.29.202', 54784) successfully connected
30-05-2024 16:33:19 - INFO - ct_server.py - Command received from client: Analyse
30-05-2024 16:33:19 - INFO - ct_controller.py - Analysis Process Initiated...
30-05-2024 16:33:19 - INFO - ct_controller.py - SUCCESS - Hardware Connections Verified
30-05-2024 16:33:19 - INFO - ct_controller.py - SUCCESS - Phase Sensor - Sample Detected
30-05-2024 16:33:19 - INFO - ct_controller.py - SUCCESS - Switch Valve - Filling Loop Filled
30-05-2024 16:33:19 - INFO - ct_controller.py - SUCCESS - LCMS - Start Signal Sent By Arduino
30-05-2024 16:34:03 - INFO - ct_controller.py - SUCCESS - LCMS - Start Acknowledged By Spectrometer
30-05-2024 16:34:13 - INFO - ct_controller.py - SUCCESS - Switch Valve - Sample Loaded From Sample Loop
30-05-2024 16:34:25 - INFO - ct_controller.py - SUCCESS - Switch Valve - Returned To Filling Position
30-05-2024 16:34:25 - INFO - ct_controller.py - SUCCESS - Analysis Cycle: 1 Complete
30-05-2024 16:34:25 - INFO - ct_server.py - Response sent back to client: SUCCESS - Analysis Cycle: 1 Complete
30-05-2024 17:20:08 - INFO - ct_server.py - Client: ('10.10.29.202', 54920) successfully connected
30-05-2024 17:20:08 - INFO - ct_server.py - Command received from client: Analyse
30-05-2024 17:20:08 - INFO - ct_controller.py - Analysis Process Initiated...
30-05-2024 17:20:08 - INFO - ct_controller.py - SUCCESS - Hardware Connections Verified
30-05-2024 17:20:08 - INFO - ct_controller.py - SUCCESS - Phase Sensor - Sample Detected
30-05-2024 17:20:08 - INFO - ct_controller.py - SUCCESS - Switch Valve - Filling Loop Filled
30-05-2024 17:20:09 - INFO - ct_controller.py - SUCCESS - LCMS - Start Signal Sent By Arduino
30-05-2024 17:20:53 - INFO - ct_controller.py - SUCCESS - LCMS - Start Acknowledged By Spectrometer
30-05-2024 17:21:03 - INFO - ct_controller.py - SUCCESS - Switch Valve - Sample Loaded From Sample Loop
30-05-2024 17:21:15 - INFO - ct_controller.py - SUCCESS - Switch Valve - Returned To Filling Position
30-05-2024 17:21:15 - INFO - ct_controller.py - SUCCESS - Analysis Cycle: 2 Complete
30-05-2024 17:21:15 - INFO - ct_server.py - Response sent back to client: SUCCESS - Analysis Cycle: 2 Complete
30-05-2024 18:06:57 - INFO - ct_server.py - Client: ('10.10.29.202', 55075) successfully connected
30-05-2024 18:06:57 - INFO - ct_server.py - Command received from client: Analyse
30-05-2024 18:06:57 - INFO - ct_controller.py - Analysis Process Initiated...
30-05-2024 18:06:57 - INFO - ct_controller.py - SUCCESS - Hardware Connections Verified
30-05-2024 18:06:57 - INFO - ct_controller.py - SUCCESS - Phase Sensor - Sample Detected
30-05-2024 18:06:57 - INFO - ct_controller.py - SUCCESS - Switch Valve - Filling Loop Filled
30-05-2024 18:06:58 - INFO - ct_controller.py - SUCCESS - LCMS - Start Signal Sent By Arduino
30-05-2024 18:07:42 - INFO - ct_controller.py - SUCCESS - LCMS - Start Acknowledged By Spectrometer
30-05-2024 18:07:52 - INFO - ct_controller.py - SUCCESS - Switch Valve - Sample Loaded From Sample Loop
30-05-2024 18:08:04 - INFO - ct_controller.py - SUCCESS - Switch Valve - Returned To Filling Position
30-05-2024 18:08:04 - INFO - ct_controller.py - SUCCESS - Analysis Cycle: 3 Complete
30-05-2024 18:08:04 - INFO - ct_server.py - Response sent back to client: SUCCESS - Analysis Cycle: 3 Complete
30-05-2024 18:54:33 - INFO - ct_server.py - Client: ('10.10.29.202', 55230) successfully connected
30-05-2024 18:54:33 - INFO - ct_server.py - Command received from client: Analyse
30-05-2024 18:54:33 - INFO - ct_controller.py - Analysis Process Initiated...
30-05-2024 18:54:33 - INFO - ct_controller.py - SUCCESS - Hardware Connections Verified
30-05-2024 18:54:33 - INFO - ct_controller.py - SUCCESS - Phase Sensor - Sample Detected
30-05-2024 18:54:33 - INFO - ct_controller.py - SUCCESS - Switch Valve - Filling Loop Filled
30-05-2024 18:54:33 - INFO - ct_controller.py - SUCCESS - LCMS - Start Signal Sent By Arduino
30-05-2024 18:55:17 - INFO - ct_controller.py - SUCCESS - LCMS - Start Acknowledged By Spectrometer
30-05-2024 18:55:27 - INFO - ct_controller.py - SUCCESS - Switch Valve - Sample Loaded From Sample Loop
30-05-2024 18:55:39 - INFO - ct_controller.py - SUCCESS - Switch Valve - Returned To Filling Position
30-05-2024 18:55:39 - INFO - ct_controller.py - SUCCESS - Analysis Cycle: 4 Complete
30-05-2024 18:55:39 - INFO - ct_server.py - Response sent back to client: SUCCESS - Analysis Cycle: 4 Complete
30-05-2024 19:41:22 - INFO - ct_server.py - Client: ('10.10.29.202', 55352) successfully connected
30-05-2024 19:41:22 - INFO - ct_server.py - Command received from client: Analyse
30-05-2024 19:41:22 - INFO - ct_controller.py - Analysis Process Initiated...
30-05-2024 19:41:22 - INFO - ct_controller.py - SUCCESS - Hardware Connections Verified
30-05-2024 19:41:22 - INFO - ct_controller.py - SUCCESS - Phase Sensor - Sample Detected
30-05-2024 19:41:22 - INFO - ct_controller.py - SUCCESS - Switch Valve - Filling Loop Filled
30-05-2024 19:41:22 - INFO - ct_controller.py - SUCCESS - LCMS - Start Signal Sent By Arduino
30-05-2024 19:42:06 - INFO - ct_controller.py - SUCCESS - LCMS - Start Acknowledged By Spectrometer
30-05-2024 19:42:16 - INFO - ct_controller.py - SUCCESS - Switch Valve - Sample Loaded From Sample Loop
30-05-2024 19:42:28 - INFO - ct_controller.py - SUCCESS - Switch Valve - Returned To Filling Position
30-05-2024 19:42:28 - INFO - ct_controller.py - SUCCESS - Analysis Cycle: 5 Complete
30-05-2024 19:42:28 - INFO - ct_server.py - Response sent back to client: SUCCESS - Analysis Cycle: 5 Complete
30-05-2024 20:28:11 - INFO - ct_server.py - Client: ('10.10.29.202', 55476) successfully connected
30-05-2024 20:28:11 - INFO - ct_server.py - Command received from client: Analyse
30-05-2024 20:28:11 - INFO - ct_controller.py - Analysis Process Initiated...
30-05-2024 20:28:11 - INFO - ct_controller.py - SUCCESS - Hardware Connections Verified
30-05-2024 20:28:11 - INFO - ct_controller.py - SUCCESS - Phase Sensor - Sample Detected
30-05-2024 20:28:11 - INFO - ct_controller.py - SUCCESS - Switch Valve - Filling Loop Filled
30-05-2024 20:28:11 - INFO - ct_controller.py - SUCCESS - LCMS - Start Signal Sent By Arduino
30-05-2024 20:28:55 - INFO - ct_controller.py - SUCCESS - LCMS - Start Acknowledged By Spectrometer
30-05-2024 20:29:05 - INFO - ct_controller.py - SUCCESS - Switch Valve - Sample Loaded From Sample Loop
30-05-2024 20:29:17 - INFO - ct_controller.py - SUCCESS - Switch Valve - Returned To Filling Position
30-05-2024 20:29:17 - INFO - ct_controller.py - SUCCESS - Analysis Cycle: 6 Complete
30-05-2024 20:29:17 - INFO - ct_server.py - Response sent back to client: SUCCESS - Analysis Cycle: 6 Complete
30-05-2024 21:15:00 - INFO - ct_server.py - Client: ('10.10.29.202', 55601) successfully connected
30-05-2024 21:15:00 - INFO - ct_server.py - Command received from client: Analyse
30-05-2024 21:15:00 - INFO - ct_controller.py - Analysis Process Initiated...
30-05-2024 21:15:00 - INFO - ct_controller.py - SUCCESS - Hardware Connections Verified
30-05-2024 21:15:00 - INFO - ct_controller.py - SUCCESS - Phase Sensor - Sample Detected
30-05-2024 21:15:00 - INFO - ct_controller.py - SUCCESS - Switch Valve - Filling Loop Filled
30-05-2024 21:15:00 - INFO - ct_controller.py - SUCCESS - LCMS - Start Signal Sent By Arduino
30-05-2024 21:15:44 - INFO - ct_controller.py - SUCCESS - LCMS - Start Acknowledged By Spectrometer
30-05-2024 21:15:54 - INFO - ct_controller.py - SUCCESS - Switch Valve - Sample Loaded From Sample Loop
30-05-2024 21:16:06 - INFO - ct_controller.py - SUCCESS - Switch Valve - Returned To Filling Position
30-05-2024 21:16:06 - INFO - ct_controller.py - SUCCESS - Analysis Cycle: 7 Complete
30-05-2024 21:16:06 - INFO - ct_server.py - Response sent back to client: SUCCESS - Analysis Cycle: 7 Complete
30-05-2024 22:01:48 - INFO - ct_server.py - Client: ('10.10.29.202', 55721) successfully connected
30-05-2024 22:01:48 - INFO - ct_server.py - Command received from client: Analyse
30-05-2024 22:01:48 - INFO - ct_controller.py - Analysis Process Initiated...
30-05-2024 22:01:48 - INFO - ct_controller.py - SUCCESS - Hardware Connections Verified
30-05-2024 22:01:48 - INFO - ct_controller.py - SUCCESS - Phase Sensor - Sample Detected
30-05-2024 22:01:48 - INFO - ct_controller.py - SUCCESS - Switch Valve - Filling Loop Filled
30-05-2024 22:01:49 - INFO - ct_controller.py - SUCCESS - LCMS - Start Signal Sent By Arduino
30-05-2024 22:02:32 - INFO - ct_controller.py - SUCCESS - LCMS - Start Acknowledged By Spectrometer
30-05-2024 22:02:42 - INFO - ct_controller.py - SUCCESS - Switch Valve - Sample Loaded From Sample Loop
30-05-2024 22:02:54 - INFO - ct_controller.py - SUCCESS - Switch Valve - Returned To Filling Position
30-05-2024 22:02:54 - INFO - ct_controller.py - SUCCESS - Analysis Cycle: 8 Complete
30-05-2024 22:02:54 - INFO - ct_server.py - Response sent back to client: SUCCESS - Analysis Cycle: 8 Complete
30-05-2024 22:48:37 - INFO - ct_server.py - Client: ('10.10.29.202', 55921) successfully connected
30-05-2024 22:48:37 - INFO - ct_server.py - Command received from client: Analyse
30-05-2024 22:48:37 - INFO - ct_controller.py - Analysis Process Initiated...
30-05-2024 22:48:37 - INFO - ct_controller.py - SUCCESS - Hardware Connections Verified
30-05-2024 22:48:37 - INFO - ct_controller.py - SUCCESS - Phase Sensor - Sample Detected
30-05-2024 22:48:37 - INFO - ct_controller.py - SUCCESS - Switch Valve - Filling Loop Filled
30-05-2024 22:48:37 - INFO - ct_controller.py - SUCCESS - LCMS - Start Signal Sent By Arduino
30-05-2024 22:49:21 - INFO - ct_controller.py - SUCCESS - LCMS - Start Acknowledged By Spectrometer
30-05-2024 22:49:31 - INFO - ct_controller.py - SUCCESS - Switch Valve - Sample Loaded From Sample Loop
30-05-2024 22:49:43 - INFO - ct_controller.py - SUCCESS - Switch Valve - Returned To Filling Position
30-05-2024 22:49:43 - INFO - ct_controller.py - SUCCESS - Analysis Cycle: 9 Complete
30-05-2024 22:49:43 - INFO - ct_server.py - Response sent back to client: SUCCESS - Analysis Cycle: 9 Complete
30-05-2024 23:35:26 - INFO - ct_server.py - Client: ('10.10.29.202', 56046) successfully connected
30-05-2024 23:35:26 - INFO - ct_server.py - Command received from client: Analyse
30-05-2024 23:35:26 - INFO - ct_controller.py - Analysis Process Initiated...
30-05-2024 23:35:26 - INFO - ct_controller.py - SUCCESS - Hardware Connections Verified
30-05-2024 23:35:26 - INFO - ct_controller.py - SUCCESS - Phase Sensor - Sample Detected
30-05-2024 23:35:26 - INFO - ct_controller.py - SUCCESS - Switch Valve - Filling Loop Filled
30-05-2024 23:35:26 - INFO - ct_controller.py - SUCCESS - LCMS - Start Signal Sent By Arduino
30-05-2024 23:36:10 - INFO - ct_controller.py - SUCCESS - LCMS - Start Acknowledged By Spectrometer
30-05-2024 23:36:20 - INFO - ct_controller.py - SUCCESS - Switch Valve - Sample Loaded From Sample Loop
30-05-2024 23:36:32 - INFO - ct_controller.py - SUCCESS - Switch Valve - Returned To Filling Position
30-05-2024 23:36:32 - INFO - ct_controller.py - SUCCESS - Analysis Cycle: 10 Complete
30-05-2024 23:36:32 - INFO - ct_server.py - Response sent back to client: SUCCESS - Analysis Cycle: 10 Complete
31-05-2024 00:22:15 - INFO - ct_server.py - Client: ('10.10.29.202', 56194) successfully connected
31-05-2024 00:22:15 - INFO - ct_server.py - Command received from client: Analyse
31-05-2024 00:22:15 - INFO - ct_controller.py - Analysis Process Initiated...
31-05-2024 00:22:15 - INFO - ct_controller.py - SUCCESS - Hardware Connections Verified
31-05-2024 00:22:15 - INFO - ct_controller.py - SUCCESS - Phase Sensor - Sample Detected
31-05-2024 00:22:15 - INFO - ct_controller.py - SUCCESS - Switch Valve - Filling Loop Filled
31-05-2024 00:22:15 - INFO - ct_controller.py - SUCCESS - LCMS - Start Signal Sent By Arduino
31-05-2024 00:22:59 - INFO - ct_controller.py - SUCCESS - LCMS - Start Acknowledged By Spectrometer
31-05-2024 00:23:09 - INFO - ct_controller.py - SUCCESS - Switch Valve - Sample Loaded From Sample Loop
31-05-2024 00:23:21 - INFO - ct_controller.py - SUCCESS - Switch Valve - Returned To Filling Position
31-05-2024 00:23:21 - INFO - ct_controller.py - SUCCESS - Analysis Cycle: 11 Complete
31-05-2024 00:23:21 - INFO - ct_server.py - Response sent back to client: SUCCESS - Analysis Cycle: 11 Complete
31-05-2024 15:05:17 - INFO - ct_server.py - Client: ('127.0.0.1', 61536) successfully connected
31-05-2024 15:05:19 - INFO - ct_server.py - Command received from client: 4
31-05-2024 15:05:19 - INFO - ct_server.py - Response sent back to client: A
31-05-2024 15:05:22 - INFO - ct_server.py - Command received from client: 5-a
31-05-2024 15:05:22 - INFO - ct_server.py - Response sent back to client: Good Acknowledge
31-05-2024 15:05:25 - INFO - ct_server.py - Command received from client: 5-b
31-05-2024 15:05:25 - INFO - ct_server.py - Response sent back to client: Good Acknowledge
31-05-2024 15:05:35 - INFO - ct_server.py - Command received from client: 5-a
31-05-2024 15:05:35 - INFO - ct_server.py - Response sent back to client: Good Acknowledge
31-05-2024 15:05:56 - INFO - ct_server.py - Command received from client: 5-b
31-05-2024 15:05:56 - INFO - ct_server.py - Response sent back to client: Good Acknowledge
31-05-2024 15:08:29 - INFO - ct_server.py - Command received from client: 4
31-05-2024 15:08:29 - INFO - ct_server.py - Response sent back to client: B
31-05-2024 15:08:33 - INFO - ct_server.py - Command received from client: 5-a
31-05-2024 15:08:33 - INFO - ct_server.py - Response sent back to client: Good Acknowledge
31-05-2024 15:09:18 - INFO - ct_server.py - Command received from client: 5-b
31-05-2024 15:09:18 - INFO - ct_server.py - Response sent back to client: Good Acknowledge
31-05-2024 15:09:27 - INFO - ct_server.py - Command received from client: 5-a
31-05-2024 15:09:27 - INFO - ct_server.py - Response sent back to client: Good Acknowledge
31-05-2024 15:09:38 - INFO - ct_server.py - Command received from client: 5-b
31-05-2024 15:09:38 - INFO - ct_server.py - Response sent back to client: Good Acknowledge
31-05-2024 15:09:49 - INFO - ct_server.py - Command received from client: 5-a
31-05-2024 15:09:49 - INFO - ct_server.py - Response sent back to client: Good Acknowledge
31-05-2024 15:14:49 - INFO - ct_server.py - Command received from client: 5-a
31-05-2024 15:14:49 - INFO - ct_server.py - Response sent back to client: Good Acknowledge
31-05-2024 15:14:51 - INFO - ct_server.py - Command received from client: 5-b
31-05-2024 15:14:51 - INFO - ct_server.py - Response sent back to client: Good Acknowledge
31-05-2024 15:14:53 - INFO - ct_server.py - Command received from client: 5-a
31-05-2024 15:14:53 - INFO - ct_server.py - Response sent back to client: Good Acknowledge
31-05-2024 15:43:37 - INFO - ct_server.py - Command received from client: 4
31-05-2024 15:43:37 - INFO - ct_server.py - Response sent back to client: A
31-05-2024 17:28:15 - INFO - ct_server.py - Client: ('10.10.29.202', 58941) successfully connected
31-05-2024 17:28:15 - INFO - ct_server.py - Command received from client: Analyse
31-05-2024 17:28:15 - INFO - ct_controller.py - Analysis Process Initiated...
31-05-2024 17:28:16 - INFO - ct_controller.py - SUCCESS - Hardware Connections Verified
31-05-2024 17:28:16 - INFO - ct_controller.py - SUCCESS - Phase Sensor - Sample Detected
31-05-2024 17:28:16 - INFO - ct_controller.py - SUCCESS - Switch Valve - Filling Loop Filled
31-05-2024 17:28:16 - INFO - ct_controller.py - SUCCESS - LCMS - Start Signal Sent By Arduino
31-05-2024 17:28:42 - INFO - ct_controller.py - SUCCESS - LCMS - Start Acknowledged By Spectrometer
31-05-2024 17:28:52 - INFO - ct_controller.py - SUCCESS - Switch Valve - Sample Loaded From Sample Loop
31-05-2024 17:29:04 - INFO - ct_controller.py - SUCCESS - Switch Valve - Returned To Filling Position
31-05-2024 17:29:04 - INFO - ct_controller.py - SUCCESS - Analysis Cycle: 12 Complete
31-05-2024 17:29:04 - INFO - ct_server.py - Response sent back to client: SUCCESS - Analysis Cycle: 12 Complete
31-05-2024 18:14:47 - INFO - ct_server.py - Client: ('10.10.29.202', 59080) successfully connected
31-05-2024 18:14:47 - INFO - ct_server.py - Command received from client: Analyse
31-05-2024 18:14:47 - INFO - ct_controller.py - Analysis Process Initiated...
31-05-2024 18:14:47 - INFO - ct_controller.py - SUCCESS - Hardware Connections Verified
31-05-2024 18:14:47 - INFO - ct_controller.py - SUCCESS - Phase Sensor - Sample Detected
31-05-2024 18:14:47 - INFO - ct_controller.py - SUCCESS - Switch Valve - Filling Loop Filled
31-05-2024 18:14:47 - INFO - ct_controller.py - SUCCESS - LCMS - Start Signal Sent By Arduino
31-05-2024 18:15:10 - INFO - ct_controller.py - SUCCESS - LCMS - Start Acknowledged By Spectrometer
31-05-2024 18:15:20 - INFO - ct_controller.py - SUCCESS - Switch Valve - Sample Loaded From Sample Loop
31-05-2024 18:15:32 - INFO - ct_controller.py - SUCCESS - Switch Valve - Returned To Filling Position
31-05-2024 18:15:32 - INFO - ct_controller.py - SUCCESS - Analysis Cycle: 13 Complete
31-05-2024 18:15:32 - INFO - ct_server.py - Response sent back to client: SUCCESS - Analysis Cycle: 13 Complete
31-05-2024 19:01:15 - INFO - ct_server.py - Client: ('10.10.29.202', 59199) successfully connected
31-05-2024 19:01:15 - INFO - ct_server.py - Command received from client: Analyse
31-05-2024 19:01:15 - INFO - ct_controller.py - Analysis Process Initiated...
31-05-2024 19:01:15 - INFO - ct_controller.py - SUCCESS - Hardware Connections Verified
31-05-2024 19:01:15 - INFO - ct_controller.py - SUCCESS - Phase Sensor - Sample Detected
31-05-2024 19:01:15 - INFO - ct_controller.py - SUCCESS - Switch Valve - Filling Loop Filled
31-05-2024 19:01:15 - INFO - ct_controller.py - SUCCESS - LCMS - Start Signal Sent By Arduino
31-05-2024 19:01:38 - INFO - ct_controller.py - SUCCESS - LCMS - Start Acknowledged By Spectrometer
31-05-2024 19:01:48 - INFO - ct_controller.py - SUCCESS - Switch Valve - Sample Loaded From Sample Loop
31-05-2024 19:02:00 - INFO - ct_controller.py - SUCCESS - Switch Valve - Returned To Filling Position
31-05-2024 19:02:00 - INFO - ct_controller.py - SUCCESS - Analysis Cycle: 14 Complete
31-05-2024 19:02:00 - INFO - ct_server.py - Response sent back to client: SUCCESS - Analysis Cycle: 14 Complete
31-05-2024 19:47:43 - INFO - ct_server.py - Client: ('10.10.29.202', 59345) successfully connected
31-05-2024 19:47:43 - INFO - ct_server.py - Command received from client: Analyse
31-05-2024 19:47:43 - INFO - ct_controller.py - Analysis Process Initiated...
31-05-2024 19:47:43 - INFO - ct_controller.py - SUCCESS - Hardware Connections Verified
31-05-2024 19:47:43 - INFO - ct_controller.py - SUCCESS - Phase Sensor - Sample Detected
31-05-2024 19:47:43 - INFO - ct_controller.py - SUCCESS - Switch Valve - Filling Loop Filled
31-05-2024 19:47:44 - INFO - ct_controller.py - SUCCESS - LCMS - Start Signal Sent By Arduino
31-05-2024 19:48:07 - INFO - ct_controller.py - SUCCESS - LCMS - Start Acknowledged By Spectrometer
31-05-2024 19:48:17 - INFO - ct_controller.py - SUCCESS - Switch Valve - Sample Loaded From Sample Loop
31-05-2024 19:48:29 - INFO - ct_controller.py - SUCCESS - Switch Valve - Returned To Filling Position
31-05-2024 19:48:29 - INFO - ct_controller.py - SUCCESS - Analysis Cycle: 15 Complete
31-05-2024 19:48:29 - INFO - ct_server.py - Response sent back to client: SUCCESS - Analysis Cycle: 15 Complete
