16-06-32_30-08-2024  - INFO - ChromTroller.py - Loaded chromtroller settings successfully
16-06-32_30-08-2024  - INFO - ChromTroller.py - Set RunLog path successfully
16-06-32_30-08-2024  - INFO - ct_server.py - Server loaded connection ids from .json file successfully
16-06-32_30-08-2024  - INFO - ct_server.py - Server listening on port: 10989
16-06-32_30-08-2024  - INFO - ChromTroller.py - Server Initialization: SUCCESS 
16-06-32_30-08-2024  - INFO - ct_controller.py - Loaded hardware settings successfully
16-06-34_30-08-2024  - INFO - ct_controller.py - Phase sensor monitoring started on separate thread.
16-06-34_30-08-2024  - INFO - ct_controller.py - Controller Object Initialized Successfully
16-06-34_30-08-2024  - INFO - ChromTroller.py - Controller Connection: SUCCESS 
16-26-47_30-08-2024  - INFO - ct_server.py - Client connected at 16:26:47_30-08-2024
16-31-31_30-08-2024  - INFO - ct_server.py - Client disconnected at 16:31:31_30-08-2024
16-39-34_30-08-2024  - INFO - ct_server.py - Client connected at 16:39:34_30-08-2024
16-44-17_30-08-2024  - INFO - ct_server.py - Client disconnected at 16:44:17_30-08-2024
16-48-18_30-08-2024  - INFO - ct_server.py - Client connected at 16:48:18_30-08-2024
16-53-01_30-08-2024  - INFO - ct_server.py - Client disconnected at 16:53:01_30-08-2024
16-56-45_30-08-2024  - INFO - ct_server.py - Client connected at 16:56:45_30-08-2024
17-10-02_30-08-2024  - INFO - ChromTroller.py - Command received: new_run_name with data: TEST
17-10-02_30-08-2024  - INFO - ChromTroller.py - New RunLog created: TEST
17-10-02_30-08-2024  - INFO - ChromTroller.py - Command received: set_run_conc with data: 0.11
17-10-02_30-08-2024  - INFO - ChromTroller.py - Command received: add_reagents with data: ['Polystyrene', 0.11, 'tBuOOH', 8, 'NBS', 0.3]
17-10-02_30-08-2024  - INFO - ChromTroller.py - RunLog updated with reagents: ['Polystyrene', 0.11, 'tBuOOH', 8, 'NBS', 0.3]
17-10-02_30-08-2024  - INFO - ChromTroller.py - Command received: add_reaction_conditions with data: {'residence_time': 300, 'light_intensity': 95}
17-10-02_30-08-2024  - INFO - ChromTroller.py - RunLog updated with conditions: {'residence_time': 300, 'light_intensity': 95}
17-10-02_30-08-2024  - INFO - ChromTroller.py - Command received: start_hplc_run with data: None
17-10-02_30-08-2024  - INFO - ChromTroller.py - HPLC analysis initiated
17-10-02_30-08-2024  - INFO - ct_controller.py - {'HPLC_analysis': 'INITIATED'}
17-10-02_30-08-2024  - INFO - ct_controller.py - {'hardware_connection_check': {'Arduino': 'SUCCESS', 'Valve': 'SUCCESS', 'Phase_Sensor': 'SUCCESS', 'LCMS': 'SUCCESS'}}
17-10-02_30-08-2024  - INFO - ct_controller.py - {'filling_pos_check': 'SUCCESS'}
17-10-02_30-08-2024  - INFO - ct_controller.py - {'ps_sample_detection': 'BYPASSED'}
17-10-02_30-08-2024  - INFO - ct_controller.py - {'send_start_signal': 'SUCCESS'}
17-10-02_30-08-2024  - INFO - ct_controller.py - {'start_request_acknowledged': 'WAITING'}
17-10-02_30-08-2024  - INFO - ct_controller.py - {'start_request_acknowledged': 'SUCCESS'}
17-10-07_30-08-2024  - INFO - ct_controller.py - {'start_signal': 'WAITING'}
17-10-22_30-08-2024  - INFO - ct_controller.py - {'start_signal': 'SUCCESS'}
17-10-22_30-08-2024  - INFO - ct_controller.py - {'valve_switched_to_load': 'INITIATED'}
17-10-23_30-08-2024  - INFO - ct_controller.py - {'valve_switched_to_load': 'SUCCESS'}
17-10-23_30-08-2024  - INFO - ct_controller.py - {'sample_loading': 'WAITING'}
17-10-48_30-08-2024  - INFO - ct_controller.py - {'sample_loading': 'SUCCESS'}
17-10-48_30-08-2024  - INFO - ct_controller.py - {'valve_returned_to_bypass': 'SUCCESS'}
17-10-48_30-08-2024  - INFO - ct_controller.py - {'analysis_cycle_started': 'SUCCESS'}
17-10-48_30-08-2024  - INFO - ChromTroller.py - HPLC analysis initiation: SUCCESS
17-10-48_30-08-2024  - INFO - ct_server.py - Response sent to client: SUCCESS
17-10-48_30-08-2024  - INFO - ct_server.py - Client disconnected at 17:10:48_30-08-2024
17-23-48_30-08-2024  - INFO - ct_server.py - Client connected at 17:23:48_30-08-2024
17-36-48_30-08-2024  - INFO - ChromTroller.py - Command received: new_run_name with data: TEST
17-36-48_30-08-2024  - INFO - ChromTroller.py - New RunLog created: TEST
17-36-48_30-08-2024  - INFO - ChromTroller.py - Command received: set_run_conc with data: 0.11
17-36-48_30-08-2024  - INFO - ChromTroller.py - Command received: add_reagents with data: ['Polystyrene', 0.11, 'tBuOOH', 8, 'NBS', 0.3]
17-36-48_30-08-2024  - INFO - ChromTroller.py - RunLog updated with reagents: ['Polystyrene', 0.11, 'tBuOOH', 8, 'NBS', 0.3]
17-36-48_30-08-2024  - INFO - ChromTroller.py - Command received: add_reaction_conditions with data: {'residence_time': 300, 'light_intensity': 95}
17-36-48_30-08-2024  - INFO - ChromTroller.py - RunLog updated with conditions: {'residence_time': 300, 'light_intensity': 95}
17-36-48_30-08-2024  - INFO - ChromTroller.py - Command received: start_hplc_run with data: None
17-36-48_30-08-2024  - INFO - ChromTroller.py - HPLC analysis initiated
17-36-48_30-08-2024  - INFO - ct_controller.py - {'HPLC_analysis': 'INITIATED'}
17-36-48_30-08-2024  - INFO - ct_controller.py - {'hardware_connection_check': {'Arduino': 'SUCCESS', 'Valve': 'SUCCESS', 'Phase_Sensor': 'SUCCESS', 'LCMS': 'SUCCESS'}}
17-36-48_30-08-2024  - INFO - ct_controller.py - {'filling_pos_check': 'SUCCESS'}
17-36-48_30-08-2024  - INFO - ct_controller.py - {'ps_sample_detection': 'BYPASSED'}
17-36-48_30-08-2024  - INFO - ct_controller.py - {'send_start_signal': 'SUCCESS'}
17-36-48_30-08-2024  - INFO - ct_controller.py - {'start_request_acknowledged': 'WAITING'}
17-36-48_30-08-2024  - INFO - ct_controller.py - {'start_request_acknowledged': 'SUCCESS'}
17-36-53_30-08-2024  - INFO - ct_controller.py - {'start_signal': 'WAITING'}
17-37-08_30-08-2024  - INFO - ct_controller.py - {'start_signal': 'SUCCESS'}
17-37-08_30-08-2024  - INFO - ct_controller.py - {'valve_switched_to_load': 'INITIATED'}
17-37-09_30-08-2024  - INFO - ct_controller.py - {'valve_switched_to_load': 'SUCCESS'}
17-37-09_30-08-2024  - INFO - ct_controller.py - {'sample_loading': 'WAITING'}
17-37-34_30-08-2024  - INFO - ct_controller.py - {'sample_loading': 'SUCCESS'}
17-37-34_30-08-2024  - INFO - ct_controller.py - {'valve_returned_to_bypass': 'SUCCESS'}
17-37-34_30-08-2024  - INFO - ct_controller.py - {'analysis_cycle_started': 'SUCCESS'}
17-37-34_30-08-2024  - INFO - ChromTroller.py - HPLC analysis initiation: SUCCESS
17-37-34_30-08-2024  - INFO - ct_server.py - Response sent to client: SUCCESS
17-37-34_30-08-2024  - INFO - ChromTroller.py - Command received: start_file_monitoring with data: None
17-37-34_30-08-2024  - INFO - ChromTroller.py - Current results directory set to: D:\CDSProjects\Polymer_Degradation\Results\RoboChem_debugg_samples_30-8-24.rslt
17-37-34_30-08-2024  - INFO - ChromTroller.py - File Monitoring Started.
17-41-11_30-08-2024  - INFO - ct_monitor.py - New File identified by ct_monitor: RoboChem_sample_04.dx
17-41-11_30-08-2024  - INFO - ct_monitor.py - RoboChem_sample_04.dx
17-41-12_30-08-2024  - INFO - ChromTroller.py - New File Found: RoboChem_sample_04.dx
17-41-12_30-08-2024  - INFO - ct_server.py - Response sent to client: RoboChem_sample_04.dx
17-41-12_30-08-2024  - INFO - ct_server.py - Client disconnected at 17:41:12_30-08-2024
17-46-28_30-08-2024  - INFO - ct_server.py - Client connected at 17:46:28_30-08-2024
17-59-29_30-08-2024  - INFO - ChromTroller.py - Command received: new_run_name with data: TEST
17-59-29_30-08-2024  - INFO - ChromTroller.py - New RunLog created: TEST
17-59-29_30-08-2024  - INFO - ChromTroller.py - Command received: set_run_conc with data: 0.11
17-59-29_30-08-2024  - INFO - ChromTroller.py - Command received: add_reagents with data: ['Polystyrene', 0.11, 'tBuOOH', 8, 'NBS', 0.3]
17-59-29_30-08-2024  - INFO - ChromTroller.py - RunLog updated with reagents: ['Polystyrene', 0.11, 'tBuOOH', 8, 'NBS', 0.3]
17-59-29_30-08-2024  - INFO - ChromTroller.py - Command received: add_reaction_conditions with data: {'residence_time': 300, 'light_intensity': 95}
17-59-29_30-08-2024  - INFO - ChromTroller.py - RunLog updated with conditions: {'residence_time': 300, 'light_intensity': 95}
17-59-29_30-08-2024  - INFO - ChromTroller.py - Command received: start_hplc_run with data: None
17-59-29_30-08-2024  - INFO - ChromTroller.py - HPLC analysis initiated
17-59-29_30-08-2024  - INFO - ct_controller.py - {'HPLC_analysis': 'INITIATED'}
17-59-30_30-08-2024  - INFO - ct_controller.py - {'hardware_connection_check': {'Arduino': 'SUCCESS', 'Valve': 'SUCCESS', 'Phase_Sensor': 'SUCCESS', 'LCMS': 'SUCCESS'}}
17-59-30_30-08-2024  - INFO - ct_controller.py - {'filling_pos_check': 'SUCCESS'}
17-59-30_30-08-2024  - INFO - ct_controller.py - {'ps_sample_detection': 'BYPASSED'}
17-59-30_30-08-2024  - INFO - ct_controller.py - {'send_start_signal': 'SUCCESS'}
17-59-30_30-08-2024  - INFO - ct_controller.py - {'start_request_acknowledged': 'WAITING'}
17-59-30_30-08-2024  - INFO - ct_controller.py - {'start_request_acknowledged': 'SUCCESS'}
17-59-35_30-08-2024  - INFO - ct_controller.py - {'start_signal': 'WAITING'}
17-59-50_30-08-2024  - INFO - ct_controller.py - {'start_signal': 'SUCCESS'}
17-59-50_30-08-2024  - INFO - ct_controller.py - {'valve_switched_to_load': 'INITIATED'}
17-59-50_30-08-2024  - INFO - ct_controller.py - {'valve_switched_to_load': 'SUCCESS'}
17-59-50_30-08-2024  - INFO - ct_controller.py - {'sample_loading': 'WAITING'}
18-00-15_30-08-2024  - INFO - ct_controller.py - {'sample_loading': 'SUCCESS'}
18-00-16_30-08-2024  - INFO - ct_controller.py - {'valve_returned_to_bypass': 'SUCCESS'}
18-00-16_30-08-2024  - INFO - ct_controller.py - {'analysis_cycle_started': 'SUCCESS'}
18-00-16_30-08-2024  - INFO - ChromTroller.py - HPLC analysis initiation: SUCCESS
18-00-16_30-08-2024  - INFO - ct_server.py - Response sent to client: SUCCESS
18-00-16_30-08-2024  - INFO - ChromTroller.py - Command received: start_file_monitoring with data: None
18-00-16_30-08-2024  - INFO - ChromTroller.py - Current results directory set to: D:\CDSProjects\Polymer_Degradation\Results\RoboChem_debugg_samples_30-8-24.rslt
18-00-16_30-08-2024  - INFO - ChromTroller.py - File Monitoring Started.
18-03-53_30-08-2024  - INFO - ct_monitor.py - New File identified by ct_monitor: RoboChem_sample_05.dx
18-03-53_30-08-2024  - INFO - ct_monitor.py - RoboChem_sample_05.dx
18-03-53_30-08-2024  - INFO - ChromTroller.py - New File Found: RoboChem_sample_05.dx
18-03-53_30-08-2024  - INFO - ct_server.py - Response sent to client: RoboChem_sample_05.dx
18-03-53_30-08-2024  - INFO - ChromTroller.py - Command received: run_data_analysis with data: None
18-03-53_30-08-2024  - INFO - ChromTroller.py - Current results directory set to: D:\CDSProjects\Polymer_Degradation\Results\RoboChem_debugg_samples_30-8-24.rslt
18-03-53_30-08-2024  - INFO - ct_analyser_simple.py - loaded analysis settings from json
18-03-53_30-08-2024  - INFO - ct_analyser_simple.py - settings object created from analysis json
18-03-53_30-08-2024  - INFO - ct_analyser_simple.py - Analyser Object Initialized Successfully
18-08-43_30-08-2024  - INFO - ct_server.py - Client connected at 18:08:43_30-08-2024
18-18-23_30-08-2024  - INFO - ChromTroller.py - Command received: new_run_name with data: TEST
18-18-23_30-08-2024  - INFO - ChromTroller.py - New RunLog created: TEST
18-18-23_30-08-2024  - INFO - ChromTroller.py - Command received: set_run_conc with data: 0.11
18-18-23_30-08-2024  - INFO - ChromTroller.py - Command received: add_reagents with data: ['Polystyrene', 0.11, 'tBuOOH', 3, 'NBS', 0.3]
18-18-23_30-08-2024  - INFO - ChromTroller.py - RunLog updated with reagents: ['Polystyrene', 0.11, 'tBuOOH', 3, 'NBS', 0.3]
18-18-23_30-08-2024  - INFO - ChromTroller.py - Command received: add_reaction_conditions with data: {'residence_time': 240, 'light_intensity': 95}
18-18-23_30-08-2024  - INFO - ChromTroller.py - RunLog updated with conditions: {'residence_time': 240, 'light_intensity': 95}
18-18-23_30-08-2024  - INFO - ChromTroller.py - Command received: start_hplc_run with data: None
18-18-23_30-08-2024  - INFO - ChromTroller.py - HPLC analysis initiated
18-18-23_30-08-2024  - INFO - ct_controller.py - {'HPLC_analysis': 'INITIATED'}
18-18-23_30-08-2024  - INFO - ct_controller.py - {'hardware_connection_check': {'Arduino': 'SUCCESS', 'Valve': 'SUCCESS', 'Phase_Sensor': 'SUCCESS', 'LCMS': 'SUCCESS'}}
18-18-23_30-08-2024  - INFO - ct_controller.py - {'filling_pos_check': 'SUCCESS'}
18-18-23_30-08-2024  - INFO - ct_controller.py - {'ps_sample_detection': 'BYPASSED'}
18-18-23_30-08-2024  - INFO - ct_controller.py - {'send_start_signal': 'SUCCESS'}
18-18-23_30-08-2024  - INFO - ct_controller.py - {'start_request_acknowledged': 'WAITING'}
18-18-23_30-08-2024  - INFO - ct_controller.py - {'start_request_acknowledged': 'SUCCESS'}
18-18-28_30-08-2024  - INFO - ct_controller.py - {'start_signal': 'WAITING'}
18-18-43_30-08-2024  - INFO - ct_controller.py - {'start_signal': 'SUCCESS'}
18-18-43_30-08-2024  - INFO - ct_controller.py - {'valve_switched_to_load': 'INITIATED'}
18-18-44_30-08-2024  - INFO - ct_controller.py - {'valve_switched_to_load': 'SUCCESS'}
18-18-44_30-08-2024  - INFO - ct_controller.py - {'sample_loading': 'WAITING'}
18-19-09_30-08-2024  - INFO - ct_controller.py - {'sample_loading': 'SUCCESS'}
18-19-09_30-08-2024  - INFO - ct_controller.py - {'valve_returned_to_bypass': 'SUCCESS'}
18-19-09_30-08-2024  - INFO - ct_controller.py - {'analysis_cycle_started': 'SUCCESS'}
18-19-09_30-08-2024  - INFO - ChromTroller.py - HPLC analysis initiation: SUCCESS
18-19-09_30-08-2024  - INFO - ct_server.py - Response sent to client: SUCCESS
18-19-09_30-08-2024  - INFO - ChromTroller.py - Command received: start_file_monitoring with data: None
18-19-09_30-08-2024  - INFO - ChromTroller.py - Current results directory set to: D:\CDSProjects\Polymer_Degradation\Results\RoboChem_debugg_samples_30-8-24.rslt
18-19-09_30-08-2024  - INFO - ChromTroller.py - File Monitoring Started.
18-22-48_30-08-2024  - INFO - ct_monitor.py - New File identified by ct_monitor: RoboChem_sample_06.dx
18-22-48_30-08-2024  - INFO - ct_monitor.py - RoboChem_sample_06.dx
18-22-48_30-08-2024  - INFO - ChromTroller.py - New File Found: RoboChem_sample_06.dx
18-22-48_30-08-2024  - INFO - ct_server.py - Response sent to client: RoboChem_sample_06.dx
18-22-48_30-08-2024  - INFO - ChromTroller.py - Command received: run_data_analysis with data: None
18-22-48_30-08-2024  - INFO - ChromTroller.py - Current results directory set to: D:\CDSProjects\Polymer_Degradation\Results\RoboChem_debugg_samples_30-8-24.rslt
18-22-48_30-08-2024  - INFO - ct_analyser_simple.py - loaded analysis settings from json
18-22-48_30-08-2024  - INFO - ct_analyser_simple.py - settings object created from analysis json
18-22-48_30-08-2024  - INFO - ct_analyser_simple.py - Analyser Object Initialized Successfully
