14-14-25_03-10-2024  - INFO - ChromTroller.py - Loaded chromtroller settings successfully
14-14-25_03-10-2024  - INFO - ChromTroller.py - Set RunLog path successfully
14-14-25_03-10-2024  - INFO - ct_server.py - Server loaded connection ids from .json file successfully
14-14-25_03-10-2024  - INFO - ct_server.py - Server listening on port: 10989
14-14-25_03-10-2024  - INFO - ChromTroller.py - Server Initialization: SUCCESS 
14-14-25_03-10-2024  - INFO - ct_controller.py - Loaded hardware settings successfully
14-14-27_03-10-2024  - INFO - ct_controller.py - Phase sensor monitoring started on separate thread.
14-14-27_03-10-2024  - INFO - ct_controller.py - Controller Object Initialized Successfully
14-14-27_03-10-2024  - INFO - ChromTroller.py - Controller Connection: SUCCESS 
14-23-43_03-10-2024  - INFO - ct_server.py - Client connected at 14:23:43_03-10-2024
14-36-39_03-10-2024  - INFO - ChromTroller.py - Command received: new_run_name with data: Test_01Oct2024
14-36-39_03-10-2024  - INFO - ChromTroller.py - New RunLog created: Test_01Oct2024
14-36-39_03-10-2024  - INFO - ChromTroller.py - Command received: set_run_conc with data: 0.1
14-36-39_03-10-2024  - INFO - ChromTroller.py - Command received: add_reagents with data: ['Polystyrene', 0.1, 'tBuOOH', 2, 'NBS', 0.3]
14-36-39_03-10-2024  - INFO - ChromTroller.py - RunLog updated with reagents: ['Polystyrene', 0.1, 'tBuOOH', 2, 'NBS', 0.3]
14-36-39_03-10-2024  - INFO - ChromTroller.py - Command received: add_reaction_conditions with data: {'residence_time': 120, 'light_intensity': 1}
14-36-39_03-10-2024  - INFO - ChromTroller.py - RunLog updated with conditions: {'residence_time': 120, 'light_intensity': 1}
14-36-39_03-10-2024  - INFO - ChromTroller.py - Command received: start_hplc_run with data: None
14-36-39_03-10-2024  - INFO - ChromTroller.py - HPLC analysis initiated
14-36-39_03-10-2024  - INFO - ct_controller.py - {'HPLC_analysis': 'INITIATED'}
14-36-39_03-10-2024  - INFO - ct_controller.py - {'hardware_connection_check': {'Arduino': 'SUCCESS', 'Valve': 'SUCCESS', 'Phase_Sensor': 'SUCCESS', 'LCMS': 'SUCCESS'}}
14-36-39_03-10-2024  - INFO - ct_controller.py - {'filling_pos_check': 'SUCCESS'}
14-36-39_03-10-2024  - INFO - ct_controller.py - {'ps_sample_detection': 'BYPASSED'}
14-36-39_03-10-2024  - INFO - ct_controller.py - {'send_start_signal': 'SUCCESS'}
14-36-39_03-10-2024  - INFO - ct_controller.py - {'start_request_acknowledged': 'INITIATED'}
14-36-40_03-10-2024  - INFO - ct_controller.py - {'start_request_acknowledged': 'SUCCESS'}
14-36-40_03-10-2024  - INFO - ct_controller.py - {'start_signal': 'WAITING'}
14-37-00_03-10-2024  - INFO - ct_controller.py - {'start_signal': 'SUCCESS'}
14-37-00_03-10-2024  - INFO - ct_controller.py - {'valve_switched_to_load': 'INITIATED'}
14-37-01_03-10-2024  - INFO - ct_controller.py - {'valve_switched_to_load': 'SUCCESS'}
14-37-01_03-10-2024  - INFO - ct_controller.py - {'sample_loading': 'WAITING'}
14-37-26_03-10-2024  - INFO - ct_controller.py - {'sample_loading': 'SUCCESS'}
14-37-26_03-10-2024  - INFO - ct_controller.py - {'valve_returned_to_bypass': 'SUCCESS'}
14-37-26_03-10-2024  - INFO - ct_controller.py - {'analysis_cycle_started': 'SUCCESS'}
14-37-26_03-10-2024  - INFO - ChromTroller.py - HPLC analysis initiation: SUCCESS
14-37-26_03-10-2024  - INFO - ct_server.py - Response sent to client: SUCCESS
14-37-26_03-10-2024  - INFO - ChromTroller.py - Command received: start_file_monitoring with data: None
14-37-26_03-10-2024  - INFO - ChromTroller.py - Current results directory set to: D:\CDSProjects\Polymer_Degradation\Results\Tests_03102024.rslt
14-37-26_03-10-2024  - INFO - ChromTroller.py - File Monitoring Started.
14-41-04_03-10-2024  - INFO - ct_monitor.py - New File identified by ct_monitor: 2024-10-03 14-33-49+02-00-03.dx
14-41-04_03-10-2024  - INFO - ct_monitor.py - 2024-10-03 14-33-49+02-00-03.dx
14-41-04_03-10-2024  - INFO - ChromTroller.py - New File Found: 2024-10-03 14-33-49+02-00-03.dx
14-41-04_03-10-2024  - INFO - ct_server.py - Response sent to client: 2024-10-03 14-33-49+02-00-03.dx
14-41-04_03-10-2024  - INFO - ChromTroller.py - Command received: run_data_analysis with data: None
14-41-04_03-10-2024  - INFO - ChromTroller.py - Current results directory set to: D:\CDSProjects\Polymer_Degradation\Results\Tests_03102024.rslt
14-41-04_03-10-2024  - INFO - ct_analyser.py - loaded analysis settings from json
14-41-04_03-10-2024  - INFO - ct_analyser.py - settings object created from analysis json
14-41-04_03-10-2024  - INFO - ct_analyser.py - Analyser Object Initialized Successfully
14-56-34_03-10-2024  - INFO - ct_server.py - Client connected at 14:56:34_03-10-2024
15-03-25_03-10-2024  - INFO - ct_server.py - Client disconnected at 15:03:25_03-10-2024
15-04-08_03-10-2024  - INFO - ct_server.py - Client connected at 15:04:08_03-10-2024
16-26-27_03-10-2024  - INFO - ChromTroller.py - Command received: new_run_name with data: MV_R_002
16-26-27_03-10-2024  - INFO - ChromTroller.py - New RunLog created: MV_R_002
16-26-27_03-10-2024  - INFO - ChromTroller.py - Command received: set_run_conc with data: 0.1
16-26-27_03-10-2024  - INFO - ChromTroller.py - Command received: add_reagents with data: ['Polystyrene', 0.1, 'NBS', 0.3, 'tBuOOH', 8]
16-26-27_03-10-2024  - INFO - ChromTroller.py - RunLog updated with reagents: ['Polystyrene', 0.1, 'NBS', 0.3, 'tBuOOH', 8]
16-26-27_03-10-2024  - INFO - ChromTroller.py - Command received: add_reaction_conditions with data: {'residence_time': 3600, 'light_intensity': 100}
16-26-27_03-10-2024  - INFO - ChromTroller.py - RunLog updated with conditions: {'residence_time': 3600, 'light_intensity': 100}
16-26-27_03-10-2024  - INFO - ChromTroller.py - Command received: start_hplc_run with data: None
16-26-27_03-10-2024  - INFO - ChromTroller.py - HPLC analysis initiated
16-26-27_03-10-2024  - INFO - ct_controller.py - {'HPLC_analysis': 'INITIATED'}
16-26-27_03-10-2024  - INFO - ct_controller.py - {'hardware_connection_check': {'Arduino': 'SUCCESS', 'Valve': 'SUCCESS', 'Phase_Sensor': 'SUCCESS', 'LCMS': 'SUCCESS'}}
16-26-27_03-10-2024  - INFO - ct_controller.py - {'filling_pos_check': 'SUCCESS'}
16-26-27_03-10-2024  - INFO - ct_controller.py - {'ps_sample_detection': 'BYPASSED'}
16-26-27_03-10-2024  - INFO - ct_controller.py - {'send_start_signal': 'SUCCESS'}
16-26-27_03-10-2024  - INFO - ct_controller.py - {'start_request_acknowledged': 'INITIATED'}
16-26-27_03-10-2024  - INFO - ct_controller.py - {'start_request_acknowledged': 'SUCCESS'}
16-26-27_03-10-2024  - INFO - ct_controller.py - {'start_signal': 'WAITING'}
16-26-47_03-10-2024  - INFO - ct_controller.py - {'start_signal': 'SUCCESS'}
16-26-47_03-10-2024  - INFO - ct_controller.py - {'valve_switched_to_load': 'INITIATED'}
16-26-48_03-10-2024  - INFO - ct_controller.py - {'valve_switched_to_load': 'SUCCESS'}
16-26-48_03-10-2024  - INFO - ct_controller.py - {'sample_loading': 'WAITING'}
16-27-13_03-10-2024  - INFO - ct_controller.py - {'sample_loading': 'SUCCESS'}
16-27-13_03-10-2024  - INFO - ct_controller.py - {'valve_returned_to_bypass': 'SUCCESS'}
16-27-13_03-10-2024  - INFO - ct_controller.py - {'analysis_cycle_started': 'SUCCESS'}
16-27-13_03-10-2024  - INFO - ChromTroller.py - HPLC analysis initiation: SUCCESS
16-27-13_03-10-2024  - INFO - ct_server.py - Response sent to client: SUCCESS
16-27-13_03-10-2024  - INFO - ChromTroller.py - Command received: start_file_monitoring with data: None
16-27-13_03-10-2024  - INFO - ChromTroller.py - Current results directory set to: D:\CDSProjects\Polymer_Degradation\Results\Tests_03102024.rslt
16-27-13_03-10-2024  - INFO - ChromTroller.py - File Monitoring Started.
16-30-51_03-10-2024  - INFO - ct_monitor.py - New File identified by ct_monitor: 2024-10-03 14-47-05+02-00-05.dx
16-30-51_03-10-2024  - INFO - ct_monitor.py - 2024-10-03 14-47-05+02-00-05.dx
16-30-51_03-10-2024  - INFO - ChromTroller.py - New File Found: 2024-10-03 14-47-05+02-00-05.dx
16-30-51_03-10-2024  - INFO - ct_server.py - Response sent to client: 2024-10-03 14-47-05+02-00-05.dx
16-30-51_03-10-2024  - INFO - ChromTroller.py - Command received: run_data_analysis with data: None
16-30-51_03-10-2024  - INFO - ChromTroller.py - Current results directory set to: D:\CDSProjects\Polymer_Degradation\Results\Tests_03102024.rslt
16-30-51_03-10-2024  - INFO - ct_analyser.py - loaded analysis settings from json
16-30-51_03-10-2024  - INFO - ct_analyser.py - settings object created from analysis json
16-30-51_03-10-2024  - INFO - ct_analyser.py - Analyser Object Initialized Successfully
16-39-17_03-10-2024  - INFO - ct_server.py - Client connected at 16:39:17_03-10-2024
16-40-26_03-10-2024  - INFO - ct_server.py - Client disconnected at 16:40:26_03-10-2024
16-43-36_03-10-2024  - INFO - ct_server.py - Client connected at 16:43:36_03-10-2024
16-44-49_03-10-2024  - INFO - ct_server.py - Client disconnected at 16:44:49_03-10-2024
