13-32-18_30-09-2024  - INFO - ChromTroller.py - Loaded chromtroller settings successfully
13-32-18_30-09-2024  - INFO - ChromTroller.py - Set RunLog path successfully
13-32-18_30-09-2024  - INFO - ct_server.py - Server loaded connection ids from .json file successfully
13-32-18_30-09-2024  - INFO - ct_server.py - Server listening on port: 10989
13-32-18_30-09-2024  - INFO - ChromTroller.py - Server Initialization: SUCCESS 
13-32-18_30-09-2024  - INFO - ct_controller.py - Loaded hardware settings successfully
13-32-20_30-09-2024  - INFO - ct_controller.py - Phase sensor monitoring started on separate thread.
13-32-20_30-09-2024  - INFO - ct_controller.py - Controller Object Initialized Successfully
13-32-20_30-09-2024  - INFO - ChromTroller.py - Controller Connection: SUCCESS 
13-32-52_30-09-2024  - INFO - ct_server.py - Client connected at 13:32:52_30-09-2024
13-44-35_30-09-2024  - INFO - ChromTroller.py - Command received: new_run_name with data: Test1_30Sep2024
13-44-35_30-09-2024  - INFO - ChromTroller.py - New RunLog created: Test1_30Sep2024
13-44-35_30-09-2024  - INFO - ChromTroller.py - Command received: set_run_conc with data: 0.1
13-44-35_30-09-2024  - INFO - ChromTroller.py - Command received: add_reagents with data: ['Polystyrene', 0.1, 'tBuOOH', 8, 'NBS', 0.3]
13-44-35_30-09-2024  - INFO - ChromTroller.py - RunLog updated with reagents: ['Polystyrene', 0.1, 'tBuOOH', 8, 'NBS', 0.3]
13-44-35_30-09-2024  - INFO - ChromTroller.py - Command received: add_reaction_conditions with data: {'residence_time': 120, 'light_intensity': 10}
13-44-35_30-09-2024  - INFO - ChromTroller.py - RunLog updated with conditions: {'residence_time': 120, 'light_intensity': 10}
13-44-35_30-09-2024  - INFO - ChromTroller.py - Command received: start_hplc_run with data: None
13-44-35_30-09-2024  - INFO - ChromTroller.py - HPLC analysis initiated
13-44-35_30-09-2024  - INFO - ct_controller.py - {'HPLC_analysis': 'INITIATED'}
13-44-35_30-09-2024  - INFO - ct_controller.py - {'hardware_connection_check': {'Arduino': 'SUCCESS', 'Valve': 'SUCCESS', 'Phase_Sensor': 'SUCCESS', 'LCMS': 'SUCCESS'}}
13-44-35_30-09-2024  - INFO - ct_controller.py - {'filling_pos_check': 'SUCCESS'}
13-44-35_30-09-2024  - INFO - ct_controller.py - {'ps_sample_detection': 'BYPASSED'}
13-44-36_30-09-2024  - INFO - ct_controller.py - {'send_start_signal': 'SUCCESS'}
13-44-36_30-09-2024  - INFO - ct_controller.py - {'start_request_acknowledged': 'INITIATED'}
13-44-36_30-09-2024  - INFO - ct_controller.py - {'start_request_acknowledged': 'SUCCESS'}
13-44-36_30-09-2024  - INFO - ct_controller.py - {'start_signal': 'WAITING'}
13-44-56_30-09-2024  - INFO - ct_controller.py - {'start_signal': 'SUCCESS'}
13-44-56_30-09-2024  - INFO - ct_controller.py - {'valve_switched_to_load': 'INITIATED'}
13-44-57_30-09-2024  - INFO - ct_controller.py - {'valve_switched_to_load': 'SUCCESS'}
13-44-57_30-09-2024  - INFO - ct_controller.py - {'sample_loading': 'WAITING'}
13-45-22_30-09-2024  - INFO - ct_controller.py - {'sample_loading': 'SUCCESS'}
13-45-22_30-09-2024  - INFO - ct_controller.py - {'valve_returned_to_bypass': 'SUCCESS'}
13-45-22_30-09-2024  - INFO - ct_controller.py - {'analysis_cycle_started': 'SUCCESS'}
13-45-22_30-09-2024  - INFO - ChromTroller.py - HPLC analysis initiation: SUCCESS
13-45-22_30-09-2024  - INFO - ct_server.py - Response sent to client: SUCCESS
13-45-22_30-09-2024  - INFO - ChromTroller.py - Command received: start_file_monitoring with data: None
13-45-22_30-09-2024  - INFO - ChromTroller.py - Current results directory set to: D:\CDSProjects\Polymer_Degradation\Results\Polystyrene_tests_30092024_2.rslt
13-45-22_30-09-2024  - INFO - ChromTroller.py - File Monitoring Started.
13-48-59_30-09-2024  - INFO - ct_monitor.py - New File identified by ct_monitor: 2024-09-30 13-42-51+02-00-03.dx
13-48-59_30-09-2024  - INFO - ct_monitor.py - 2024-09-30 13-42-51+02-00-03.dx
13-48-59_30-09-2024  - INFO - ChromTroller.py - New File Found: 2024-09-30 13-42-51+02-00-03.dx
13-48-59_30-09-2024  - INFO - ct_server.py - Response sent to client: 2024-09-30 13-42-51+02-00-03.dx
13-48-59_30-09-2024  - INFO - ChromTroller.py - Command received: run_data_analysis with data: None
13-48-59_30-09-2024  - INFO - ChromTroller.py - Current results directory set to: D:\CDSProjects\Polymer_Degradation\Results\Polystyrene_tests_30092024_2.rslt
13-48-59_30-09-2024  - INFO - ct_analyser.py - loaded analysis settings from json
13-48-59_30-09-2024  - INFO - ct_analyser.py - settings object created from analysis json
13-48-59_30-09-2024  - INFO - ct_analyser.py - Analyser Object Initialized Successfully
13-50-34_30-09-2024  - INFO - ct_server.py - Client connected at 13:50:34_30-09-2024
13-59-47_30-09-2024  - INFO - ct_server.py - Client disconnected at 13:59:47_30-09-2024
14-01-16_30-09-2024  - INFO - ct_server.py - Client connected at 14:01:16_30-09-2024
14-12-14_30-09-2024  - INFO - ct_server.py - Client disconnected at 14:12:14_30-09-2024
14-12-57_30-09-2024  - INFO - ct_server.py - Client connected at 14:12:57_30-09-2024
14-23-56_30-09-2024  - INFO - ct_server.py - Client disconnected at 14:23:56_30-09-2024
15-18-22_30-09-2024  - INFO - ct_server.py - Client connected at 15:18:22_30-09-2024
15-19-13_30-09-2024  - INFO - ct_server.py - Client disconnected at 15:19:13_30-09-2024
