18-15-56_25-09-2024  - INFO - ChromTroller.py - Loaded chromtroller settings successfully
18-15-56_25-09-2024  - INFO - ChromTroller.py - Set RunLog path successfully
18-15-56_25-09-2024  - INFO - ct_server.py - Server loaded connection ids from .json file successfully
18-15-56_25-09-2024  - INFO - ct_server.py - Server listening on port: 10989
18-15-56_25-09-2024  - INFO - ChromTroller.py - Server Initialization: SUCCESS 
18-15-56_25-09-2024  - INFO - ct_controller.py - Loaded hardware settings successfully
18-15-58_25-09-2024  - INFO - ct_controller.py - Phase sensor monitoring started on separate thread.
18-15-58_25-09-2024  - INFO - ct_controller.py - Controller Object Initialized Successfully
18-15-58_25-09-2024  - INFO - ChromTroller.py - Controller Connection: SUCCESS 
18-17-16_25-09-2024  - INFO - ct_server.py - Client connected at 18:17:16_25-09-2024
18-28-26_25-09-2024  - INFO - ChromTroller.py - Command received: new_run_name with data: Test
18-28-26_25-09-2024  - INFO - ChromTroller.py - New RunLog created: Test
18-28-26_25-09-2024  - INFO - ChromTroller.py - Command received: set_run_conc with data: 0.5
18-28-26_25-09-2024  - INFO - ChromTroller.py - Command received: add_reagents with data: ['Tracer', 0.5, 'blank', 1, 'secondary_reagent', 1]
18-28-26_25-09-2024  - INFO - ChromTroller.py - RunLog updated with reagents: ['Tracer', 0.5, 'blank', 1, 'secondary_reagent', 1]
18-28-26_25-09-2024  - INFO - ChromTroller.py - Command received: add_reaction_conditions with data: {'residence_time': 60, 'light_intensity': 10}
18-28-26_25-09-2024  - INFO - ChromTroller.py - RunLog updated with conditions: {'residence_time': 60, 'light_intensity': 10}
18-28-26_25-09-2024  - INFO - ChromTroller.py - Command received: start_hplc_run with data: None
18-28-26_25-09-2024  - INFO - ChromTroller.py - HPLC analysis initiated
18-28-26_25-09-2024  - INFO - ct_controller.py - {'HPLC_analysis': 'INITIATED'}
18-28-26_25-09-2024  - INFO - ct_controller.py - {'hardware_connection_check': {'Arduino': 'SUCCESS', 'Valve': 'SUCCESS', 'Phase_Sensor': 'SUCCESS', 'LCMS': 'SUCCESS'}}
18-28-26_25-09-2024  - INFO - ct_controller.py - {'filling_pos_check': 'SUCCESS'}
18-28-26_25-09-2024  - INFO - ct_controller.py - {'ps_sample_detection': 'BYPASSED'}
18-28-27_25-09-2024  - INFO - ct_controller.py - {'send_start_signal': 'SUCCESS'}
18-28-27_25-09-2024  - INFO - ct_controller.py - {'start_request_acknowledged': 'INITIATED'}
18-28-27_25-09-2024  - INFO - ct_controller.py - {'start_request_acknowledged': 'SUCCESS'}
18-28-27_25-09-2024  - INFO - ct_controller.py - {'start_signal': 'WAITING'}
18-28-47_25-09-2024  - INFO - ct_controller.py - {'start_signal': 'SUCCESS'}
18-28-47_25-09-2024  - INFO - ct_controller.py - {'valve_switched_to_load': 'INITIATED'}
18-28-47_25-09-2024  - INFO - ct_controller.py - {'valve_switched_to_load': 'SUCCESS'}
18-28-47_25-09-2024  - INFO - ct_controller.py - {'sample_loading': 'WAITING'}
18-29-12_25-09-2024  - INFO - ct_controller.py - {'sample_loading': 'SUCCESS'}
18-29-13_25-09-2024  - INFO - ct_controller.py - {'valve_returned_to_bypass': 'SUCCESS'}
18-29-13_25-09-2024  - INFO - ct_controller.py - {'analysis_cycle_started': 'SUCCESS'}
18-29-13_25-09-2024  - INFO - ChromTroller.py - HPLC analysis initiation: SUCCESS
18-29-13_25-09-2024  - INFO - ct_server.py - Response sent to client: SUCCESS
18-29-13_25-09-2024  - INFO - ChromTroller.py - Command received: start_file_monitoring with data: None
18-29-13_25-09-2024  - INFO - ChromTroller.py - Current results directory set to: D:\CDSProjects\Polymer_Degradation\Results\Polystyrene_trials_25092024.rslt
18-29-13_25-09-2024  - INFO - ChromTroller.py - File Monitoring Started.
18-32-50_25-09-2024  - INFO - ct_monitor.py - New File identified by ct_monitor: RoboChem_run_204.dx
18-32-50_25-09-2024  - INFO - ct_monitor.py - RoboChem_run_204.dx
18-32-50_25-09-2024  - INFO - ChromTroller.py - New File Found: RoboChem_run_204.dx
18-32-50_25-09-2024  - INFO - ct_server.py - Response sent to client: RoboChem_run_204.dx
18-32-50_25-09-2024  - INFO - ChromTroller.py - Command received: run_data_analysis with data: None
18-32-50_25-09-2024  - INFO - ChromTroller.py - Current results directory set to: D:\CDSProjects\Polymer_Degradation\Results\Polystyrene_trials_25092024.rslt
18-32-50_25-09-2024  - INFO - ct_analyser_simple.py - loaded analysis settings from json
18-32-50_25-09-2024  - INFO - ct_analyser_simple.py - settings object created from analysis json
18-32-50_25-09-2024  - INFO - ct_analyser_simple.py - Analyser Object Initialized Successfully
18-32-52_25-09-2024  - INFO - ChromTroller.py - Identified Peak: None
18-32-52_25-09-2024  - INFO - ct_server.py - Response sent to client: {'peak_integral': None}
18-47-46_25-09-2024  - INFO - ct_server.py - Client disconnected at 18:47:46_25-09-2024
18-58-48_25-09-2024  - INFO - ct_server.py - Client connected at 18:58:48_25-09-2024
19-11-32_25-09-2024  - INFO - ct_server.py - Client disconnected at 19:11:32_25-09-2024
19-12-14_25-09-2024  - INFO - ct_server.py - Client connected at 19:12:14_25-09-2024
19-12-14_25-09-2024  - INFO - ChromTroller.py - Command received: new_run_name with data: 1
19-12-14_25-09-2024  - INFO - ChromTroller.py - New RunLog created: 1
19-12-14_25-09-2024  - INFO - ChromTroller.py - Command received: set_run_conc with data: 0.999
19-12-14_25-09-2024  - INFO - ChromTroller.py - Command received: add_reagents with data: ['EtPh', 'BP', 'One']
19-12-14_25-09-2024  - INFO - ChromTroller.py - RunLog updated with reagents: ['EtPh', 'BP', 'One']
19-12-14_25-09-2024  - INFO - ChromTroller.py - Command received: add_reaction_conditions with data: {'light_intensity': 35, 'residence_time': 15}
19-12-14_25-09-2024  - INFO - ChromTroller.py - RunLog updated with conditions: {'light_intensity': 35, 'residence_time': 15}
19-12-14_25-09-2024  - INFO - ChromTroller.py - Command received: start_hplc_run with data: None
19-12-14_25-09-2024  - INFO - ChromTroller.py - HPLC analysis initiated
19-12-14_25-09-2024  - INFO - ct_controller.py - {'HPLC_analysis': 'INITIATED'}
19-12-14_25-09-2024  - INFO - ct_controller.py - {'hardware_connection_check': {'Arduino': 'SUCCESS', 'Valve': 'SUCCESS', 'Phase_Sensor': 'SUCCESS', 'LCMS': 'SUCCESS'}}
19-12-15_25-09-2024  - INFO - ct_controller.py - {'filling_pos_check': 'SUCCESS'}
19-12-15_25-09-2024  - INFO - ct_controller.py - {'ps_sample_detection': 'BYPASSED'}
19-12-15_25-09-2024  - INFO - ct_controller.py - {'send_start_signal': 'SUCCESS'}
19-12-15_25-09-2024  - INFO - ct_controller.py - {'start_request_acknowledged': 'INITIATED'}
19-12-15_25-09-2024  - INFO - ct_controller.py - {'start_request_acknowledged': 'SUCCESS'}
19-12-15_25-09-2024  - INFO - ct_controller.py - {'start_signal': 'WAITING'}
19-12-35_25-09-2024  - INFO - ct_controller.py - {'start_signal': 'SUCCESS'}
19-12-35_25-09-2024  - INFO - ct_controller.py - {'valve_switched_to_load': 'INITIATED'}
19-12-35_25-09-2024  - INFO - ct_controller.py - {'valve_switched_to_load': 'SUCCESS'}
19-12-35_25-09-2024  - INFO - ct_controller.py - {'sample_loading': 'WAITING'}
19-13-00_25-09-2024  - INFO - ct_controller.py - {'sample_loading': 'SUCCESS'}
19-13-01_25-09-2024  - INFO - ct_controller.py - {'valve_returned_to_bypass': 'SUCCESS'}
19-13-01_25-09-2024  - INFO - ct_controller.py - {'analysis_cycle_started': 'SUCCESS'}
19-13-01_25-09-2024  - INFO - ChromTroller.py - HPLC analysis initiation: SUCCESS
19-13-01_25-09-2024  - INFO - ct_server.py - Response sent to client: SUCCESS
19-13-01_25-09-2024  - INFO - ChromTroller.py - Command received: start_file_monitoring with data: None
19-13-01_25-09-2024  - INFO - ChromTroller.py - Current results directory set to: D:\CDSProjects\Polymer_Degradation\Results\Polystyrene_trials_25092024.rslt
19-13-01_25-09-2024  - INFO - ChromTroller.py - File Monitoring Started.
19-16-37_25-09-2024  - INFO - ct_monitor.py - New File identified by ct_monitor: RoboChem_run_306.dx
19-16-37_25-09-2024  - INFO - ct_monitor.py - RoboChem_run_306.dx
19-16-37_25-09-2024  - INFO - ChromTroller.py - New File Found: RoboChem_run_306.dx
19-16-37_25-09-2024  - INFO - ct_server.py - Response sent to client: RoboChem_run_306.dx
19-16-37_25-09-2024  - INFO - ChromTroller.py - Command received: run_data_analysis with data: None
19-16-37_25-09-2024  - INFO - ChromTroller.py - Current results directory set to: D:\CDSProjects\Polymer_Degradation\Results\Polystyrene_trials_25092024.rslt
19-16-37_25-09-2024  - INFO - ct_analyser_simple.py - loaded analysis settings from json
19-16-37_25-09-2024  - INFO - ct_analyser_simple.py - settings object created from analysis json
19-16-37_25-09-2024  - INFO - ct_analyser_simple.py - Analyser Object Initialized Successfully
19-16-39_25-09-2024  - INFO - ChromTroller.py - Identified Peak: {'Peak': 2.348, 'Integral': 8179594827.011759}
19-16-39_25-09-2024  - INFO - ct_server.py - Response sent to client: {'peak_integral': {'Peak': 2.348, 'Integral': 8179594827.011759}}
19-16-39_25-09-2024  - INFO - ct_server.py - Client disconnected at 19:16:39_25-09-2024
19-21-10_25-09-2024  - INFO - ct_server.py - Client connected at 19:21:10_25-09-2024
19-32-21_25-09-2024  - INFO - ChromTroller.py - Command received: new_run_name with data: Test
19-32-21_25-09-2024  - INFO - ChromTroller.py - New RunLog created: Test
19-32-21_25-09-2024  - INFO - ChromTroller.py - Command received: set_run_conc with data: 0.5
19-32-21_25-09-2024  - INFO - ChromTroller.py - Command received: add_reagents with data: ['Tracer', 0.5, 'blank', 1, 'secondary_reagent', 1]
19-32-21_25-09-2024  - INFO - ChromTroller.py - RunLog updated with reagents: ['Tracer', 0.5, 'blank', 1, 'secondary_reagent', 1]
19-32-21_25-09-2024  - INFO - ChromTroller.py - Command received: add_reaction_conditions with data: {'residence_time': 60, 'light_intensity': 10}
19-32-21_25-09-2024  - INFO - ChromTroller.py - RunLog updated with conditions: {'residence_time': 60, 'light_intensity': 10}
19-32-21_25-09-2024  - INFO - ChromTroller.py - Command received: start_hplc_run with data: None
19-32-21_25-09-2024  - INFO - ChromTroller.py - HPLC analysis initiated
19-32-21_25-09-2024  - INFO - ct_controller.py - {'HPLC_analysis': 'INITIATED'}
19-32-21_25-09-2024  - INFO - ct_controller.py - {'hardware_connection_check': {'Arduino': 'SUCCESS', 'Valve': 'SUCCESS', 'Phase_Sensor': 'SUCCESS', 'LCMS': 'SUCCESS'}}
19-32-21_25-09-2024  - INFO - ct_controller.py - {'filling_pos_check': 'SUCCESS'}
19-32-21_25-09-2024  - INFO - ct_controller.py - {'ps_sample_detection': 'BYPASSED'}
19-32-22_25-09-2024  - INFO - ct_controller.py - {'send_start_signal': 'SUCCESS'}
19-32-22_25-09-2024  - INFO - ct_controller.py - {'start_request_acknowledged': 'INITIATED'}
19-32-22_25-09-2024  - INFO - ct_controller.py - {'start_request_acknowledged': 'SUCCESS'}
19-32-22_25-09-2024  - INFO - ct_controller.py - {'start_signal': 'WAITING'}
19-32-42_25-09-2024  - INFO - ct_controller.py - {'start_signal': 'SUCCESS'}
19-32-42_25-09-2024  - INFO - ct_controller.py - {'valve_switched_to_load': 'INITIATED'}
19-32-42_25-09-2024  - INFO - ct_controller.py - {'valve_switched_to_load': 'SUCCESS'}
19-32-42_25-09-2024  - INFO - ct_controller.py - {'sample_loading': 'WAITING'}
19-33-07_25-09-2024  - INFO - ct_controller.py - {'sample_loading': 'SUCCESS'}
19-33-08_25-09-2024  - INFO - ct_controller.py - {'valve_returned_to_bypass': 'SUCCESS'}
19-33-08_25-09-2024  - INFO - ct_controller.py - {'analysis_cycle_started': 'SUCCESS'}
19-33-08_25-09-2024  - INFO - ChromTroller.py - HPLC analysis initiation: SUCCESS
19-33-08_25-09-2024  - INFO - ct_server.py - Response sent to client: SUCCESS
19-33-08_25-09-2024  - INFO - ChromTroller.py - Command received: start_file_monitoring with data: None
19-33-08_25-09-2024  - INFO - ChromTroller.py - Current results directory set to: D:\CDSProjects\Polymer_Degradation\Results\Polystyrene_trials_25092024.rslt
19-33-08_25-09-2024  - INFO - ChromTroller.py - File Monitoring Started.
19-36-45_25-09-2024  - INFO - ct_monitor.py - New File identified by ct_monitor: RoboChem_run_408.dx
19-36-45_25-09-2024  - INFO - ct_monitor.py - RoboChem_run_408.dx
19-36-45_25-09-2024  - INFO - ChromTroller.py - New File Found: RoboChem_run_408.dx
19-36-45_25-09-2024  - INFO - ct_server.py - Response sent to client: RoboChem_run_408.dx
19-36-45_25-09-2024  - INFO - ChromTroller.py - Command received: run_data_analysis with data: None
19-36-45_25-09-2024  - INFO - ChromTroller.py - Current results directory set to: D:\CDSProjects\Polymer_Degradation\Results\Polystyrene_trials_25092024.rslt
19-36-45_25-09-2024  - INFO - ct_analyser_simple.py - loaded analysis settings from json
19-36-45_25-09-2024  - INFO - ct_analyser_simple.py - settings object created from analysis json
19-36-45_25-09-2024  - INFO - ct_analyser_simple.py - Analyser Object Initialized Successfully
19-36-47_25-09-2024  - INFO - ChromTroller.py - Identified Peak: {'Peak': 2.348, 'Integral': 8217531534.0173645}
19-36-47_25-09-2024  - INFO - ct_server.py - Response sent to client: {'peak_integral': {'Peak': 2.348, 'Integral': 8217531534.0173645}}
19-37-56_25-09-2024  - INFO - ct_server.py - Client disconnected at 19:37:56_25-09-2024
19-49-59_25-09-2024  - INFO - ct_server.py - Client connected at 19:49:59_25-09-2024
20-04-07_25-09-2024  - INFO - ct_server.py - Client disconnected at 20:04:07_25-09-2024
