18-28-46_09-07-2024  - INFO - ct_server.py - Server loaded connection ids from .json file successfully
18-28-46_09-07-2024  - INFO - ct_server.py - Server listening on port: 10989
18-28-47_09-07-2024  - INFO - ct_controller.py - Phase sensor monitoring started on separate thread.
18-28-47_09-07-2024  - INFO - ct_controller.py - Controller Object Initialized Successfully
18-28-47_09-07-2024  - INFO - ChromTroller.py - Successfully connected to instrument controller
18-28-47_09-07-2024  - INFO - ChromTroller.py - Successfully connected to monitor
18-28-47_09-07-2024  - ERROR - ct_analyser.py - No data directory found at: D:\CDSProjects\RoboChem_FGT\Results\Single_Test_9-7-24_post-CT-updates_run2.rslt
18-28-47_09-07-2024  - ERROR - ChromTroller.py - Failed to connect to analyser: No data directory found at: D:\CDSProjects\RoboChem_FGT\Results\Single_Test_9-7-24_post-CT-updates_run2.rslt
18-39-43_09-07-2024  - INFO - ct_server.py - client attempted to connect 10.10.29.202
18-39-43_09-07-2024  - INFO - ct_server.py - Client connected at 18:39:43_09-07-2024
18-39-43_09-07-2024  - INFO - ct_server.py - Command from client: new_run_name with message: 6
18-39-43_09-07-2024  - INFO - ChromTroller.py - Command received: new_run_name with data: 6
18-39-43_09-07-2024  - INFO - ct_server.py - Command from client: set_run_conc with message: 0.0846
18-39-43_09-07-2024  - INFO - ChromTroller.py - Command received: set_run_conc with data: 0.0846
18-39-43_09-07-2024  - INFO - ct_server.py - Command from client: add_reagents with message: ['chloro', 'additive_01']
18-39-43_09-07-2024  - INFO - ChromTroller.py - Command received: add_reagents with data: ['chloro', 'additive_01']
18-39-43_09-07-2024  - INFO - ct_server.py - Command from client: add_reaction_conditions with message: {'light_intensity': 130, 'residence_time': 0}
18-39-43_09-07-2024  - INFO - ChromTroller.py - Command received: add_reaction_conditions with data: {'light_intensity': 130, 'residence_time': 0}
18-39-43_09-07-2024  - INFO - ct_server.py - Command from client: start_hplc_run with message: None
18-39-43_09-07-2024  - INFO - ChromTroller.py - Command received: start_hplc_run with data: None
18-39-43_09-07-2024  - INFO - ct_controller.py - {'analysis': 'INITIATED'}
18-39-43_09-07-2024  - INFO - ct_controller.py - {'hardware_connection_check': 'SUCCESS'}
18-39-43_09-07-2024  - INFO - ct_controller.py - {'ps_sample_detection': 'SUCCESS'}
18-39-52_09-07-2024  - INFO - ct_controller.py - {'full_sample_loop_check': 'SUCCESS'}
18-39-52_09-07-2024  - INFO - ct_controller.py - {'send_start_signal': 'SUCCESS'}
18-39-52_09-07-2024  - INFO - ct_controller.py - {'start_signal_acknowledged': 'SUCCESS'}
18-40-02_09-07-2024  - INFO - ct_controller.py - {'valve_switched_to_load': 'SUCCESS'}
18-40-14_09-07-2024  - INFO - ct_controller.py - {'sample_loaded': 'SUCCESS'}
18-40-14_09-07-2024  - INFO - ct_controller.py - {'valve_returned_to_bypass': 'SUCCESS'}
18-40-14_09-07-2024  - INFO - ct_controller.py - {'analysis_cycle_started': 'SUCCESS'}
18-40-14_09-07-2024  - INFO - ct_server.py - Response sent to client: HPLC: SUCCESS
18-40-14_09-07-2024  - INFO - ct_server.py - Command from client: start_file_monitoring with message: None
18-40-14_09-07-2024  - INFO - ChromTroller.py - Command received: start_file_monitoring with data: None
18-45-55_09-07-2024  - INFO - ct_monitor.py - 001-RoboChem Sample-02.dx
18-45-55_09-07-2024  - INFO - ct_server.py - Response sent to client: 001-RoboChem Sample-02.dx
18-45-55_09-07-2024  - INFO - ct_server.py - Command from client: run_data_analysis with message: None
18-45-55_09-07-2024  - INFO - ChromTroller.py - Command received: run_data_analysis with data: None
