14-29-47_16-07-2024  - INFO - ct_server.py - Server loaded connection ids from .json file successfully
14-29-47_16-07-2024  - INFO - ct_server.py - Server listening on port: 10989
14-29-47_16-07-2024  - INFO - ct_controller.py - Loaded hardware settings successfully
14-29-49_16-07-2024  - INFO - ct_controller.py - Phase sensor monitoring started on separate thread.
14-29-49_16-07-2024  - INFO - ct_controller.py - Controller Object Initialized Successfully
14-29-49_16-07-2024  - INFO - ChromTroller.py - Successfully connected to instrument controller
14-29-49_16-07-2024  - INFO - ChromTroller.py - Successfully connected to monitor
14-29-49_16-07-2024  - INFO - ct_analyser.py - loaded analysis settings from json
14-29-49_16-07-2024  - INFO - ct_analyser.py - settings read from analysis json
14-29-49_16-07-2024  - INFO - ct_analyser.py - settings object created
14-29-49_16-07-2024  - INFO - ct_analyser.py - Analyser Object Initialized Successfully
14-29-49_16-07-2024  - INFO - ChromTroller.py - Successfully connected to analyser
14-30-07_16-07-2024  - INFO - ct_server.py - Client connected at 14:30:07_16-07-2024
14-30-07_16-07-2024  - INFO - ct_server.py - Command from client: new_run_name with message: 1
14-30-07_16-07-2024  - INFO - ChromTroller.py - Command received: new_run_name with data: 1
14-30-07_16-07-2024  - INFO - ChromTroller.py - new run info object made with name: 1
14-30-07_16-07-2024  - INFO - ct_server.py - Command from client: set_run_conc with message: 0.999
14-30-07_16-07-2024  - INFO - ChromTroller.py - Command received: set_run_conc with data: 0.999
14-30-07_16-07-2024  - INFO - ct_server.py - Command from client: add_reagents with message: ['EtPh', 'BP', 'One']
14-30-07_16-07-2024  - INFO - ChromTroller.py - Command received: add_reagents with data: ['EtPh', 'BP', 'One']
14-30-07_16-07-2024  - INFO - ChromTroller.py - reagents: ['EtPh', 'BP', 'One'] added to to run info
14-30-07_16-07-2024  - INFO - ct_server.py - Command from client: add_reaction_conditions with message: {'light_intensity': 35, 'residence_time': 15}
14-30-07_16-07-2024  - INFO - ChromTroller.py - Command received: add_reaction_conditions with data: {'light_intensity': 35, 'residence_time': 15}
14-30-07_16-07-2024  - INFO - ChromTroller.py - conditions: {'light_intensity': 35, 'residence_time': 15} added to to run info
14-30-07_16-07-2024  - INFO - ct_server.py - Command from client: start_hplc_run with message: None
14-30-07_16-07-2024  - INFO - ChromTroller.py - Command received: start_hplc_run with data: None
14-30-07_16-07-2024  - INFO - ct_controller.py - {'HPLC_analysis': 'INITIATED'}
14-30-07_16-07-2024  - INFO - ct_controller.py - {'hardware_connection_check': {'Arduino': 'SUCCESS', 'Valve': 'SUCCESS', 'Phase_Sensor': 'SUCCESS', 'LCMS': 'SUCCESS'}}
14-30-07_16-07-2024  - INFO - ct_controller.py - {'filling_pos_check': 'SUCCESS'}
14-30-07_16-07-2024  - INFO - ct_controller.py - {'ps_sample_detection': 'WAITING'}
14-30-58_16-07-2024  - INFO - ct_controller.py - {'ps_sample_detection': 'SUCCESS'}
14-30-58_16-07-2024  - INFO - ct_controller.py - {'send_start_signal': 'SUCCESS'}
14-30-58_16-07-2024  - INFO - ct_controller.py - {'start_request_acknowledged': 'WAITING'}
14-31-18_16-07-2024  - INFO - ct_controller.py - {'start_request_acknowledged': 'FAIL - No sample prep initiation acknowledgement from spectrometer within timeout'}
14-31-18_16-07-2024  - INFO - ct_controller.py - {'send_start_signal': 'SUCCESS'}
14-31-18_16-07-2024  - INFO - ct_controller.py - {'start_request_acknowledged': 'WAITING'}
14-31-38_16-07-2024  - INFO - ct_controller.py - {'start_request_acknowledged': 'FAIL - No sample prep initiation acknowledgement from spectrometer within timeout'}
14-31-38_16-07-2024  - INFO - ct_controller.py - {'send_start_signal': 'SUCCESS'}
14-31-38_16-07-2024  - INFO - ct_controller.py - {'start_request_acknowledged': 'WAITING'}
14-31-58_16-07-2024  - INFO - ct_controller.py - {'start_request_acknowledged': 'FAIL - No sample prep initiation acknowledgement from spectrometer within timeout'}
14-31-58_16-07-2024  - INFO - ct_controller.py - {'analysis_cycle_started': 'FAIL', 'cause': Exception('FAIL- HPLC not starting after 3 attempts')}
14-31-58_16-07-2024  - INFO - ChromTroller.py - HPLC initiation: FAIL - FAIL- HPLC not starting after 3 attempts
14-31-58_16-07-2024  - INFO - ct_server.py - Response sent to client: FAIL - FAIL- HPLC not starting after 3 attempts
14-31-58_16-07-2024  - INFO - ct_server.py - Command from client: start_file_monitoring with message: None
14-31-58_16-07-2024  - INFO - ChromTroller.py - Command received: start_file_monitoring with data: None
