15-08-26_03-09-2024  - INFO - ChromTroller.py - Loaded chromtroller settings successfully
15-08-26_03-09-2024  - INFO - ChromTroller.py - Set RunLog path successfully
15-08-26_03-09-2024  - INFO - ct_server.py - Server loaded connection ids from .json file successfully
15-08-26_03-09-2024  - INFO - ct_server.py - Server listening on port: 10989
15-08-26_03-09-2024  - INFO - ChromTroller.py - Server Initialization: SUCCESS 
15-08-26_03-09-2024  - INFO - ct_controller.py - Loaded hardware settings successfully
15-08-28_03-09-2024  - INFO - ct_controller.py - Phase sensor monitoring started on separate thread.
15-08-28_03-09-2024  - INFO - ct_controller.py - Controller Object Initialized Successfully
15-08-28_03-09-2024  - INFO - ChromTroller.py - Controller Connection: SUCCESS 
15-11-26_03-09-2024  - INFO - ct_server.py - Client connected at 15:11:26_03-09-2024
15-32-28_03-09-2024  - INFO - ChromTroller.py - Command received: new_run_name with data: TEST
15-32-28_03-09-2024  - INFO - ChromTroller.py - New RunLog created: TEST
15-32-28_03-09-2024  - INFO - ChromTroller.py - Command received: set_run_conc with data: 0.1
15-32-28_03-09-2024  - INFO - ChromTroller.py - Command received: add_reagents with data: ['Polystyrene', 0.1, 'tBuOOH', 8, 'NBS', 0.3]
15-32-28_03-09-2024  - INFO - ChromTroller.py - RunLog updated with reagents: ['Polystyrene', 0.1, 'tBuOOH', 8, 'NBS', 0.3]
15-32-28_03-09-2024  - INFO - ChromTroller.py - Command received: add_reaction_conditions with data: {'residence_time': 900, 'light_intensity': 100}
15-32-28_03-09-2024  - INFO - ChromTroller.py - RunLog updated with conditions: {'residence_time': 900, 'light_intensity': 100}
15-32-28_03-09-2024  - INFO - ChromTroller.py - Command received: start_hplc_run with data: None
15-32-28_03-09-2024  - INFO - ChromTroller.py - HPLC analysis initiated
15-32-28_03-09-2024  - INFO - ct_controller.py - {'HPLC_analysis': 'INITIATED'}
15-32-28_03-09-2024  - INFO - ct_controller.py - {'hardware_connection_check': {'Arduino': 'SUCCESS', 'Valve': 'SUCCESS', 'Phase_Sensor': 'SUCCESS', 'LCMS': 'SUCCESS'}}
15-32-28_03-09-2024  - INFO - ct_controller.py - {'filling_pos_check': 'SUCCESS'}
15-32-28_03-09-2024  - INFO - ct_controller.py - {'ps_sample_detection': 'BYPASSED'}
15-32-28_03-09-2024  - INFO - ct_controller.py - {'send_start_signal': 'SUCCESS'}
15-32-28_03-09-2024  - INFO - ct_controller.py - {'start_request_acknowledged': 'WAITING'}
15-32-28_03-09-2024  - INFO - ct_controller.py - {'start_request_acknowledged': 'SUCCESS'}
15-32-33_03-09-2024  - INFO - ct_controller.py - {'start_signal': 'WAITING'}
15-32-49_03-09-2024  - INFO - ct_controller.py - {'start_signal': 'SUCCESS'}
15-32-49_03-09-2024  - INFO - ct_controller.py - {'valve_switched_to_load': 'INITIATED'}
15-32-49_03-09-2024  - INFO - ct_controller.py - {'valve_switched_to_load': 'SUCCESS'}
15-32-49_03-09-2024  - INFO - ct_controller.py - {'sample_loading': 'WAITING'}
15-33-14_03-09-2024  - INFO - ct_controller.py - {'sample_loading': 'SUCCESS'}
15-33-14_03-09-2024  - INFO - ct_controller.py - {'valve_returned_to_bypass': 'SUCCESS'}
15-33-14_03-09-2024  - INFO - ct_controller.py - {'analysis_cycle_started': 'SUCCESS'}
15-33-14_03-09-2024  - INFO - ChromTroller.py - HPLC analysis initiation: SUCCESS
15-33-14_03-09-2024  - INFO - ct_server.py - Response sent to client: SUCCESS
15-33-14_03-09-2024  - INFO - ChromTroller.py - Command received: start_file_monitoring with data: None
15-33-14_03-09-2024  - INFO - ChromTroller.py - Current results directory set to: D:\CDSProjects\Polymer_Degradation\Results\RoboChem_debugg_samples_03-09-24_TESTS.rslt
15-33-14_03-09-2024  - INFO - ChromTroller.py - File Monitoring Started.
15-36-52_03-09-2024  - INFO - ct_monitor.py - New File identified by ct_monitor: MV_15min_sample_02.dx
15-36-52_03-09-2024  - INFO - ct_monitor.py - MV_15min_sample_02.dx
15-36-52_03-09-2024  - INFO - ChromTroller.py - New File Found: MV_15min_sample_02.dx
15-36-52_03-09-2024  - INFO - ct_server.py - Response sent to client: MV_15min_sample_02.dx
15-36-52_03-09-2024  - INFO - ChromTroller.py - Command received: run_data_analysis with data: None
15-36-52_03-09-2024  - INFO - ChromTroller.py - Current results directory set to: D:\CDSProjects\Polymer_Degradation\Results\RoboChem_debugg_samples_03-09-24_TESTS.rslt
15-36-52_03-09-2024  - INFO - ct_analyser_simple.py - loaded analysis settings from json
15-36-52_03-09-2024  - INFO - ct_analyser_simple.py - settings object created from analysis json
15-36-52_03-09-2024  - INFO - ct_analyser_simple.py - Analyser Object Initialized Successfully
15-36-53_03-09-2024  - INFO - ChromTroller.py - Identified Peak: {'Peak': 2.125, 'Integral': 773983980.8258543}
15-36-53_03-09-2024  - INFO - ct_server.py - Response sent to client: {'Peak': 2.125, 'Integral': 773983980.8258543}
15-36-53_03-09-2024  - INFO - ct_server.py - Client disconnected at 15:36:53_03-09-2024
15-40-13_03-09-2024  - INFO - ct_server.py - Client connected at 15:40:13_03-09-2024
16-02-31_03-09-2024  - INFO - ChromTroller.py - Command received: new_run_name with data: TEST
16-02-31_03-09-2024  - INFO - ChromTroller.py - New RunLog created: TEST
16-02-31_03-09-2024  - INFO - ChromTroller.py - Command received: set_run_conc with data: 0.1
16-02-31_03-09-2024  - INFO - ChromTroller.py - Command received: add_reagents with data: ['Polystyrene', 0.1, 'tBuOOH', 8, 'NBS', 0.3]
16-02-31_03-09-2024  - INFO - ChromTroller.py - RunLog updated with reagents: ['Polystyrene', 0.1, 'tBuOOH', 8, 'NBS', 0.3]
16-02-31_03-09-2024  - INFO - ChromTroller.py - Command received: add_reaction_conditions with data: {'residence_time': 900, 'light_intensity': 100}
16-02-31_03-09-2024  - INFO - ChromTroller.py - RunLog updated with conditions: {'residence_time': 900, 'light_intensity': 100}
16-02-31_03-09-2024  - INFO - ChromTroller.py - Command received: start_hplc_run with data: None
16-02-31_03-09-2024  - INFO - ChromTroller.py - HPLC analysis initiated
16-02-31_03-09-2024  - INFO - ct_controller.py - {'HPLC_analysis': 'INITIATED'}
16-02-31_03-09-2024  - INFO - ct_controller.py - {'hardware_connection_check': {'Arduino': 'SUCCESS', 'Valve': 'SUCCESS', 'Phase_Sensor': 'SUCCESS', 'LCMS': 'SUCCESS'}}
16-02-31_03-09-2024  - INFO - ct_controller.py - {'filling_pos_check': 'SUCCESS'}
16-02-31_03-09-2024  - INFO - ct_controller.py - {'ps_sample_detection': 'BYPASSED'}
16-02-31_03-09-2024  - INFO - ct_controller.py - {'send_start_signal': 'SUCCESS'}
16-02-31_03-09-2024  - INFO - ct_controller.py - {'start_request_acknowledged': 'WAITING'}
16-02-31_03-09-2024  - INFO - ct_controller.py - {'start_request_acknowledged': 'SUCCESS'}
16-02-36_03-09-2024  - INFO - ct_controller.py - {'start_signal': 'WAITING'}
16-02-51_03-09-2024  - INFO - ct_controller.py - {'start_signal': 'SUCCESS'}
16-02-51_03-09-2024  - INFO - ct_controller.py - {'valve_switched_to_load': 'INITIATED'}
16-02-52_03-09-2024  - INFO - ct_controller.py - {'valve_switched_to_load': 'SUCCESS'}
16-02-52_03-09-2024  - INFO - ct_controller.py - {'sample_loading': 'WAITING'}
16-03-17_03-09-2024  - INFO - ct_controller.py - {'sample_loading': 'SUCCESS'}
16-03-17_03-09-2024  - INFO - ct_controller.py - {'valve_returned_to_bypass': 'SUCCESS'}
16-03-17_03-09-2024  - INFO - ct_controller.py - {'analysis_cycle_started': 'SUCCESS'}
16-03-17_03-09-2024  - INFO - ChromTroller.py - HPLC analysis initiation: SUCCESS
16-03-17_03-09-2024  - INFO - ct_server.py - Response sent to client: SUCCESS
16-03-17_03-09-2024  - INFO - ChromTroller.py - Command received: start_file_monitoring with data: None
16-03-17_03-09-2024  - INFO - ChromTroller.py - Current results directory set to: D:\CDSProjects\Polymer_Degradation\Results\RoboChem_debugg_samples_03-09-24_TESTS.rslt
16-03-17_03-09-2024  - INFO - ChromTroller.py - File Monitoring Started.
16-06-55_03-09-2024  - INFO - ct_monitor.py - New File identified by ct_monitor: MV_30min_sample_03.dx
16-06-55_03-09-2024  - INFO - ct_monitor.py - MV_30min_sample_03.dx
16-06-55_03-09-2024  - INFO - ChromTroller.py - New File Found: MV_30min_sample_03.dx
16-06-55_03-09-2024  - INFO - ct_server.py - Response sent to client: MV_30min_sample_03.dx
16-06-55_03-09-2024  - INFO - ChromTroller.py - Command received: run_data_analysis with data: None
16-06-55_03-09-2024  - INFO - ChromTroller.py - Current results directory set to: D:\CDSProjects\Polymer_Degradation\Results\RoboChem_debugg_samples_03-09-24_TESTS.rslt
16-06-55_03-09-2024  - INFO - ct_analyser_simple.py - loaded analysis settings from json
16-06-55_03-09-2024  - INFO - ct_analyser_simple.py - settings object created from analysis json
16-06-55_03-09-2024  - INFO - ct_analyser_simple.py - Analyser Object Initialized Successfully
16-06-56_03-09-2024  - INFO - ChromTroller.py - Identified Peak: {'Peak': 2.128, 'Integral': 801717084.8092763}
16-06-56_03-09-2024  - INFO - ct_server.py - Response sent to client: {'Peak': 2.128, 'Integral': 801717084.8092763}
16-06-56_03-09-2024  - INFO - ct_server.py - Client disconnected at 16:06:56_03-09-2024
16-10-24_03-09-2024  - INFO - ct_server.py - Client connected at 16:10:24_03-09-2024
17-02-59_03-09-2024  - INFO - ChromTroller.py - Command received: new_run_name with data: TEST
17-02-59_03-09-2024  - INFO - ChromTroller.py - New RunLog created: TEST
17-02-59_03-09-2024  - INFO - ChromTroller.py - Command received: set_run_conc with data: 0.1
17-02-59_03-09-2024  - INFO - ChromTroller.py - Command received: add_reagents with data: ['Polystyrene', 0.1, 'tBuOOH', 8, 'NBS', 0.3]
17-02-59_03-09-2024  - INFO - ChromTroller.py - RunLog updated with reagents: ['Polystyrene', 0.1, 'tBuOOH', 8, 'NBS', 0.3]
17-02-59_03-09-2024  - INFO - ChromTroller.py - Command received: add_reaction_conditions with data: {'residence_time': 2700, 'light_intensity': 100}
17-02-59_03-09-2024  - INFO - ChromTroller.py - RunLog updated with conditions: {'residence_time': 2700, 'light_intensity': 100}
17-02-59_03-09-2024  - INFO - ChromTroller.py - Command received: start_hplc_run with data: None
17-02-59_03-09-2024  - INFO - ChromTroller.py - HPLC analysis initiated
17-02-59_03-09-2024  - INFO - ct_controller.py - {'HPLC_analysis': 'INITIATED'}
17-02-59_03-09-2024  - INFO - ct_controller.py - {'hardware_connection_check': {'Arduino': 'SUCCESS', 'Valve': 'SUCCESS', 'Phase_Sensor': 'SUCCESS', 'LCMS': 'SUCCESS'}}
17-02-59_03-09-2024  - INFO - ct_controller.py - {'filling_pos_check': 'SUCCESS'}
17-02-59_03-09-2024  - INFO - ct_controller.py - {'ps_sample_detection': 'BYPASSED'}
17-03-00_03-09-2024  - INFO - ct_controller.py - {'send_start_signal': 'SUCCESS'}
17-03-00_03-09-2024  - INFO - ct_controller.py - {'start_request_acknowledged': 'WAITING'}
17-03-00_03-09-2024  - INFO - ct_controller.py - {'start_request_acknowledged': 'SUCCESS'}
17-03-05_03-09-2024  - INFO - ct_controller.py - {'start_signal': 'WAITING'}
17-03-20_03-09-2024  - INFO - ct_controller.py - {'start_signal': 'SUCCESS'}
17-03-20_03-09-2024  - INFO - ct_controller.py - {'valve_switched_to_load': 'INITIATED'}
17-03-20_03-09-2024  - INFO - ct_controller.py - {'valve_switched_to_load': 'SUCCESS'}
17-03-20_03-09-2024  - INFO - ct_controller.py - {'sample_loading': 'WAITING'}
17-03-45_03-09-2024  - INFO - ct_controller.py - {'sample_loading': 'SUCCESS'}
17-03-46_03-09-2024  - INFO - ct_controller.py - {'valve_returned_to_bypass': 'SUCCESS'}
17-03-46_03-09-2024  - INFO - ct_controller.py - {'analysis_cycle_started': 'SUCCESS'}
17-03-46_03-09-2024  - INFO - ChromTroller.py - HPLC analysis initiation: SUCCESS
17-03-46_03-09-2024  - INFO - ct_server.py - Response sent to client: SUCCESS
17-03-46_03-09-2024  - INFO - ChromTroller.py - Command received: start_file_monitoring with data: None
17-03-46_03-09-2024  - INFO - ChromTroller.py - Current results directory set to: D:\CDSProjects\Polymer_Degradation\Results\RoboChem_debugg_samples_03-09-24_TESTS.rslt
17-03-46_03-09-2024  - INFO - ChromTroller.py - File Monitoring Started.
17-07-23_03-09-2024  - INFO - ct_monitor.py - New File identified by ct_monitor: MV_45min_sample_04.dx
17-07-23_03-09-2024  - INFO - ct_monitor.py - MV_45min_sample_04.dx
17-07-24_03-09-2024  - INFO - ChromTroller.py - New File Found: MV_45min_sample_04.dx
17-07-24_03-09-2024  - INFO - ct_server.py - Response sent to client: MV_45min_sample_04.dx
17-07-24_03-09-2024  - INFO - ChromTroller.py - Command received: run_data_analysis with data: None
17-07-24_03-09-2024  - INFO - ChromTroller.py - Current results directory set to: D:\CDSProjects\Polymer_Degradation\Results\RoboChem_debugg_samples_03-09-24_TESTS.rslt
17-07-24_03-09-2024  - INFO - ct_analyser_simple.py - loaded analysis settings from json
17-07-24_03-09-2024  - INFO - ct_analyser_simple.py - settings object created from analysis json
17-07-24_03-09-2024  - INFO - ct_analyser_simple.py - Analyser Object Initialized Successfully
17-07-26_03-09-2024  - INFO - ChromTroller.py - Identified Peak: {'Peak': 1.727, 'Integral': 658557317.4204496}
17-07-26_03-09-2024  - INFO - ct_server.py - Response sent to client: {'Peak': 1.727, 'Integral': 658557317.4204496}
17-07-26_03-09-2024  - INFO - ct_server.py - Client disconnected at 17:07:26_03-09-2024
17-10-20_03-09-2024  - INFO - ct_server.py - Client connected at 17:10:20_03-09-2024
18-03-21_03-09-2024  - INFO - ChromTroller.py - Command received: new_run_name with data: TEST
18-03-21_03-09-2024  - INFO - ChromTroller.py - New RunLog created: TEST
18-03-21_03-09-2024  - INFO - ChromTroller.py - Command received: set_run_conc with data: 0.1
18-03-21_03-09-2024  - INFO - ChromTroller.py - Command received: add_reagents with data: ['Polystyrene', 0.1, 'tBuOOH', 8, 'NBS', 0.3]
18-03-21_03-09-2024  - INFO - ChromTroller.py - RunLog updated with reagents: ['Polystyrene', 0.1, 'tBuOOH', 8, 'NBS', 0.3]
18-03-21_03-09-2024  - INFO - ChromTroller.py - Command received: add_reaction_conditions with data: {'residence_time': 2700, 'light_intensity': 100}
18-03-21_03-09-2024  - INFO - ChromTroller.py - RunLog updated with conditions: {'residence_time': 2700, 'light_intensity': 100}
18-03-21_03-09-2024  - INFO - ChromTroller.py - Command received: start_hplc_run with data: None
18-03-21_03-09-2024  - INFO - ChromTroller.py - HPLC analysis initiated
18-03-21_03-09-2024  - INFO - ct_controller.py - {'HPLC_analysis': 'INITIATED'}
18-03-21_03-09-2024  - INFO - ct_controller.py - {'hardware_connection_check': {'Arduino': 'SUCCESS', 'Valve': 'SUCCESS', 'Phase_Sensor': 'SUCCESS', 'LCMS': 'SUCCESS'}}
18-03-22_03-09-2024  - INFO - ct_controller.py - {'filling_pos_check': 'SUCCESS'}
18-03-22_03-09-2024  - INFO - ct_controller.py - {'ps_sample_detection': 'BYPASSED'}
18-03-22_03-09-2024  - INFO - ct_controller.py - {'send_start_signal': 'SUCCESS'}
18-03-22_03-09-2024  - INFO - ct_controller.py - {'start_request_acknowledged': 'WAITING'}
18-03-22_03-09-2024  - INFO - ct_controller.py - {'start_request_acknowledged': 'SUCCESS'}
18-03-27_03-09-2024  - INFO - ct_controller.py - {'start_signal': 'WAITING'}
18-03-42_03-09-2024  - INFO - ct_controller.py - {'start_signal': 'SUCCESS'}
18-03-42_03-09-2024  - INFO - ct_controller.py - {'valve_switched_to_load': 'INITIATED'}
18-03-42_03-09-2024  - INFO - ct_controller.py - {'valve_switched_to_load': 'SUCCESS'}
18-03-42_03-09-2024  - INFO - ct_controller.py - {'sample_loading': 'WAITING'}
18-04-07_03-09-2024  - INFO - ct_controller.py - {'sample_loading': 'SUCCESS'}
18-04-08_03-09-2024  - INFO - ct_controller.py - {'valve_returned_to_bypass': 'SUCCESS'}
18-04-08_03-09-2024  - INFO - ct_controller.py - {'analysis_cycle_started': 'SUCCESS'}
18-04-08_03-09-2024  - INFO - ChromTroller.py - HPLC analysis initiation: SUCCESS
18-04-08_03-09-2024  - INFO - ct_server.py - Response sent to client: SUCCESS
18-04-08_03-09-2024  - INFO - ChromTroller.py - Command received: start_file_monitoring with data: None
18-04-08_03-09-2024  - INFO - ChromTroller.py - Current results directory set to: D:\CDSProjects\Polymer_Degradation\Results\RoboChem_debugg_samples_03-09-24_TESTS.rslt
18-04-08_03-09-2024  - INFO - ChromTroller.py - File Monitoring Started.
18-07-44_03-09-2024  - INFO - ct_monitor.py - New File identified by ct_monitor: MV_90min_sample_05.dx
18-07-44_03-09-2024  - INFO - ct_monitor.py - MV_90min_sample_05.dx
18-07-44_03-09-2024  - INFO - ChromTroller.py - New File Found: MV_90min_sample_05.dx
18-07-44_03-09-2024  - INFO - ct_server.py - Response sent to client: MV_90min_sample_05.dx
18-07-44_03-09-2024  - INFO - ChromTroller.py - Command received: run_data_analysis with data: None
18-07-44_03-09-2024  - INFO - ChromTroller.py - Current results directory set to: D:\CDSProjects\Polymer_Degradation\Results\RoboChem_debugg_samples_03-09-24_TESTS.rslt
18-07-44_03-09-2024  - INFO - ct_analyser_simple.py - loaded analysis settings from json
18-07-44_03-09-2024  - INFO - ct_analyser_simple.py - settings object created from analysis json
18-07-44_03-09-2024  - INFO - ct_analyser_simple.py - Analyser Object Initialized Successfully
18-07-46_03-09-2024  - INFO - ChromTroller.py - Identified Peak: {'Peak': 1.729, 'Integral': 847247669.1863135}
18-07-46_03-09-2024  - INFO - ct_server.py - Response sent to client: {'Peak': 1.729, 'Integral': 847247669.1863135}
18-07-46_03-09-2024  - INFO - ct_server.py - Client disconnected at 18:07:46_03-09-2024
